<?xml version="1.0" encoding="ISO-8859-1" ?>
<link_info>
   <banner>TI ARM Linker PC v18.1.0.LTS</banner>
   <copyright>Copyright (c) 1996-2017 Texas Instruments Incorporated</copyright>
   <link_time>0x5aa97a41</link_time>
   <link_errors>0x0</link_errors>
   <output_file>spi_encoder_test.out</output_file>
   <entry_point>
      <name>_c_int00_noargs</name>
      <address>0xc09</address>
   </entry_point>
   <input_file_list>
      <input_file id="fl-2">
         <path>.\</path>
         <kind>object</kind>
         <file>spi_test.obj</file>
         <name>spi_test.obj</name>
      </input_file>
      <input_file id="fl-3">
         <path>.\</path>
         <kind>object</kind>
         <file>tm4c1294ncpdt_startup_ccs.obj</file>
         <name>tm4c1294ncpdt_startup_ccs.obj</name>
      </input_file>
      <input_file id="fl-9">
         <kind>object</kind>
         <file>&lt;internal&gt;</file>
         <name>&lt;internal&gt;</name>
      </input_file>
      <input_file id="fl-bf">
         <path>C:\ti\ccsv7\tools\compiler\ti-cgt-arm_18.1.0.LTS\lib\</path>
         <kind>archive</kind>
         <file>rtsv7M4_T_le_v4SPD16_eabi.lib</file>
         <name>u_divt2.asm.obj</name>
      </input_file>
      <input_file id="fl-c0">
         <path>C:\ti\ccsv7\tools\compiler\ti-cgt-arm_18.1.0.LTS\lib\</path>
         <kind>archive</kind>
         <file>rtsv7M4_T_le_v4SPD16_eabi.lib</file>
         <name>copy_zero_init.c.obj</name>
      </input_file>
      <input_file id="fl-c1">
         <path>C:\ti\ccsv7\tools\compiler\ti-cgt-arm_18.1.0.LTS\lib\</path>
         <kind>archive</kind>
         <file>rtsv7M4_T_le_v4SPD16_eabi.lib</file>
         <name>copy_decompress_none.c.obj</name>
      </input_file>
      <input_file id="fl-c2">
         <path>C:\ti\ccsv7\tools\compiler\ti-cgt-arm_18.1.0.LTS\lib\</path>
         <kind>archive</kind>
         <file>rtsv7M4_T_le_v4SPD16_eabi.lib</file>
         <name>copy_decompress_lzss.c.obj</name>
      </input_file>
      <input_file id="fl-c3">
         <path>C:\ti\ccsv7\tools\compiler\ti-cgt-arm_18.1.0.LTS\lib\</path>
         <kind>archive</kind>
         <file>rtsv7M4_T_le_v4SPD16_eabi.lib</file>
         <name>boot_cortex_m.c.obj</name>
      </input_file>
      <input_file id="fl-c4">
         <path>C:\ti\ccsv7\tools\compiler\ti-cgt-arm_18.1.0.LTS\lib\</path>
         <kind>archive</kind>
         <file>rtsv7M4_T_le_v4SPD16_eabi.lib</file>
         <name>div0.asm.obj</name>
      </input_file>
      <input_file id="fl-c5">
         <path>C:\ti\ccsv7\tools\compiler\ti-cgt-arm_18.1.0.LTS\lib\</path>
         <kind>archive</kind>
         <file>rtsv7M4_T_le_v4SPD16_eabi.lib</file>
         <name>memset_t2.asm.obj</name>
      </input_file>
      <input_file id="fl-c6">
         <path>C:\ti\ccsv7\tools\compiler\ti-cgt-arm_18.1.0.LTS\lib\</path>
         <kind>archive</kind>
         <file>rtsv7M4_T_le_v4SPD16_eabi.lib</file>
         <name>memcpy_t2.asm.obj</name>
      </input_file>
      <input_file id="fl-c7">
         <path>C:\ti\ccsv7\tools\compiler\ti-cgt-arm_18.1.0.LTS\lib\</path>
         <kind>archive</kind>
         <file>rtsv7M4_T_le_v4SPD16_eabi.lib</file>
         <name>autoinit.c.obj</name>
      </input_file>
      <input_file id="fl-c8">
         <path>C:\ti\ccsv7\tools\compiler\ti-cgt-arm_18.1.0.LTS\lib\</path>
         <kind>archive</kind>
         <file>rtsv7M4_T_le_v4SPD16_eabi.lib</file>
         <name>pre_init.c.obj</name>
      </input_file>
      <input_file id="fl-c9">
         <path>C:\ti\ccsv7\tools\compiler\ti-cgt-arm_18.1.0.LTS\lib\</path>
         <kind>archive</kind>
         <file>rtsv7M4_T_le_v4SPD16_eabi.lib</file>
         <name>cpy_tbl.c.obj</name>
      </input_file>
      <input_file id="fl-ca">
         <path>C:\ti\ccsv7\tools\compiler\ti-cgt-arm_18.1.0.LTS\lib\</path>
         <kind>archive</kind>
         <file>rtsv7M4_T_le_v4SPD16_eabi.lib</file>
         <name>exit.c.obj</name>
      </input_file>
      <input_file id="fl-cb">
         <path>C:\ti\ccsv7\tools\compiler\ti-cgt-arm_18.1.0.LTS\lib\</path>
         <kind>archive</kind>
         <file>rtsv7M4_T_le_v4SPD16_eabi.lib</file>
         <name>_lock.c.obj</name>
      </input_file>
      <input_file id="fl-cc">
         <path>C:\ti\ccsv7\tools\compiler\ti-cgt-arm_18.1.0.LTS\lib\</path>
         <kind>archive</kind>
         <file>rtsv7M4_T_le_v4SPD16_eabi.lib</file>
         <name>args_main.c.obj</name>
      </input_file>
      <input_file id="fl-cd">
         <path>C:\ti\TivaWare_C_Series-2.1.3.156\driverlib\ccs\Debug\</path>
         <kind>archive</kind>
         <file>driverlib.lib</file>
         <name>gpio.obj</name>
      </input_file>
      <input_file id="fl-ce">
         <path>C:\ti\TivaWare_C_Series-2.1.3.156\driverlib\ccs\Debug\</path>
         <kind>archive</kind>
         <file>driverlib.lib</file>
         <name>interrupt.obj</name>
      </input_file>
      <input_file id="fl-cf">
         <path>C:\ti\TivaWare_C_Series-2.1.3.156\driverlib\ccs\Debug\</path>
         <kind>archive</kind>
         <file>driverlib.lib</file>
         <name>pwm.obj</name>
      </input_file>
      <input_file id="fl-d0">
         <path>C:\ti\TivaWare_C_Series-2.1.3.156\driverlib\ccs\Debug\</path>
         <kind>archive</kind>
         <file>driverlib.lib</file>
         <name>ssi.obj</name>
      </input_file>
      <input_file id="fl-d1">
         <path>C:\ti\TivaWare_C_Series-2.1.3.156\driverlib\ccs\Debug\</path>
         <kind>archive</kind>
         <file>driverlib.lib</file>
         <name>sysctl.obj</name>
      </input_file>
      <input_file id="fl-d2">
         <path>C:\ti\TivaWare_C_Series-2.1.3.156\driverlib\ccs\Debug\</path>
         <kind>archive</kind>
         <file>driverlib.lib</file>
         <name>uart.obj</name>
      </input_file>
      <input_file id="fl-d3">
         <path>C:\ti\TivaWare_C_Series-2.1.3.156\driverlib\ccs\Debug\</path>
         <kind>archive</kind>
         <file>driverlib.lib</file>
         <name>cpu.obj</name>
      </input_file>
   </input_file_list>
   <object_component_list>
      <object_component id="oc-f">
         <name>.intvecs</name>
         <load_address>0x0</load_address>
         <run_address>0x0</run_address>
         <size>0x208</size>
         <input_file_ref idref="fl-3"/>
      </object_component>
      <object_component id="oc-da">
         <name>.text:SysCtlClockFreqSet</name>
         <load_address>0x208</load_address>
         <run_address>0x208</run_address>
         <size>0x1ec</size>
         <input_file_ref idref="fl-d1"/>
      </object_component>
      <object_component id="oc-19f">
         <name>.text:UARTvprintf</name>
         <load_address>0x3f4</load_address>
         <run_address>0x3f4</run_address>
         <size>0x1ea</size>
         <input_file_ref idref="fl-2"/>
      </object_component>
      <object_component id="oc-30">
         <name>.text:FaultISR</name>
         <load_address>0x5de</load_address>
         <run_address>0x5de</run_address>
         <size>0x2</size>
         <input_file_ref idref="fl-3"/>
      </object_component>
      <object_component id="oc-ad">
         <name>.text:main</name>
         <load_address>0x5e0</load_address>
         <run_address>0x5e0</run_address>
         <size>0x1ac</size>
         <input_file_ref idref="fl-2"/>
      </object_component>
      <object_component id="oc-1b7">
         <name>.text:GPIOPadConfigSet</name>
         <load_address>0x78c</load_address>
         <run_address>0x78c</run_address>
         <size>0x132</size>
         <input_file_ref idref="fl-cd"/>
      </object_component>
      <object_component id="oc-4a">
         <name>.text</name>
         <load_address>0x8be</load_address>
         <run_address>0x8be</run_address>
         <size>0x9c</size>
         <input_file_ref idref="fl-c6"/>
      </object_component>
      <object_component id="oc-12">
         <name>.text:decompress:lzss:__TI_decompress_lzss</name>
         <load_address>0x95a</load_address>
         <run_address>0x95a</run_address>
         <size>0x68</size>
         <input_file_ref idref="fl-c2"/>
      </object_component>
      <object_component id="oc-36">
         <name>.text:IntDefaultHandler</name>
         <load_address>0x9c2</load_address>
         <run_address>0x9c2</run_address>
         <size>0x2</size>
         <input_file_ref idref="fl-3"/>
      </object_component>
      <object_component id="oc-198">
         <name>.text:UARTStdioConfig</name>
         <load_address>0x9c4</load_address>
         <run_address>0x9c4</run_address>
         <size>0x60</size>
         <input_file_ref idref="fl-2"/>
      </object_component>
      <object_component id="oc-e0">
         <name>.text:InitConsole</name>
         <load_address>0xa24</load_address>
         <run_address>0xa24</run_address>
         <size>0x4c</size>
         <input_file_ref idref="fl-2"/>
      </object_component>
      <object_component id="oc-f2">
         <name>.text:GPIOPinConfigure</name>
         <load_address>0xa70</load_address>
         <run_address>0xa70</run_address>
         <size>0x48</size>
         <input_file_ref idref="fl-cd"/>
      </object_component>
      <object_component id="oc-209">
         <name>.text:UARTwrite</name>
         <load_address>0xab8</load_address>
         <run_address>0xab8</run_address>
         <size>0x48</size>
         <input_file_ref idref="fl-2"/>
      </object_component>
      <object_component id="oc-176">
         <name>.text:_SysCtlFrequencyGet</name>
         <load_address>0xb00</load_address>
         <run_address>0xb00</run_address>
         <size>0x48</size>
         <input_file_ref idref="fl-d1"/>
      </object_component>
      <object_component id="oc-13c">
         <name>.text:__TI_auto_init_nobinit_nopinit:__TI_auto_init_nobinit_nopinit</name>
         <load_address>0xb48</load_address>
         <run_address>0xb48</run_address>
         <size>0x44</size>
         <input_file_ref idref="fl-c7"/>
      </object_component>
      <object_component id="oc-20f">
         <name>.text</name>
         <load_address>0xb8c</load_address>
         <run_address>0xb8c</run_address>
         <size>0x40</size>
         <input_file_ref idref="fl-bf"/>
      </object_component>
      <object_component id="oc-10a">
         <name>.text:SSIConfigSetExpClk</name>
         <load_address>0xbcc</load_address>
         <run_address>0xbcc</run_address>
         <size>0x3c</size>
         <input_file_ref idref="fl-d0"/>
      </object_component>
      <object_component id="oc-68">
         <name>.text:_c_int00_noargs:_c_int00_noargs</name>
         <load_address>0xc08</load_address>
         <run_address>0xc08</run_address>
         <size>0x38</size>
         <input_file_ref idref="fl-c3"/>
      </object_component>
      <object_component id="oc-ec">
         <name>.text:SysCtlPeripheralEnable</name>
         <load_address>0xc40</load_address>
         <run_address>0xc40</run_address>
         <size>0x34</size>
         <input_file_ref idref="fl-d1"/>
      </object_component>
      <object_component id="oc-1b1">
         <name>.text:GPIODirModeSet</name>
         <load_address>0xc74</load_address>
         <run_address>0xc74</run_address>
         <size>0x2a</size>
         <input_file_ref idref="fl-cd"/>
      </object_component>
      <object_component id="oc-2a">
         <name>.text:NmiSR</name>
         <load_address>0xc9e</load_address>
         <run_address>0xc9e</run_address>
         <size>0x2</size>
         <input_file_ref idref="fl-3"/>
      </object_component>
      <object_component id="oc-170">
         <name>.text:_SysCtlMemTimingGet</name>
         <load_address>0xca0</load_address>
         <run_address>0xca0</run_address>
         <size>0x20</size>
         <input_file_ref idref="fl-d1"/>
      </object_component>
      <object_component id="oc-e6">
         <name>.text:UARTprintf</name>
         <load_address>0xcc0</load_address>
         <run_address>0xcc0</run_address>
         <size>0x1a</size>
         <input_file_ref idref="fl-2"/>
      </object_component>
      <object_component id="oc-fe">
         <name>.text:GPIOPinTypeGPIOOutput</name>
         <load_address>0xcda</load_address>
         <run_address>0xcda</run_address>
         <size>0x18</size>
         <input_file_ref idref="fl-cd"/>
      </object_component>
      <object_component id="oc-f8">
         <name>.text:GPIOPinTypeSSI</name>
         <load_address>0xcf2</load_address>
         <run_address>0xcf2</run_address>
         <size>0x12</size>
         <input_file_ref idref="fl-cd"/>
      </object_component>
      <object_component id="oc-192">
         <name>.text:GPIOPinTypeUART</name>
         <load_address>0xd04</load_address>
         <run_address>0xd04</run_address>
         <size>0x12</size>
         <input_file_ref idref="fl-cd"/>
      </object_component>
      <object_component id="oc-116">
         <name>.text:SSIDataGetNonBlocking</name>
         <load_address>0xd16</load_address>
         <run_address>0xd16</run_address>
         <size>0x12</size>
         <input_file_ref idref="fl-d0"/>
      </object_component>
      <object_component id="oc-18">
         <name>.text:decompress:none:__TI_decompress_none</name>
         <load_address>0xd28</load_address>
         <run_address>0xd28</run_address>
         <size>0xe</size>
         <input_file_ref idref="fl-c1"/>
      </object_component>
      <object_component id="oc-129">
         <name>.text:SSIDataGet</name>
         <load_address>0xd36</load_address>
         <run_address>0xd36</run_address>
         <size>0xc</size>
         <input_file_ref idref="fl-d0"/>
      </object_component>
      <object_component id="oc-11d">
         <name>.text:SSIDataPut</name>
         <load_address>0xd42</load_address>
         <run_address>0xd42</run_address>
         <size>0xa</size>
         <input_file_ref idref="fl-d0"/>
      </object_component>
      <object_component id="oc-110">
         <name>.text:SSIEnable</name>
         <load_address>0xd4c</load_address>
         <run_address>0xd4c</run_address>
         <size>0xa</size>
         <input_file_ref idref="fl-d0"/>
      </object_component>
      <object_component id="oc-123">
         <name>.text:SSIBusy</name>
         <load_address>0xd56</load_address>
         <run_address>0xd56</run_address>
         <size>0x8</size>
         <input_file_ref idref="fl-d0"/>
      </object_component>
      <object_component id="oc-104">
         <name>.text:GPIOPinWrite</name>
         <load_address>0xd5e</load_address>
         <run_address>0xd5e</run_address>
         <size>0x6</size>
         <input_file_ref idref="fl-cd"/>
      </object_component>
      <object_component id="oc-24">
         <name>.text:ResetISR</name>
         <load_address>0xd64</load_address>
         <run_address>0xd64</run_address>
         <size>0x6</size>
         <input_file_ref idref="fl-3"/>
      </object_component>
      <object_component id="oc-11c">
         <name>.text:SysCtlDelay</name>
         <load_address>0xd6a</load_address>
         <run_address>0xd6a</run_address>
         <size>0x6</size>
         <input_file_ref idref="fl-d1"/>
      </object_component>
      <object_component id="oc-18c">
         <name>.text:UARTClockSourceSet</name>
         <load_address>0xd70</load_address>
         <run_address>0xd70</run_address>
         <size>0x6</size>
         <input_file_ref idref="fl-d2"/>
      </object_component>
      <object_component id="oc-a7">
         <name>.text:_system_pre_init</name>
         <load_address>0xd76</load_address>
         <run_address>0xd76</run_address>
         <size>0x4</size>
         <input_file_ref idref="fl-c8"/>
      </object_component>
      <object_component id="oc-130">
         <name>.text:abort:abort</name>
         <load_address>0xd7a</load_address>
         <run_address>0xd7a</run_address>
         <size>0x4</size>
         <input_file_ref idref="fl-ca"/>
      </object_component>
      <object_component id="oc-24b">
         <name>.text</name>
         <load_address>0xd7e</load_address>
         <run_address>0xd7e</run_address>
         <size>0x2</size>
         <input_file_ref idref="fl-c4"/>
      </object_component>
      <object_component id="oc-17f">
         <name>.const:g_pppui32XTALtoVCO</name>
         <load_address>0xd80</load_address>
         <run_address>0xd80</run_address>
         <size>0x1b0</size>
         <input_file_ref idref="fl-d1"/>
      </object_component>
      <object_component id="oc-1ac">
         <name>.const:g_pui32GPIOBaseAddrs</name>
         <load_address>0xf30</load_address>
         <run_address>0xf30</run_address>
         <size>0x90</size>
         <input_file_ref idref="fl-cd"/>
      </object_component>
      <object_component id="oc-17c">
         <name>.const:g_pui32Xtals</name>
         <load_address>0xfc0</load_address>
         <run_address>0xfc0</run_address>
         <size>0x6c</size>
         <input_file_ref idref="fl-d1"/>
      </object_component>
      <object_component id="oc-1e7">
         <name>.const:g_sXTALtoMEMTIM</name>
         <load_address>0x102c</load_address>
         <run_address>0x102c</run_address>
         <size>0x30</size>
         <input_file_ref idref="fl-d1"/>
      </object_component>
      <object_component id="oc-205">
         <name>.const:g_ui32UARTBase</name>
         <load_address>0x105c</load_address>
         <run_address>0x105c</run_address>
         <size>0xc</size>
         <input_file_ref idref="fl-2"/>
      </object_component>
      <object_component id="oc-1fc">
         <name>.const:g_ui32UARTPeriph</name>
         <load_address>0x1068</load_address>
         <run_address>0x1068</run_address>
         <size>0xc</size>
         <input_file_ref idref="fl-2"/>
      </object_component>
      <object_component id="oc-182">
         <name>.const</name>
         <load_address>0x1074</load_address>
         <run_address>0x1074</run_address>
         <size>0x8</size>
         <input_file_ref idref="fl-d1"/>
      </object_component>
      <object_component id="oc-288">
         <name>__TI_handler_table</name>
         <load_address>0x1080</load_address>
         <run_address>0x1080</run_address>
         <size>0x8</size>
      </object_component>
      <object_component id="oc-28a">
         <name>.cinit..data.load</name>
         <load_address>0x1088</load_address>
         <run_address>0x1088</run_address>
         <size>0x7</size>
      </object_component>
      <object_component id="oc-289">
         <name>__TI_cinit_table</name>
         <load_address>0x1090</load_address>
         <run_address>0x1090</run_address>
         <size>0x8</size>
      </object_component>
      <object_component id="oc-1ff">
         <name>.data</name>
         <load_address>0x20000100</load_address>
         <run_address>0x20000100</run_address>
         <size>0x5</size>
         <input_file_ref idref="fl-2"/>
      </object_component>
      <object_component id="oc-21">
         <name>.stack</name>
         <uninitialized>true</uninitialized>
         <run_address>0x20000000</run_address>
         <size>0x4</size>
         <input_file_ref idref="fl-c3"/>
      </object_component>
      <object_component id="oc-28b">
         <name>.stack</name>
         <uninitialized>true</uninitialized>
         <run_address>0x20000000</run_address>
         <size>0x0</size>
      </object_component>
      <object_component id="oc-c9">
         <name>.debug_info</name>
         <load_address>0x0</load_address>
         <run_address>0x0</run_address>
         <size>0x765</size>
         <input_file_ref idref="fl-2"/>
      </object_component>
      <object_component id="oc-203">
         <name>.debug_info</name>
         <load_address>0x765</load_address>
         <run_address>0x765</run_address>
         <size>0xd4</size>
         <input_file_ref idref="fl-2"/>
      </object_component>
      <object_component id="oc-206">
         <name>.debug_info</name>
         <load_address>0x839</load_address>
         <run_address>0x839</run_address>
         <size>0xdc</size>
         <input_file_ref idref="fl-2"/>
      </object_component>
      <object_component id="oc-1fd">
         <name>.debug_info</name>
         <load_address>0x915</load_address>
         <run_address>0x915</run_address>
         <size>0xe0</size>
         <input_file_ref idref="fl-2"/>
      </object_component>
      <object_component id="oc-199">
         <name>.debug_info</name>
         <load_address>0x9f5</load_address>
         <run_address>0x9f5</run_address>
         <size>0x22e</size>
         <input_file_ref idref="fl-2"/>
      </object_component>
      <object_component id="oc-e1">
         <name>.debug_info</name>
         <load_address>0xc23</load_address>
         <run_address>0xc23</run_address>
         <size>0x1b6</size>
         <input_file_ref idref="fl-2"/>
      </object_component>
      <object_component id="oc-20a">
         <name>.debug_info</name>
         <load_address>0xdd9</load_address>
         <run_address>0xdd9</run_address>
         <size>0x1cb</size>
         <input_file_ref idref="fl-2"/>
      </object_component>
      <object_component id="oc-1a0">
         <name>.debug_info</name>
         <load_address>0xfa4</load_address>
         <run_address>0xfa4</run_address>
         <size>0x2fd</size>
         <input_file_ref idref="fl-2"/>
      </object_component>
      <object_component id="oc-e7">
         <name>.debug_info</name>
         <load_address>0x12a1</load_address>
         <run_address>0x12a1</run_address>
         <size>0x198</size>
         <input_file_ref idref="fl-2"/>
      </object_component>
      <object_component id="oc-ae">
         <name>.debug_info</name>
         <load_address>0x1439</load_address>
         <run_address>0x1439</run_address>
         <size>0x3f0</size>
         <input_file_ref idref="fl-2"/>
      </object_component>
      <object_component id="oc-200">
         <name>.debug_info</name>
         <load_address>0x1829</load_address>
         <run_address>0x1829</run_address>
         <size>0x216</size>
         <input_file_ref idref="fl-2"/>
      </object_component>
      <object_component id="oc-82">
         <name>.debug_info</name>
         <load_address>0x1a3f</load_address>
         <run_address>0x1a3f</run_address>
         <size>0x26b</size>
         <input_file_ref idref="fl-2"/>
      </object_component>
      <object_component id="oc-c4">
         <name>.debug_info</name>
         <load_address>0x1caa</load_address>
         <run_address>0x1caa</run_address>
         <size>0x8b</size>
         <input_file_ref idref="fl-2"/>
      </object_component>
      <object_component id="oc-bf">
         <name>.debug_info</name>
         <load_address>0x1d35</load_address>
         <run_address>0x1d35</run_address>
         <size>0x297</size>
         <input_file_ref idref="fl-2"/>
      </object_component>
      <object_component id="oc-87">
         <name>.debug_info</name>
         <load_address>0x1fcc</load_address>
         <run_address>0x1fcc</run_address>
         <size>0xbb</size>
         <input_file_ref idref="fl-2"/>
      </object_component>
      <object_component id="oc-1a6">
         <name>.debug_info</name>
         <load_address>0x2087</load_address>
         <run_address>0x2087</run_address>
         <size>0x2c</size>
         <input_file_ref idref="fl-2"/>
      </object_component>
      <object_component id="oc-3e">
         <name>.debug_info</name>
         <load_address>0x20b3</load_address>
         <run_address>0x20b3</run_address>
         <size>0x2ab</size>
         <input_file_ref idref="fl-3"/>
      </object_component>
      <object_component id="oc-10">
         <name>.debug_info</name>
         <load_address>0x235e</load_address>
         <run_address>0x235e</run_address>
         <size>0xea</size>
         <input_file_ref idref="fl-3"/>
      </object_component>
      <object_component id="oc-25">
         <name>.debug_info</name>
         <load_address>0x2448</load_address>
         <run_address>0x2448</run_address>
         <size>0x136</size>
         <input_file_ref idref="fl-3"/>
      </object_component>
      <object_component id="oc-2b">
         <name>.debug_info</name>
         <load_address>0x257e</load_address>
         <run_address>0x257e</run_address>
         <size>0x124</size>
         <input_file_ref idref="fl-3"/>
      </object_component>
      <object_component id="oc-37">
         <name>.debug_info</name>
         <load_address>0x26a2</load_address>
         <run_address>0x26a2</run_address>
         <size>0x13f</size>
         <input_file_ref idref="fl-3"/>
      </object_component>
      <object_component id="oc-31">
         <name>.debug_info</name>
         <load_address>0x27e1</load_address>
         <run_address>0x27e1</run_address>
         <size>0x12b</size>
         <input_file_ref idref="fl-3"/>
      </object_component>
      <object_component id="oc-45">
         <name>.debug_info</name>
         <load_address>0x290c</load_address>
         <run_address>0x290c</run_address>
         <size>0x84</size>
         <input_file_ref idref="fl-3"/>
      </object_component>
      <object_component id="oc-210">
         <name>.debug_info</name>
         <load_address>0x2990</load_address>
         <run_address>0x2990</run_address>
         <size>0x13a</size>
         <input_file_ref idref="fl-bf"/>
      </object_component>
      <object_component id="oc-55">
         <name>.debug_info</name>
         <load_address>0x2aca</load_address>
         <run_address>0x2aca</run_address>
         <size>0x29d</size>
         <input_file_ref idref="fl-c1"/>
      </object_component>
      <object_component id="oc-19">
         <name>.debug_info</name>
         <load_address>0x2d67</load_address>
         <run_address>0x2d67</run_address>
         <size>0x1df</size>
         <input_file_ref idref="fl-c1"/>
      </object_component>
      <object_component id="oc-50">
         <name>.debug_info</name>
         <load_address>0x2f46</load_address>
         <run_address>0x2f46</run_address>
         <size>0x46</size>
         <input_file_ref idref="fl-c1"/>
      </object_component>
      <object_component id="oc-93">
         <name>.debug_info</name>
         <load_address>0x2f8c</load_address>
         <run_address>0x2f8c</run_address>
         <size>0x2c</size>
         <input_file_ref idref="fl-c1"/>
      </object_component>
      <object_component id="oc-91">
         <name>.debug_info</name>
         <load_address>0x2fb8</load_address>
         <run_address>0x2fb8</run_address>
         <size>0x293</size>
         <input_file_ref idref="fl-c2"/>
      </object_component>
      <object_component id="oc-14">
         <name>.debug_info</name>
         <load_address>0x324b</load_address>
         <run_address>0x324b</run_address>
         <size>0x245</size>
         <input_file_ref idref="fl-c2"/>
      </object_component>
      <object_component id="oc-40">
         <name>.debug_info</name>
         <load_address>0x3490</load_address>
         <run_address>0x3490</run_address>
         <size>0x60</size>
         <input_file_ref idref="fl-c2"/>
      </object_component>
      <object_component id="oc-ca">
         <name>.debug_info</name>
         <load_address>0x34f0</load_address>
         <run_address>0x34f0</run_address>
         <size>0x46</size>
         <input_file_ref idref="fl-c2"/>
      </object_component>
      <object_component id="oc-8c">
         <name>.debug_info</name>
         <load_address>0x3536</load_address>
         <run_address>0x3536</run_address>
         <size>0x39</size>
         <input_file_ref idref="fl-c2"/>
      </object_component>
      <object_component id="oc-22">
         <name>.debug_info</name>
         <load_address>0x356f</load_address>
         <run_address>0x356f</run_address>
         <size>0x100</size>
         <input_file_ref idref="fl-c3"/>
      </object_component>
      <object_component id="oc-6a">
         <name>.debug_info</name>
         <load_address>0x366f</load_address>
         <run_address>0x366f</run_address>
         <size>0x1a4</size>
         <input_file_ref idref="fl-c3"/>
      </object_component>
      <object_component id="oc-24c">
         <name>.debug_info</name>
         <load_address>0x3813</load_address>
         <run_address>0x3813</run_address>
         <size>0x10d</size>
         <input_file_ref idref="fl-c4"/>
      </object_component>
      <object_component id="oc-4d">
         <name>.debug_info</name>
         <load_address>0x3920</load_address>
         <run_address>0x3920</run_address>
         <size>0x111</size>
         <input_file_ref idref="fl-c6"/>
      </object_component>
      <object_component id="oc-1d2">
         <name>.debug_info</name>
         <load_address>0x3a31</load_address>
         <run_address>0x3a31</run_address>
         <size>0x547</size>
         <input_file_ref idref="fl-c7"/>
      </object_component>
      <object_component id="oc-13f">
         <name>.debug_info</name>
         <load_address>0x3f78</load_address>
         <run_address>0x3f78</run_address>
         <size>0x19b</size>
         <input_file_ref idref="fl-c7"/>
      </object_component>
      <object_component id="oc-22d">
         <name>.debug_info</name>
         <load_address>0x4113</load_address>
         <run_address>0x4113</run_address>
         <size>0x39</size>
         <input_file_ref idref="fl-c7"/>
      </object_component>
      <object_component id="oc-254">
         <name>.debug_info</name>
         <load_address>0x414c</load_address>
         <run_address>0x414c</run_address>
         <size>0x39</size>
         <input_file_ref idref="fl-c7"/>
      </object_component>
      <object_component id="oc-232">
         <name>.debug_info</name>
         <load_address>0x4185</load_address>
         <run_address>0x4185</run_address>
         <size>0x39</size>
         <input_file_ref idref="fl-c7"/>
      </object_component>
      <object_component id="oc-237">
         <name>.debug_info</name>
         <load_address>0x41be</load_address>
         <run_address>0x41be</run_address>
         <size>0xcd</size>
         <input_file_ref idref="fl-c7"/>
      </object_component>
      <object_component id="oc-a8">
         <name>.debug_info</name>
         <load_address>0x428b</load_address>
         <run_address>0x428b</run_address>
         <size>0x148</size>
         <input_file_ref idref="fl-c8"/>
      </object_component>
      <object_component id="oc-132">
         <name>.debug_info</name>
         <load_address>0x43d3</load_address>
         <run_address>0x43d3</run_address>
         <size>0x117</size>
         <input_file_ref idref="fl-ca"/>
      </object_component>
      <object_component id="oc-1b0">
         <name>.debug_info</name>
         <load_address>0x44ea</load_address>
         <run_address>0x44ea</run_address>
         <size>0x230</size>
         <input_file_ref idref="fl-cd"/>
      </object_component>
      <object_component id="oc-1ad">
         <name>.debug_info</name>
         <load_address>0x471a</load_address>
         <run_address>0x471a</run_address>
         <size>0x15b</size>
         <input_file_ref idref="fl-cd"/>
      </object_component>
      <object_component id="oc-105">
         <name>.debug_info</name>
         <load_address>0x4875</load_address>
         <run_address>0x4875</run_address>
         <size>0x2a3</size>
         <input_file_ref idref="fl-cd"/>
      </object_component>
      <object_component id="oc-1b2">
         <name>.debug_info</name>
         <load_address>0x4b18</load_address>
         <run_address>0x4b18</run_address>
         <size>0x2b3</size>
         <input_file_ref idref="fl-cd"/>
      </object_component>
      <object_component id="oc-1ba">
         <name>.debug_info</name>
         <load_address>0x4dcb</load_address>
         <run_address>0x4dcb</run_address>
         <size>0x316</size>
         <input_file_ref idref="fl-cd"/>
      </object_component>
      <object_component id="oc-195">
         <name>.debug_info</name>
         <load_address>0x50e1</load_address>
         <run_address>0x50e1</run_address>
         <size>0x27b</size>
         <input_file_ref idref="fl-cd"/>
      </object_component>
      <object_component id="oc-fb">
         <name>.debug_info</name>
         <load_address>0x535c</load_address>
         <run_address>0x535c</run_address>
         <size>0x279</size>
         <input_file_ref idref="fl-cd"/>
      </object_component>
      <object_component id="oc-101">
         <name>.debug_info</name>
         <load_address>0x55d5</load_address>
         <run_address>0x55d5</run_address>
         <size>0x2b7</size>
         <input_file_ref idref="fl-cd"/>
      </object_component>
      <object_component id="oc-f5">
         <name>.debug_info</name>
         <load_address>0x588c</load_address>
         <run_address>0x588c</run_address>
         <size>0x280</size>
         <input_file_ref idref="fl-cd"/>
      </object_component>
      <object_component id="oc-186">
         <name>.debug_info</name>
         <load_address>0x5b0c</load_address>
         <run_address>0x5b0c</run_address>
         <size>0x18b</size>
         <input_file_ref idref="fl-cd"/>
      </object_component>
      <object_component id="oc-1c1">
         <name>.debug_info</name>
         <load_address>0x5c97</load_address>
         <run_address>0x5c97</run_address>
         <size>0x21c</size>
         <input_file_ref idref="fl-d0"/>
      </object_component>
      <object_component id="oc-114">
         <name>.debug_info</name>
         <load_address>0x5eb3</load_address>
         <run_address>0x5eb3</run_address>
         <size>0x242</size>
         <input_file_ref idref="fl-d0"/>
      </object_component>
      <object_component id="oc-121">
         <name>.debug_info</name>
         <load_address>0x60f5</load_address>
         <run_address>0x60f5</run_address>
         <size>0x276</size>
         <input_file_ref idref="fl-d0"/>
      </object_component>
      <object_component id="oc-11a">
         <name>.debug_info</name>
         <load_address>0x636b</load_address>
         <run_address>0x636b</run_address>
         <size>0x29a</size>
         <input_file_ref idref="fl-d0"/>
      </object_component>
      <object_component id="oc-12d">
         <name>.debug_info</name>
         <load_address>0x6605</load_address>
         <run_address>0x6605</run_address>
         <size>0x27a</size>
         <input_file_ref idref="fl-d0"/>
      </object_component>
      <object_component id="oc-10e">
         <name>.debug_info</name>
         <load_address>0x687f</load_address>
         <run_address>0x687f</run_address>
         <size>0x3d9</size>
         <input_file_ref idref="fl-d0"/>
      </object_component>
      <object_component id="oc-127">
         <name>.debug_info</name>
         <load_address>0x6c58</load_address>
         <run_address>0x6c58</run_address>
         <size>0x242</size>
         <input_file_ref idref="fl-d0"/>
      </object_component>
      <object_component id="oc-18b">
         <name>.debug_info</name>
         <load_address>0x6e9a</load_address>
         <run_address>0x6e9a</run_address>
         <size>0x298</size>
         <input_file_ref idref="fl-d1"/>
      </object_component>
      <object_component id="oc-17d">
         <name>.debug_info</name>
         <load_address>0x7132</load_address>
         <run_address>0x7132</run_address>
         <size>0x14d</size>
         <input_file_ref idref="fl-d1"/>
      </object_component>
      <object_component id="oc-180">
         <name>.debug_info</name>
         <load_address>0x727f</load_address>
         <run_address>0x727f</run_address>
         <size>0x159</size>
         <input_file_ref idref="fl-d1"/>
      </object_component>
      <object_component id="oc-1e8">
         <name>.debug_info</name>
         <load_address>0x73d8</load_address>
         <run_address>0x73d8</run_address>
         <size>0x153</size>
         <input_file_ref idref="fl-d1"/>
      </object_component>
      <object_component id="oc-183">
         <name>.debug_info</name>
         <load_address>0x752b</load_address>
         <run_address>0x752b</run_address>
         <size>0x160</size>
         <input_file_ref idref="fl-d1"/>
      </object_component>
      <object_component id="oc-ee">
         <name>.debug_info</name>
         <load_address>0x768b</load_address>
         <run_address>0x768b</run_address>
         <size>0x27d</size>
         <input_file_ref idref="fl-d1"/>
      </object_component>
      <object_component id="oc-171">
         <name>.debug_info</name>
         <load_address>0x7908</load_address>
         <run_address>0x7908</run_address>
         <size>0x270</size>
         <input_file_ref idref="fl-d1"/>
      </object_component>
      <object_component id="oc-178">
         <name>.debug_info</name>
         <load_address>0x7b78</load_address>
         <run_address>0x7b78</run_address>
         <size>0x2ba</size>
         <input_file_ref idref="fl-d1"/>
      </object_component>
      <object_component id="oc-dc">
         <name>.debug_info</name>
         <load_address>0x7e32</load_address>
         <run_address>0x7e32</run_address>
         <size>0x47f</size>
         <input_file_ref idref="fl-d1"/>
      </object_component>
      <object_component id="oc-1f4">
         <name>.debug_info</name>
         <load_address>0x82b1</load_address>
         <run_address>0x82b1</run_address>
         <size>0x5f</size>
         <input_file_ref idref="fl-d1"/>
      </object_component>
      <object_component id="oc-1fa">
         <name>.debug_info</name>
         <load_address>0x8310</load_address>
         <run_address>0x8310</run_address>
         <size>0x227</size>
         <input_file_ref idref="fl-d2"/>
      </object_component>
      <object_component id="oc-18d">
         <name>.debug_info</name>
         <load_address>0x8537</load_address>
         <run_address>0x8537</run_address>
         <size>0x291</size>
         <input_file_ref idref="fl-d2"/>
      </object_component>
      <object_component id="oc-28c">
         <name>.debug_info</name>
         <load_address>0x87c8</load_address>
         <run_address>0x87c8</run_address>
         <size>0x9f</size>
      </object_component>
      <object_component id="oc-16f">
         <name>.debug_line</name>
         <load_address>0x0</load_address>
         <run_address>0x0</run_address>
         <size>0x12e</size>
         <input_file_ref idref="fl-2"/>
      </object_component>
      <object_component id="oc-247">
         <name>.debug_line</name>
         <load_address>0x12e</load_address>
         <run_address>0x12e</run_address>
         <size>0x57</size>
         <input_file_ref idref="fl-2"/>
      </object_component>
      <object_component id="oc-249">
         <name>.debug_line</name>
         <load_address>0x185</load_address>
         <run_address>0x185</run_address>
         <size>0x57</size>
         <input_file_ref idref="fl-2"/>
      </object_component>
      <object_component id="oc-243">
         <name>.debug_line</name>
         <load_address>0x1dc</load_address>
         <run_address>0x1dc</run_address>
         <size>0x57</size>
         <input_file_ref idref="fl-2"/>
      </object_component>
      <object_component id="oc-19c">
         <name>.debug_line</name>
         <load_address>0x233</load_address>
         <run_address>0x233</run_address>
         <size>0x78</size>
         <input_file_ref idref="fl-2"/>
      </object_component>
      <object_component id="oc-e5">
         <name>.debug_line</name>
         <load_address>0x2ab</load_address>
         <run_address>0x2ab</run_address>
         <size>0x4c</size>
         <input_file_ref idref="fl-2"/>
      </object_component>
      <object_component id="oc-20d">
         <name>.debug_line</name>
         <load_address>0x2f7</load_address>
         <run_address>0x2f7</run_address>
         <size>0x87</size>
         <input_file_ref idref="fl-2"/>
      </object_component>
      <object_component id="oc-1a4">
         <name>.debug_line</name>
         <load_address>0x37e</load_address>
         <run_address>0x37e</run_address>
         <size>0x18c</size>
         <input_file_ref idref="fl-2"/>
      </object_component>
      <object_component id="oc-ea">
         <name>.debug_line</name>
         <load_address>0x50a</load_address>
         <run_address>0x50a</run_address>
         <size>0x6e</size>
         <input_file_ref idref="fl-2"/>
      </object_component>
      <object_component id="oc-b1">
         <name>.debug_line</name>
         <load_address>0x578</load_address>
         <run_address>0x578</run_address>
         <size>0xdf</size>
         <input_file_ref idref="fl-2"/>
      </object_component>
      <object_component id="oc-245">
         <name>.debug_line</name>
         <load_address>0x657</load_address>
         <run_address>0x657</run_address>
         <size>0xb2</size>
         <input_file_ref idref="fl-2"/>
      </object_component>
      <object_component id="oc-85">
         <name>.debug_line</name>
         <load_address>0x709</load_address>
         <run_address>0x709</run_address>
         <size>0x69</size>
         <input_file_ref idref="fl-2"/>
      </object_component>
      <object_component id="oc-c7">
         <name>.debug_line</name>
         <load_address>0x772</load_address>
         <run_address>0x772</run_address>
         <size>0x20</size>
         <input_file_ref idref="fl-2"/>
      </object_component>
      <object_component id="oc-c2">
         <name>.debug_line</name>
         <load_address>0x792</load_address>
         <run_address>0x792</run_address>
         <size>0x6d</size>
         <input_file_ref idref="fl-2"/>
      </object_component>
      <object_component id="oc-8a">
         <name>.debug_line</name>
         <load_address>0x7ff</load_address>
         <run_address>0x7ff</run_address>
         <size>0x6a</size>
         <input_file_ref idref="fl-2"/>
      </object_component>
      <object_component id="oc-1a9">
         <name>.debug_line</name>
         <load_address>0x869</load_address>
         <run_address>0x869</run_address>
         <size>0x65</size>
         <input_file_ref idref="fl-2"/>
      </object_component>
      <object_component id="oc-81">
         <name>.debug_line</name>
         <load_address>0x8ce</load_address>
         <run_address>0x8ce</run_address>
         <size>0x42</size>
         <input_file_ref idref="fl-3"/>
      </object_component>
      <object_component id="oc-3d">
         <name>.debug_line</name>
         <load_address>0x910</load_address>
         <run_address>0x910</run_address>
         <size>0x42</size>
         <input_file_ref idref="fl-3"/>
      </object_component>
      <object_component id="oc-29">
         <name>.debug_line</name>
         <load_address>0x952</load_address>
         <run_address>0x952</run_address>
         <size>0x54</size>
         <input_file_ref idref="fl-3"/>
      </object_component>
      <object_component id="oc-2f">
         <name>.debug_line</name>
         <load_address>0x9a6</load_address>
         <run_address>0x9a6</run_address>
         <size>0x57</size>
         <input_file_ref idref="fl-3"/>
      </object_component>
      <object_component id="oc-3a">
         <name>.debug_line</name>
         <load_address>0x9fd</load_address>
         <run_address>0x9fd</run_address>
         <size>0x57</size>
         <input_file_ref idref="fl-3"/>
      </object_component>
      <object_component id="oc-34">
         <name>.debug_line</name>
         <load_address>0xa54</load_address>
         <run_address>0xa54</run_address>
         <size>0x57</size>
         <input_file_ref idref="fl-3"/>
      </object_component>
      <object_component id="oc-48">
         <name>.debug_line</name>
         <load_address>0xaab</load_address>
         <run_address>0xaab</run_address>
         <size>0x20</size>
         <input_file_ref idref="fl-3"/>
      </object_component>
      <object_component id="oc-213">
         <name>.debug_line</name>
         <load_address>0xacb</load_address>
         <run_address>0xacb</run_address>
         <size>0x5b</size>
         <input_file_ref idref="fl-bf"/>
      </object_component>
      <object_component id="oc-99">
         <name>.debug_line</name>
         <load_address>0xb26</load_address>
         <run_address>0xb26</run_address>
         <size>0x20</size>
         <input_file_ref idref="fl-c1"/>
      </object_component>
      <object_component id="oc-1d">
         <name>.debug_line</name>
         <load_address>0xb46</load_address>
         <run_address>0xb46</run_address>
         <size>0x55</size>
         <input_file_ref idref="fl-c1"/>
      </object_component>
      <object_component id="oc-53">
         <name>.debug_line</name>
         <load_address>0xb9b</load_address>
         <run_address>0xb9b</run_address>
         <size>0x3a</size>
         <input_file_ref idref="fl-c1"/>
      </object_component>
      <object_component id="oc-96">
         <name>.debug_line</name>
         <load_address>0xbd5</load_address>
         <run_address>0xbd5</run_address>
         <size>0x8a</size>
         <input_file_ref idref="fl-c1"/>
      </object_component>
      <object_component id="oc-d0">
         <name>.debug_line</name>
         <load_address>0xc5f</load_address>
         <run_address>0xc5f</run_address>
         <size>0x20</size>
         <input_file_ref idref="fl-c2"/>
      </object_component>
      <object_component id="oc-13">
         <name>.debug_line</name>
         <load_address>0xc7f</load_address>
         <run_address>0xc7f</run_address>
         <size>0xa9</size>
         <input_file_ref idref="fl-c2"/>
      </object_component>
      <object_component id="oc-43">
         <name>.debug_line</name>
         <load_address>0xd28</load_address>
         <run_address>0xd28</run_address>
         <size>0x3a</size>
         <input_file_ref idref="fl-c2"/>
      </object_component>
      <object_component id="oc-cd">
         <name>.debug_line</name>
         <load_address>0xd62</load_address>
         <run_address>0xd62</run_address>
         <size>0x92</size>
         <input_file_ref idref="fl-c2"/>
      </object_component>
      <object_component id="oc-8f">
         <name>.debug_line</name>
         <load_address>0xdf4</load_address>
         <run_address>0xdf4</run_address>
         <size>0x8e</size>
         <input_file_ref idref="fl-c2"/>
      </object_component>
      <object_component id="oc-7b">
         <name>.debug_line</name>
         <load_address>0xe82</load_address>
         <run_address>0xe82</run_address>
         <size>0x33</size>
         <input_file_ref idref="fl-c3"/>
      </object_component>
      <object_component id="oc-69">
         <name>.debug_line</name>
         <load_address>0xeb5</load_address>
         <run_address>0xeb5</run_address>
         <size>0x56</size>
         <input_file_ref idref="fl-c3"/>
      </object_component>
      <object_component id="oc-24f">
         <name>.debug_line</name>
         <load_address>0xf0b</load_address>
         <run_address>0xf0b</run_address>
         <size>0x37</size>
         <input_file_ref idref="fl-c4"/>
      </object_component>
      <object_component id="oc-4c">
         <name>.debug_line</name>
         <load_address>0xf42</load_address>
         <run_address>0xf42</run_address>
         <size>0x88</size>
         <input_file_ref idref="fl-c6"/>
      </object_component>
      <object_component id="oc-22c">
         <name>.debug_line</name>
         <load_address>0xfca</load_address>
         <run_address>0xfca</run_address>
         <size>0xb7</size>
         <input_file_ref idref="fl-c7"/>
      </object_component>
      <object_component id="oc-13e">
         <name>.debug_line</name>
         <load_address>0x1081</load_address>
         <run_address>0x1081</run_address>
         <size>0x6c</size>
         <input_file_ref idref="fl-c7"/>
      </object_component>
      <object_component id="oc-230">
         <name>.debug_line</name>
         <load_address>0x10ed</load_address>
         <run_address>0x10ed</run_address>
         <size>0x2e</size>
         <input_file_ref idref="fl-c7"/>
      </object_component>
      <object_component id="oc-257">
         <name>.debug_line</name>
         <load_address>0x111b</load_address>
         <run_address>0x111b</run_address>
         <size>0x92</size>
         <input_file_ref idref="fl-c7"/>
      </object_component>
      <object_component id="oc-235">
         <name>.debug_line</name>
         <load_address>0x11ad</load_address>
         <run_address>0x11ad</run_address>
         <size>0x8f</size>
         <input_file_ref idref="fl-c7"/>
      </object_component>
      <object_component id="oc-23a">
         <name>.debug_line</name>
         <load_address>0x123c</load_address>
         <run_address>0x123c</run_address>
         <size>0x8b</size>
         <input_file_ref idref="fl-c7"/>
      </object_component>
      <object_component id="oc-ab">
         <name>.debug_line</name>
         <load_address>0x12c7</load_address>
         <run_address>0x12c7</run_address>
         <size>0x40</size>
         <input_file_ref idref="fl-c8"/>
      </object_component>
      <object_component id="oc-135">
         <name>.debug_line</name>
         <load_address>0x1307</load_address>
         <run_address>0x1307</run_address>
         <size>0x3c</size>
         <input_file_ref idref="fl-ca"/>
      </object_component>
      <object_component id="oc-218">
         <name>.debug_line</name>
         <load_address>0x1343</load_address>
         <run_address>0x1343</run_address>
         <size>0x82</size>
         <input_file_ref idref="fl-cd"/>
      </object_component>
      <object_component id="oc-216">
         <name>.debug_line</name>
         <load_address>0x13c5</load_address>
         <run_address>0x13c5</run_address>
         <size>0x7d</size>
         <input_file_ref idref="fl-cd"/>
      </object_component>
      <object_component id="oc-108">
         <name>.debug_line</name>
         <load_address>0x1442</load_address>
         <run_address>0x1442</run_address>
         <size>0x92</size>
         <input_file_ref idref="fl-cd"/>
      </object_component>
      <object_component id="oc-1b5">
         <name>.debug_line</name>
         <load_address>0x14d4</load_address>
         <run_address>0x14d4</run_address>
         <size>0x95</size>
         <input_file_ref idref="fl-cd"/>
      </object_component>
      <object_component id="oc-1b8">
         <name>.debug_line</name>
         <load_address>0x1569</load_address>
         <run_address>0x1569</run_address>
         <size>0xd1</size>
         <input_file_ref idref="fl-cd"/>
      </object_component>
      <object_component id="oc-193">
         <name>.debug_line</name>
         <load_address>0x163a</load_address>
         <run_address>0x163a</run_address>
         <size>0x93</size>
         <input_file_ref idref="fl-cd"/>
      </object_component>
      <object_component id="oc-f9">
         <name>.debug_line</name>
         <load_address>0x16cd</load_address>
         <run_address>0x16cd</run_address>
         <size>0x93</size>
         <input_file_ref idref="fl-cd"/>
      </object_component>
      <object_component id="oc-ff">
         <name>.debug_line</name>
         <load_address>0x1760</load_address>
         <run_address>0x1760</run_address>
         <size>0x99</size>
         <input_file_ref idref="fl-cd"/>
      </object_component>
      <object_component id="oc-f3">
         <name>.debug_line</name>
         <load_address>0x17f9</load_address>
         <run_address>0x17f9</run_address>
         <size>0xa7</size>
         <input_file_ref idref="fl-cd"/>
      </object_component>
      <object_component id="oc-189">
         <name>.debug_line</name>
         <load_address>0x18a0</load_address>
         <run_address>0x18a0</run_address>
         <size>0x69</size>
         <input_file_ref idref="fl-cd"/>
      </object_component>
      <object_component id="oc-21c">
         <name>.debug_line</name>
         <load_address>0x1909</load_address>
         <run_address>0x1909</run_address>
         <size>0x82</size>
         <input_file_ref idref="fl-d0"/>
      </object_component>
      <object_component id="oc-111">
         <name>.debug_line</name>
         <load_address>0x198b</load_address>
         <run_address>0x198b</run_address>
         <size>0x91</size>
         <input_file_ref idref="fl-d0"/>
      </object_component>
      <object_component id="oc-11e">
         <name>.debug_line</name>
         <load_address>0x1a1c</load_address>
         <run_address>0x1a1c</run_address>
         <size>0x94</size>
         <input_file_ref idref="fl-d0"/>
      </object_component>
      <object_component id="oc-117">
         <name>.debug_line</name>
         <load_address>0x1ab0</load_address>
         <run_address>0x1ab0</run_address>
         <size>0x97</size>
         <input_file_ref idref="fl-d0"/>
      </object_component>
      <object_component id="oc-12a">
         <name>.debug_line</name>
         <load_address>0x1b47</load_address>
         <run_address>0x1b47</run_address>
         <size>0x94</size>
         <input_file_ref idref="fl-d0"/>
      </object_component>
      <object_component id="oc-10b">
         <name>.debug_line</name>
         <load_address>0x1bdb</load_address>
         <run_address>0x1bdb</run_address>
         <size>0xa3</size>
         <input_file_ref idref="fl-d0"/>
      </object_component>
      <object_component id="oc-124">
         <name>.debug_line</name>
         <load_address>0x1c7e</load_address>
         <run_address>0x1c7e</run_address>
         <size>0x91</size>
         <input_file_ref idref="fl-d0"/>
      </object_component>
      <object_component id="oc-1f3">
         <name>.debug_line</name>
         <load_address>0x1d0f</load_address>
         <run_address>0x1d0f</run_address>
         <size>0x13d</size>
         <input_file_ref idref="fl-d1"/>
      </object_component>
      <object_component id="oc-1ed">
         <name>.debug_line</name>
         <load_address>0x1e4c</load_address>
         <run_address>0x1e4c</run_address>
         <size>0x7f</size>
         <input_file_ref idref="fl-d1"/>
      </object_component>
      <object_component id="oc-1ef">
         <name>.debug_line</name>
         <load_address>0x1ecb</load_address>
         <run_address>0x1ecb</run_address>
         <size>0x7f</size>
         <input_file_ref idref="fl-d1"/>
      </object_component>
      <object_component id="oc-23f">
         <name>.debug_line</name>
         <load_address>0x1f4a</load_address>
         <run_address>0x1f4a</run_address>
         <size>0x7f</size>
         <input_file_ref idref="fl-d1"/>
      </object_component>
      <object_component id="oc-1f1">
         <name>.debug_line</name>
         <load_address>0x1fc9</load_address>
         <run_address>0x1fc9</run_address>
         <size>0x7f</size>
         <input_file_ref idref="fl-d1"/>
      </object_component>
      <object_component id="oc-f0">
         <name>.debug_line</name>
         <load_address>0x2048</load_address>
         <run_address>0x2048</run_address>
         <size>0x94</size>
         <input_file_ref idref="fl-d1"/>
      </object_component>
      <object_component id="oc-174">
         <name>.debug_line</name>
         <load_address>0x20dc</load_address>
         <run_address>0x20dc</run_address>
         <size>0x9e</size>
         <input_file_ref idref="fl-d1"/>
      </object_component>
      <object_component id="oc-17b">
         <name>.debug_line</name>
         <load_address>0x217a</load_address>
         <run_address>0x217a</run_address>
         <size>0xb0</size>
         <input_file_ref idref="fl-d1"/>
      </object_component>
      <object_component id="oc-df">
         <name>.debug_line</name>
         <load_address>0x222a</load_address>
         <run_address>0x222a</run_address>
         <size>0x176</size>
         <input_file_ref idref="fl-d1"/>
      </object_component>
      <object_component id="oc-1f7">
         <name>.debug_line</name>
         <load_address>0x23a0</load_address>
         <run_address>0x23a0</run_address>
         <size>0x7f</size>
         <input_file_ref idref="fl-d1"/>
      </object_component>
      <object_component id="oc-241">
         <name>.debug_line</name>
         <load_address>0x241f</load_address>
         <run_address>0x241f</run_address>
         <size>0x82</size>
         <input_file_ref idref="fl-d2"/>
      </object_component>
      <object_component id="oc-190">
         <name>.debug_line</name>
         <load_address>0x24a1</load_address>
         <run_address>0x24a1</run_address>
         <size>0x92</size>
         <input_file_ref idref="fl-d2"/>
      </object_component>
      <object_component id="oc-19d">
         <name>.debug_frame</name>
         <load_address>0x0</load_address>
         <run_address>0x0</run_address>
         <size>0x64</size>
         <input_file_ref idref="fl-2"/>
      </object_component>
      <object_component id="oc-e4">
         <name>.debug_frame</name>
         <load_address>0x64</load_address>
         <run_address>0x64</run_address>
         <size>0x58</size>
         <input_file_ref idref="fl-2"/>
      </object_component>
      <object_component id="oc-20e">
         <name>.debug_frame</name>
         <load_address>0xbc</load_address>
         <run_address>0xbc</run_address>
         <size>0x60</size>
         <input_file_ref idref="fl-2"/>
      </object_component>
      <object_component id="oc-1a3">
         <name>.debug_frame</name>
         <load_address>0x11c</load_address>
         <run_address>0x11c</run_address>
         <size>0x6c</size>
         <input_file_ref idref="fl-2"/>
      </object_component>
      <object_component id="oc-eb">
         <name>.debug_frame</name>
         <load_address>0x188</load_address>
         <run_address>0x188</run_address>
         <size>0x6c</size>
         <input_file_ref idref="fl-2"/>
      </object_component>
      <object_component id="oc-b2">
         <name>.debug_frame</name>
         <load_address>0x1f4</load_address>
         <run_address>0x1f4</run_address>
         <size>0x68</size>
         <input_file_ref idref="fl-2"/>
      </object_component>
      <object_component id="oc-28">
         <name>.debug_frame</name>
         <load_address>0x25c</load_address>
         <run_address>0x25c</run_address>
         <size>0x54</size>
         <input_file_ref idref="fl-3"/>
      </object_component>
      <object_component id="oc-2e">
         <name>.debug_frame</name>
         <load_address>0x2b0</load_address>
         <run_address>0x2b0</run_address>
         <size>0x54</size>
         <input_file_ref idref="fl-3"/>
      </object_component>
      <object_component id="oc-3b">
         <name>.debug_frame</name>
         <load_address>0x304</load_address>
         <run_address>0x304</run_address>
         <size>0x54</size>
         <input_file_ref idref="fl-3"/>
      </object_component>
      <object_component id="oc-35">
         <name>.debug_frame</name>
         <load_address>0x358</load_address>
         <run_address>0x358</run_address>
         <size>0x54</size>
         <input_file_ref idref="fl-3"/>
      </object_component>
      <object_component id="oc-1c">
         <name>.debug_frame</name>
         <load_address>0x3ac</load_address>
         <run_address>0x3ac</run_address>
         <size>0x54</size>
         <input_file_ref idref="fl-c1"/>
      </object_component>
      <object_component id="oc-17">
         <name>.debug_frame</name>
         <load_address>0x400</load_address>
         <run_address>0x400</run_address>
         <size>0x60</size>
         <input_file_ref idref="fl-c2"/>
      </object_component>
      <object_component id="oc-6d">
         <name>.debug_frame</name>
         <load_address>0x460</load_address>
         <run_address>0x460</run_address>
         <size>0x58</size>
         <input_file_ref idref="fl-c3"/>
      </object_component>
      <object_component id="oc-13d">
         <name>.debug_frame</name>
         <load_address>0x4b8</load_address>
         <run_address>0x4b8</run_address>
         <size>0x5c</size>
         <input_file_ref idref="fl-c7"/>
      </object_component>
      <object_component id="oc-ac">
         <name>.debug_frame</name>
         <load_address>0x514</load_address>
         <run_address>0x514</run_address>
         <size>0x54</size>
         <input_file_ref idref="fl-c8"/>
      </object_component>
      <object_component id="oc-131">
         <name>.debug_frame</name>
         <load_address>0x568</load_address>
         <run_address>0x568</run_address>
         <size>0x54</size>
         <input_file_ref idref="fl-ca"/>
      </object_component>
      <object_component id="oc-109">
         <name>.debug_frame</name>
         <load_address>0x5bc</load_address>
         <run_address>0x5bc</run_address>
         <size>0x7f</size>
         <input_file_ref idref="fl-cd"/>
      </object_component>
      <object_component id="oc-1b6">
         <name>.debug_frame</name>
         <load_address>0x63b</load_address>
         <run_address>0x63b</run_address>
         <size>0x7f</size>
         <input_file_ref idref="fl-cd"/>
      </object_component>
      <object_component id="oc-1b9">
         <name>.debug_frame</name>
         <load_address>0x6ba</load_address>
         <run_address>0x6ba</run_address>
         <size>0x8f</size>
         <input_file_ref idref="fl-cd"/>
      </object_component>
      <object_component id="oc-194">
         <name>.debug_frame</name>
         <load_address>0x749</load_address>
         <run_address>0x749</run_address>
         <size>0x86</size>
         <input_file_ref idref="fl-cd"/>
      </object_component>
      <object_component id="oc-fa">
         <name>.debug_frame</name>
         <load_address>0x7cf</load_address>
         <run_address>0x7cf</run_address>
         <size>0x86</size>
         <input_file_ref idref="fl-cd"/>
      </object_component>
      <object_component id="oc-100">
         <name>.debug_frame</name>
         <load_address>0x855</load_address>
         <run_address>0x855</run_address>
         <size>0x8a</size>
         <input_file_ref idref="fl-cd"/>
      </object_component>
      <object_component id="oc-f4">
         <name>.debug_frame</name>
         <load_address>0x8df</load_address>
         <run_address>0x8df</run_address>
         <size>0x86</size>
         <input_file_ref idref="fl-cd"/>
      </object_component>
      <object_component id="oc-112">
         <name>.debug_frame</name>
         <load_address>0x965</load_address>
         <run_address>0x965</run_address>
         <size>0x7f</size>
         <input_file_ref idref="fl-d0"/>
      </object_component>
      <object_component id="oc-11f">
         <name>.debug_frame</name>
         <load_address>0x9e4</load_address>
         <run_address>0x9e4</run_address>
         <size>0x7f</size>
         <input_file_ref idref="fl-d0"/>
      </object_component>
      <object_component id="oc-118">
         <name>.debug_frame</name>
         <load_address>0xa63</load_address>
         <run_address>0xa63</run_address>
         <size>0x83</size>
         <input_file_ref idref="fl-d0"/>
      </object_component>
      <object_component id="oc-12b">
         <name>.debug_frame</name>
         <load_address>0xae6</load_address>
         <run_address>0xae6</run_address>
         <size>0x7f</size>
         <input_file_ref idref="fl-d0"/>
      </object_component>
      <object_component id="oc-10c">
         <name>.debug_frame</name>
         <load_address>0xb65</load_address>
         <run_address>0xb65</run_address>
         <size>0x86</size>
         <input_file_ref idref="fl-d0"/>
      </object_component>
      <object_component id="oc-125">
         <name>.debug_frame</name>
         <load_address>0xbeb</load_address>
         <run_address>0xbeb</run_address>
         <size>0x7f</size>
         <input_file_ref idref="fl-d0"/>
      </object_component>
      <object_component id="oc-f1">
         <name>.debug_frame</name>
         <load_address>0xc6a</load_address>
         <run_address>0xc6a</run_address>
         <size>0x7f</size>
         <input_file_ref idref="fl-d1"/>
      </object_component>
      <object_component id="oc-175">
         <name>.debug_frame</name>
         <load_address>0xce9</load_address>
         <run_address>0xce9</run_address>
         <size>0x7f</size>
         <input_file_ref idref="fl-d1"/>
      </object_component>
      <object_component id="oc-177">
         <name>.debug_frame</name>
         <load_address>0xd68</load_address>
         <run_address>0xd68</run_address>
         <size>0x8a</size>
         <input_file_ref idref="fl-d1"/>
      </object_component>
      <object_component id="oc-db">
         <name>.debug_frame</name>
         <load_address>0xdf2</load_address>
         <run_address>0xdf2</run_address>
         <size>0x98</size>
         <input_file_ref idref="fl-d1"/>
      </object_component>
      <object_component id="oc-191">
         <name>.debug_frame</name>
         <load_address>0xe8a</load_address>
         <run_address>0xe8a</run_address>
         <size>0x7f</size>
         <input_file_ref idref="fl-d2"/>
      </object_component>
      <object_component id="oc-16e">
         <name>.debug_abbrev</name>
         <load_address>0x0</load_address>
         <run_address>0x0</run_address>
         <size>0xd0</size>
         <input_file_ref idref="fl-2"/>
      </object_component>
      <object_component id="oc-246">
         <name>.debug_abbrev</name>
         <load_address>0xd0</load_address>
         <run_address>0xd0</run_address>
         <size>0x27</size>
         <input_file_ref idref="fl-2"/>
      </object_component>
      <object_component id="oc-248">
         <name>.debug_abbrev</name>
         <load_address>0xf7</load_address>
         <run_address>0xf7</run_address>
         <size>0x27</size>
         <input_file_ref idref="fl-2"/>
      </object_component>
      <object_component id="oc-242">
         <name>.debug_abbrev</name>
         <load_address>0x11e</load_address>
         <run_address>0x11e</run_address>
         <size>0x27</size>
         <input_file_ref idref="fl-2"/>
      </object_component>
      <object_component id="oc-208">
         <name>.debug_abbrev</name>
         <load_address>0x145</load_address>
         <run_address>0x145</run_address>
         <size>0x7b</size>
         <input_file_ref idref="fl-2"/>
      </object_component>
      <object_component id="oc-19e">
         <name>.debug_abbrev</name>
         <load_address>0x1c0</load_address>
         <run_address>0x1c0</run_address>
         <size>0x5e</size>
         <input_file_ref idref="fl-2"/>
      </object_component>
      <object_component id="oc-24a">
         <name>.debug_abbrev</name>
         <load_address>0x21e</load_address>
         <run_address>0x21e</run_address>
         <size>0x7d</size>
         <input_file_ref idref="fl-2"/>
      </object_component>
      <object_component id="oc-214">
         <name>.debug_abbrev</name>
         <load_address>0x29b</load_address>
         <run_address>0x29b</run_address>
         <size>0x7a</size>
         <input_file_ref idref="fl-2"/>
      </object_component>
      <object_component id="oc-1a5">
         <name>.debug_abbrev</name>
         <load_address>0x315</load_address>
         <run_address>0x315</run_address>
         <size>0x7f</size>
         <input_file_ref idref="fl-2"/>
      </object_component>
      <object_component id="oc-12f">
         <name>.debug_abbrev</name>
         <load_address>0x394</load_address>
         <run_address>0x394</run_address>
         <size>0x6e</size>
         <input_file_ref idref="fl-2"/>
      </object_component>
      <object_component id="oc-244">
         <name>.debug_abbrev</name>
         <load_address>0x402</load_address>
         <run_address>0x402</run_address>
         <size>0x8b</size>
         <input_file_ref idref="fl-2"/>
      </object_component>
      <object_component id="oc-84">
         <name>.debug_abbrev</name>
         <load_address>0x48d</load_address>
         <run_address>0x48d</run_address>
         <size>0x69</size>
         <input_file_ref idref="fl-2"/>
      </object_component>
      <object_component id="oc-c6">
         <name>.debug_abbrev</name>
         <load_address>0x4f6</load_address>
         <run_address>0x4f6</run_address>
         <size>0x1f</size>
         <input_file_ref idref="fl-2"/>
      </object_component>
      <object_component id="oc-c1">
         <name>.debug_abbrev</name>
         <load_address>0x515</load_address>
         <run_address>0x515</run_address>
         <size>0x5c</size>
         <input_file_ref idref="fl-2"/>
      </object_component>
      <object_component id="oc-89">
         <name>.debug_abbrev</name>
         <load_address>0x571</load_address>
         <run_address>0x571</run_address>
         <size>0x24</size>
         <input_file_ref idref="fl-2"/>
      </object_component>
      <object_component id="oc-1a8">
         <name>.debug_abbrev</name>
         <load_address>0x595</load_address>
         <run_address>0x595</run_address>
         <size>0x24</size>
         <input_file_ref idref="fl-2"/>
      </object_component>
      <object_component id="oc-80">
         <name>.debug_abbrev</name>
         <load_address>0x5b9</load_address>
         <run_address>0x5b9</run_address>
         <size>0x68</size>
         <input_file_ref idref="fl-3"/>
      </object_component>
      <object_component id="oc-3c">
         <name>.debug_abbrev</name>
         <load_address>0x621</load_address>
         <run_address>0x621</run_address>
         <size>0x29</size>
         <input_file_ref idref="fl-3"/>
      </object_component>
      <object_component id="oc-7c">
         <name>.debug_abbrev</name>
         <load_address>0x64a</load_address>
         <run_address>0x64a</run_address>
         <size>0x50</size>
         <input_file_ref idref="fl-3"/>
      </object_component>
      <object_component id="oc-7d">
         <name>.debug_abbrev</name>
         <load_address>0x69a</load_address>
         <run_address>0x69a</run_address>
         <size>0x40</size>
         <input_file_ref idref="fl-3"/>
      </object_component>
      <object_component id="oc-7f">
         <name>.debug_abbrev</name>
         <load_address>0x6da</load_address>
         <run_address>0x6da</run_address>
         <size>0x40</size>
         <input_file_ref idref="fl-3"/>
      </object_component>
      <object_component id="oc-7e">
         <name>.debug_abbrev</name>
         <load_address>0x71a</load_address>
         <run_address>0x71a</run_address>
         <size>0x40</size>
         <input_file_ref idref="fl-3"/>
      </object_component>
      <object_component id="oc-47">
         <name>.debug_abbrev</name>
         <load_address>0x75a</load_address>
         <run_address>0x75a</run_address>
         <size>0x1f</size>
         <input_file_ref idref="fl-3"/>
      </object_component>
      <object_component id="oc-250">
         <name>.debug_abbrev</name>
         <load_address>0x779</load_address>
         <run_address>0x779</run_address>
         <size>0x4a</size>
         <input_file_ref idref="fl-bf"/>
      </object_component>
      <object_component id="oc-98">
         <name>.debug_abbrev</name>
         <load_address>0x7c3</load_address>
         <run_address>0x7c3</run_address>
         <size>0x37</size>
         <input_file_ref idref="fl-c1"/>
      </object_component>
      <object_component id="oc-4f">
         <name>.debug_abbrev</name>
         <load_address>0x7fa</load_address>
         <run_address>0x7fa</run_address>
         <size>0x74</size>
         <input_file_ref idref="fl-c1"/>
      </object_component>
      <object_component id="oc-52">
         <name>.debug_abbrev</name>
         <load_address>0x86e</load_address>
         <run_address>0x86e</run_address>
         <size>0x24</size>
         <input_file_ref idref="fl-c1"/>
      </object_component>
      <object_component id="oc-95">
         <name>.debug_abbrev</name>
         <load_address>0x892</load_address>
         <run_address>0x892</run_address>
         <size>0x24</size>
         <input_file_ref idref="fl-c1"/>
      </object_component>
      <object_component id="oc-cf">
         <name>.debug_abbrev</name>
         <load_address>0x8b6</load_address>
         <run_address>0x8b6</run_address>
         <size>0x37</size>
         <input_file_ref idref="fl-c2"/>
      </object_component>
      <object_component id="oc-3f">
         <name>.debug_abbrev</name>
         <load_address>0x8ed</load_address>
         <run_address>0x8ed</run_address>
         <size>0x6f</size>
         <input_file_ref idref="fl-c2"/>
      </object_component>
      <object_component id="oc-42">
         <name>.debug_abbrev</name>
         <load_address>0x95c</load_address>
         <run_address>0x95c</run_address>
         <size>0x24</size>
         <input_file_ref idref="fl-c2"/>
      </object_component>
      <object_component id="oc-cc">
         <name>.debug_abbrev</name>
         <load_address>0x980</load_address>
         <run_address>0x980</run_address>
         <size>0x35</size>
         <input_file_ref idref="fl-c2"/>
      </object_component>
      <object_component id="oc-8e">
         <name>.debug_abbrev</name>
         <load_address>0x9b5</load_address>
         <run_address>0x9b5</run_address>
         <size>0x24</size>
         <input_file_ref idref="fl-c2"/>
      </object_component>
      <object_component id="oc-7a">
         <name>.debug_abbrev</name>
         <load_address>0x9d9</load_address>
         <run_address>0x9d9</run_address>
         <size>0x29</size>
         <input_file_ref idref="fl-c3"/>
      </object_component>
      <object_component id="oc-b6">
         <name>.debug_abbrev</name>
         <load_address>0xa02</load_address>
         <run_address>0xa02</run_address>
         <size>0x61</size>
         <input_file_ref idref="fl-c3"/>
      </object_component>
      <object_component id="oc-260">
         <name>.debug_abbrev</name>
         <load_address>0xa63</load_address>
         <run_address>0xa63</run_address>
         <size>0x38</size>
         <input_file_ref idref="fl-c4"/>
      </object_component>
      <object_component id="oc-92">
         <name>.debug_abbrev</name>
         <load_address>0xa9b</load_address>
         <run_address>0xa9b</run_address>
         <size>0x3e</size>
         <input_file_ref idref="fl-c6"/>
      </object_component>
      <object_component id="oc-22b">
         <name>.debug_abbrev</name>
         <load_address>0xad9</load_address>
         <run_address>0xad9</run_address>
         <size>0xdb</size>
         <input_file_ref idref="fl-c7"/>
      </object_component>
      <object_component id="oc-1d1">
         <name>.debug_abbrev</name>
         <load_address>0xbb4</load_address>
         <run_address>0xbb4</run_address>
         <size>0x7e</size>
         <input_file_ref idref="fl-c7"/>
      </object_component>
      <object_component id="oc-22f">
         <name>.debug_abbrev</name>
         <load_address>0xc32</load_address>
         <run_address>0xc32</run_address>
         <size>0x24</size>
         <input_file_ref idref="fl-c7"/>
      </object_component>
      <object_component id="oc-256">
         <name>.debug_abbrev</name>
         <load_address>0xc56</load_address>
         <run_address>0xc56</run_address>
         <size>0x24</size>
         <input_file_ref idref="fl-c7"/>
      </object_component>
      <object_component id="oc-234">
         <name>.debug_abbrev</name>
         <load_address>0xc7a</load_address>
         <run_address>0xc7a</run_address>
         <size>0x24</size>
         <input_file_ref idref="fl-c7"/>
      </object_component>
      <object_component id="oc-239">
         <name>.debug_abbrev</name>
         <load_address>0xc9e</load_address>
         <run_address>0xc9e</run_address>
         <size>0x4b</size>
         <input_file_ref idref="fl-c7"/>
      </object_component>
      <object_component id="oc-d9">
         <name>.debug_abbrev</name>
         <load_address>0xce9</load_address>
         <run_address>0xce9</run_address>
         <size>0x55</size>
         <input_file_ref idref="fl-c8"/>
      </object_component>
      <object_component id="oc-1c7">
         <name>.debug_abbrev</name>
         <load_address>0xd3e</load_address>
         <run_address>0xd3e</run_address>
         <size>0x45</size>
         <input_file_ref idref="fl-ca"/>
      </object_component>
      <object_component id="oc-217">
         <name>.debug_abbrev</name>
         <load_address>0xd83</load_address>
         <run_address>0xd83</run_address>
         <size>0x72</size>
         <input_file_ref idref="fl-cd"/>
      </object_component>
      <object_component id="oc-215">
         <name>.debug_abbrev</name>
         <load_address>0xdf5</load_address>
         <run_address>0xdf5</run_address>
         <size>0x27</size>
         <input_file_ref idref="fl-cd"/>
      </object_component>
      <object_component id="oc-1bf">
         <name>.debug_abbrev</name>
         <load_address>0xe1c</load_address>
         <run_address>0xe1c</run_address>
         <size>0x6c</size>
         <input_file_ref idref="fl-cd"/>
      </object_component>
      <object_component id="oc-219">
         <name>.debug_abbrev</name>
         <load_address>0xe88</load_address>
         <run_address>0xe88</run_address>
         <size>0x6c</size>
         <input_file_ref idref="fl-cd"/>
      </object_component>
      <object_component id="oc-21a">
         <name>.debug_abbrev</name>
         <load_address>0xef4</load_address>
         <run_address>0xef4</run_address>
         <size>0x6c</size>
         <input_file_ref idref="fl-cd"/>
      </object_component>
      <object_component id="oc-1fb">
         <name>.debug_abbrev</name>
         <load_address>0xf60</load_address>
         <run_address>0xf60</run_address>
         <size>0x6c</size>
         <input_file_ref idref="fl-cd"/>
      </object_component>
      <object_component id="oc-1bd">
         <name>.debug_abbrev</name>
         <load_address>0xfcc</load_address>
         <run_address>0xfcc</run_address>
         <size>0x6c</size>
         <input_file_ref idref="fl-cd"/>
      </object_component>
      <object_component id="oc-1be">
         <name>.debug_abbrev</name>
         <load_address>0x1038</load_address>
         <run_address>0x1038</run_address>
         <size>0x7a</size>
         <input_file_ref idref="fl-cd"/>
      </object_component>
      <object_component id="oc-1af">
         <name>.debug_abbrev</name>
         <load_address>0x10b2</load_address>
         <run_address>0x10b2</run_address>
         <size>0x6c</size>
         <input_file_ref idref="fl-cd"/>
      </object_component>
      <object_component id="oc-188">
         <name>.debug_abbrev</name>
         <load_address>0x111e</load_address>
         <run_address>0x111e</run_address>
         <size>0x35</size>
         <input_file_ref idref="fl-cd"/>
      </object_component>
      <object_component id="oc-21b">
         <name>.debug_abbrev</name>
         <load_address>0x1153</load_address>
         <run_address>0x1153</run_address>
         <size>0x72</size>
         <input_file_ref idref="fl-d0"/>
      </object_component>
      <object_component id="oc-1c2">
         <name>.debug_abbrev</name>
         <load_address>0x11c5</load_address>
         <run_address>0x11c5</run_address>
         <size>0x6c</size>
         <input_file_ref idref="fl-d0"/>
      </object_component>
      <object_component id="oc-1c4">
         <name>.debug_abbrev</name>
         <load_address>0x1231</load_address>
         <run_address>0x1231</run_address>
         <size>0x6c</size>
[...]
            <object_component_ref idref="oc-23e"/>
            <object_component_ref idref="oc-1f0"/>
            <object_component_ref idref="oc-1ab"/>
            <object_component_ref idref="oc-1ea"/>
            <object_component_ref idref="oc-1eb"/>
            <object_component_ref idref="oc-185"/>
            <object_component_ref idref="oc-1f6"/>
            <object_component_ref idref="oc-240"/>
            <object_component_ref idref="oc-1f9"/>
            <object_component_ref idref="oc-28d"/>
         </contents>
      </logical_group>
      <logical_group id="lg-278" display="never" color="cyan">
         <name>.debug_str</name>
         <load_address>0x0</load_address>
         <run_address>0x0</run_address>
         <size>0x182a</size>
         <contents>
            <object_component_ref idref="oc-86"/>
            <object_component_ref idref="oc-c8"/>
            <object_component_ref idref="oc-c3"/>
            <object_component_ref idref="oc-8b"/>
            <object_component_ref idref="oc-1aa"/>
            <object_component_ref idref="oc-49"/>
            <object_component_ref idref="oc-54"/>
            <object_component_ref idref="oc-97"/>
            <object_component_ref idref="oc-44"/>
            <object_component_ref idref="oc-ce"/>
            <object_component_ref idref="oc-90"/>
            <object_component_ref idref="oc-231"/>
            <object_component_ref idref="oc-258"/>
            <object_component_ref idref="oc-236"/>
            <object_component_ref idref="oc-23b"/>
            <object_component_ref idref="oc-18a"/>
            <object_component_ref idref="oc-1f8"/>
         </contents>
      </logical_group>
      <logical_group id="lg-27a" display="never" color="cyan">
         <name>.debug_aranges</name>
         <load_address>0x0</load_address>
         <run_address>0x0</run_address>
         <size>0x4c0</size>
         <contents>
            <object_component_ref idref="oc-19a"/>
            <object_component_ref idref="oc-e3"/>
            <object_component_ref idref="oc-20b"/>
            <object_component_ref idref="oc-1a2"/>
            <object_component_ref idref="oc-e9"/>
            <object_component_ref idref="oc-b0"/>
            <object_component_ref idref="oc-202"/>
            <object_component_ref idref="oc-26"/>
            <object_component_ref idref="oc-2d"/>
            <object_component_ref idref="oc-38"/>
            <object_component_ref idref="oc-32"/>
            <object_component_ref idref="oc-212"/>
            <object_component_ref idref="oc-1b"/>
            <object_component_ref idref="oc-16"/>
            <object_component_ref idref="oc-6b"/>
            <object_component_ref idref="oc-24d"/>
            <object_component_ref idref="oc-4b"/>
            <object_component_ref idref="oc-141"/>
            <object_component_ref idref="oc-a9"/>
            <object_component_ref idref="oc-133"/>
            <object_component_ref idref="oc-107"/>
            <object_component_ref idref="oc-1b3"/>
            <object_component_ref idref="oc-1bb"/>
            <object_component_ref idref="oc-196"/>
            <object_component_ref idref="oc-fc"/>
            <object_component_ref idref="oc-102"/>
            <object_component_ref idref="oc-f6"/>
            <object_component_ref idref="oc-113"/>
            <object_component_ref idref="oc-120"/>
            <object_component_ref idref="oc-119"/>
            <object_component_ref idref="oc-12c"/>
            <object_component_ref idref="oc-10d"/>
            <object_component_ref idref="oc-126"/>
            <object_component_ref idref="oc-ed"/>
            <object_component_ref idref="oc-172"/>
            <object_component_ref idref="oc-179"/>
            <object_component_ref idref="oc-dd"/>
            <object_component_ref idref="oc-18e"/>
         </contents>
      </logical_group>
      <logical_group id="lg-27c" display="never" color="cyan">
         <name>.debug_pubnames</name>
         <load_address>0x0</load_address>
         <run_address>0x0</run_address>
         <size>0x6f2</size>
         <contents>
            <object_component_ref idref="oc-204"/>
            <object_component_ref idref="oc-207"/>
            <object_component_ref idref="oc-1fe"/>
            <object_component_ref idref="oc-19b"/>
            <object_component_ref idref="oc-e2"/>
            <object_component_ref idref="oc-20c"/>
            <object_component_ref idref="oc-1a1"/>
            <object_component_ref idref="oc-e8"/>
            <object_component_ref idref="oc-af"/>
            <object_component_ref idref="oc-201"/>
            <object_component_ref idref="oc-11"/>
            <object_component_ref idref="oc-27"/>
            <object_component_ref idref="oc-2c"/>
            <object_component_ref idref="oc-39"/>
            <object_component_ref idref="oc-33"/>
            <object_component_ref idref="oc-211"/>
            <object_component_ref idref="oc-1a"/>
            <object_component_ref idref="oc-15"/>
            <object_component_ref idref="oc-23"/>
            <object_component_ref idref="oc-6c"/>
            <object_component_ref idref="oc-24e"/>
            <object_component_ref idref="oc-4e"/>
            <object_component_ref idref="oc-140"/>
            <object_component_ref idref="oc-aa"/>
            <object_component_ref idref="oc-134"/>
            <object_component_ref idref="oc-1ae"/>
            <object_component_ref idref="oc-106"/>
            <object_component_ref idref="oc-1b4"/>
            <object_component_ref idref="oc-1bc"/>
            <object_component_ref idref="oc-197"/>
            <object_component_ref idref="oc-fd"/>
            <object_component_ref idref="oc-103"/>
            <object_component_ref idref="oc-f7"/>
            <object_component_ref idref="oc-115"/>
            <object_component_ref idref="oc-122"/>
            <object_component_ref idref="oc-11b"/>
            <object_component_ref idref="oc-12e"/>
            <object_component_ref idref="oc-10f"/>
            <object_component_ref idref="oc-128"/>
            <object_component_ref idref="oc-17e"/>
            <object_component_ref idref="oc-181"/>
            <object_component_ref idref="oc-1e9"/>
            <object_component_ref idref="oc-184"/>
            <object_component_ref idref="oc-ef"/>
            <object_component_ref idref="oc-173"/>
            <object_component_ref idref="oc-17a"/>
            <object_component_ref idref="oc-de"/>
            <object_component_ref idref="oc-18f"/>
         </contents>
      </logical_group>
      <logical_group id="lg-27e" display="never" color="cyan">
         <name>.debug_pubtypes</name>
         <load_address>0x0</load_address>
         <run_address>0x0</run_address>
         <size>0xc40</size>
         <contents>
            <object_component_ref idref="oc-83"/>
            <object_component_ref idref="oc-c5"/>
            <object_component_ref idref="oc-c0"/>
            <object_component_ref idref="oc-88"/>
            <object_component_ref idref="oc-1a7"/>
            <object_component_ref idref="oc-46"/>
            <object_component_ref idref="oc-51"/>
            <object_component_ref idref="oc-94"/>
            <object_component_ref idref="oc-41"/>
            <object_component_ref idref="oc-cb"/>
            <object_component_ref idref="oc-8d"/>
            <object_component_ref idref="oc-22e"/>
            <object_component_ref idref="oc-255"/>
            <object_component_ref idref="oc-233"/>
            <object_component_ref idref="oc-238"/>
            <object_component_ref idref="oc-187"/>
            <object_component_ref idref="oc-1f5"/>
         </contents>
      </logical_group>
      <load_segment id="lg-28f" display="no" color="cyan">
         <name>SEGMENT_0</name>
         <load_address>0x0</load_address>
         <run_address>0x0</run_address>
         <size>0x1098</size>
         <flags>0x5</flags>
         <contents>
            <logical_group_ref idref="lg-3"/>
            <logical_group_ref idref="lg-4"/>
            <logical_group_ref idref="lg-5"/>
            <logical_group_ref idref="lg-6"/>
         </contents>
      </load_segment>
      <load_segment id="lg-290" display="no" color="cyan">
         <name>SEGMENT_1</name>
         <run_address>0x20000000</run_address>
         <size>0x105</size>
         <flags>0x6</flags>
         <contents>
            <logical_group_ref idref="lg-d"/>
            <logical_group_ref idref="lg-a"/>
         </contents>
      </load_segment>
   </logical_group_list>
   <placement_map>
      <memory_area display="yes" color="green">
         <name>FLASH</name>
         <page_id>0x0</page_id>
         <origin>0x0</origin>
         <length>0x100000</length>
         <used_space>0x1094</used_space>
         <unused_space>0xfef6c</unused_space>
         <attributes>RX</attributes>
         <usage_details>
            <allocated_space>
               <start_address>0x0</start_address>
               <size>0x208</size>
               <logical_group_ref idref="lg-3"/>
            </allocated_space>
            <allocated_space>
               <start_address>0x208</start_address>
               <size>0xb78</size>
               <logical_group_ref idref="lg-4"/>
            </allocated_space>
            <allocated_space>
               <start_address>0xd80</start_address>
               <size>0x2fc</size>
               <logical_group_ref idref="lg-5"/>
            </allocated_space>
            <available_space>
               <start_address>0x107c</start_address>
               <size>0x4</size>
            </available_space>
            <allocated_space>
               <start_address>0x1080</start_address>
               <size>0x18</size>
               <logical_group_ref idref="lg-6"/>
            </allocated_space>
            <available_space>
               <start_address>0x1098</start_address>
               <size>0xfef68</size>
            </available_space>
         </usage_details>
      </memory_area>
      <memory_area display="yes" color="green">
         <name>SRAM</name>
         <page_id>0x0</page_id>
         <origin>0x20000000</origin>
         <length>0x40000</length>
         <used_space>0x105</used_space>
         <unused_space>0x3fefb</unused_space>
         <attributes>RWX</attributes>
         <usage_details>
            <allocated_space>
               <start_address>0x20000000</start_address>
               <size>0x100</size>
               <logical_group_ref idref="lg-d"/>
            </allocated_space>
            <allocated_space>
               <start_address>0x20000100</start_address>
               <size>0x5</size>
               <logical_group_ref idref="lg-a"/>
            </allocated_space>
            <available_space>
               <start_address>0x20000105</start_address>
               <size>0x3fefb</size>
            </available_space>
         </usage_details>
      </memory_area>
   </placement_map>
   <cptbl_list>
      <cptbl>
         <name>__TI_cinit_table</name>
         <cprec>
            <name>.data</name>
            <load_address>0x1088</load_address>
            <load_size>0x7</load_size>
            <run_address>0x20000100</run_address>
            <run_size>0x5</run_size>
            <compression>lzss</compression>
         </cprec>
      </cptbl>
   </cptbl_list>
   <handler_table>
      <handler_table_name>__TI_handler_table</handler_table_name>
      <handler>
         <index>0x0</index>
         <name>__TI_decompress_lzss</name>
      </handler>
      <handler>
         <index>0x1</index>
         <name>__TI_decompress_none</name>
      </handler>
   </handler_table>
   <symbol_table>
      <symbol id="sm-1">
         <name>__STACK_TOP</name>
         <value>0x20000200</value>
      </symbol>
      <symbol id="sm-2">
         <name>__TI_CINIT_Base</name>
         <value>0x1090</value>
      </symbol>
      <symbol id="sm-3">
         <name>__TI_CINIT_Limit</name>
         <value>0x1098</value>
      </symbol>
      <symbol id="sm-4">
         <name>__TI_Handler_Table_Base</name>
         <value>0x1080</value>
      </symbol>
      <symbol id="sm-5">
         <name>__TI_Handler_Table_Limit</name>
         <value>0x1088</value>
      </symbol>
      <symbol id="sm-6">
         <name>binit</name>
         <value>0xffffffff</value>
      </symbol>
      <symbol id="sm-7">
         <name>__binit__</name>
         <value>0xffffffff</value>
      </symbol>
      <symbol id="sm-8">
         <name>__STACK_SIZE</name>
         <value>0x100</value>
      </symbol>
      <symbol id="sm-9">
         <name>__STACK_END</name>
         <value>0x20000100</value>
      </symbol>
      <symbol id="sm-a">
         <name>__c_args__</name>
         <value>0xffffffff</value>
      </symbol>
      <symbol id="sm-b">
         <name>__TI_pprof_out_hndl</name>
         <value>0xffffffff</value>
      </symbol>
      <symbol id="sm-c">
         <name>__TI_prof_data_start</name>
         <value>0xffffffff</value>
      </symbol>
      <symbol id="sm-d">
         <name>__TI_prof_data_size</name>
         <value>0xffffffff</value>
      </symbol>
      <symbol id="sm-d5">
         <name>UARTStdioConfig</name>
         <value>0x9c5</value>
         <object_component_ref idref="oc-198"/>
      </symbol>
      <symbol id="sm-d6">
         <name>main</name>
         <value>0x5e1</value>
         <object_component_ref idref="oc-ad"/>
      </symbol>
      <symbol id="sm-d7">
         <name>InitConsole</name>
         <value>0xa25</value>
         <object_component_ref idref="oc-e0"/>
      </symbol>
      <symbol id="sm-d8">
         <name>UARTwrite</name>
         <value>0xab9</value>
         <object_component_ref idref="oc-209"/>
      </symbol>
      <symbol id="sm-d9">
         <name>UARTprintf</name>
         <value>0xcc1</value>
         <object_component_ref idref="oc-e6"/>
      </symbol>
      <symbol id="sm-da">
         <name>UARTvprintf</name>
         <value>0x3f5</value>
         <object_component_ref idref="oc-19f"/>
      </symbol>
      <symbol id="sm-110">
         <name>ResetISR</name>
         <value>0xd65</value>
         <object_component_ref idref="oc-24"/>
      </symbol>
      <symbol id="sm-111">
         <name>g_pfnVectors</name>
         <value>0x0</value>
         <object_component_ref idref="oc-f"/>
      </symbol>
      <symbol id="sm-120">
         <name>__aeabi_uidivmod</name>
         <value>0xb8d</value>
         <object_component_ref idref="oc-20f"/>
      </symbol>
      <symbol id="sm-121">
         <name>__aeabi_uidiv</name>
         <value>0xb8d</value>
         <object_component_ref idref="oc-20f"/>
      </symbol>
      <symbol id="sm-139">
         <name>__TI_decompress_none</name>
         <value>0xd29</value>
         <object_component_ref idref="oc-18"/>
      </symbol>
      <symbol id="sm-15c">
         <name>__TI_decompress_lzss</name>
         <value>0x95b</value>
         <object_component_ref idref="oc-12"/>
      </symbol>
      <symbol id="sm-16f">
         <name>__stack</name>
         <value>0x20000000</value>
         <object_component_ref idref="oc-21"/>
      </symbol>
      <symbol id="sm-170">
         <name>_c_int00_noargs</name>
         <value>0xc09</value>
         <object_component_ref idref="oc-68"/>
      </symbol>
      <symbol id="sm-17a">
         <name>__aeabi_idiv0</name>
         <value>0xd7f</value>
         <object_component_ref idref="oc-24b"/>
      </symbol>
      <symbol id="sm-17b">
         <name>__aeabi_ldiv0</name>
         <value>0xd7f</value>
         <object_component_ref idref="oc-24b"/>
      </symbol>
      <symbol id="sm-197">
         <name>memcpy</name>
         <value>0x8bf</value>
         <object_component_ref idref="oc-4a"/>
      </symbol>
      <symbol id="sm-198">
         <name>__aeabi_memcpy</name>
         <value>0x8bf</value>
         <object_component_ref idref="oc-4a"/>
      </symbol>
      <symbol id="sm-199">
         <name>__aeabi_memcpy8</name>
         <value>0x8bf</value>
         <object_component_ref idref="oc-4a"/>
      </symbol>
      <symbol id="sm-19a">
         <name>__aeabi_memcpy4</name>
         <value>0x8bf</value>
         <object_component_ref idref="oc-4a"/>
      </symbol>
      <symbol id="sm-1c2">
         <name>__TI_auto_init_nobinit_nopinit</name>
         <value>0xb49</value>
         <object_component_ref idref="oc-13c"/>
      </symbol>
      <symbol id="sm-1cc">
         <name>_system_pre_init</name>
         <value>0xd77</value>
         <object_component_ref idref="oc-a7"/>
      </symbol>
      <symbol id="sm-1d8">
         <name>C$$EXIT</name>
         <value>0xd7b</value>
         <object_component_ref idref="oc-130"/>
      </symbol>
      <symbol id="sm-1d9">
         <name>abort</name>
         <value>0xd7b</value>
         <object_component_ref idref="oc-130"/>
      </symbol>
      <symbol id="sm-22a">
         <name>GPIOPinConfigure</name>
         <value>0xa71</value>
         <object_component_ref idref="oc-f2"/>
      </symbol>
      <symbol id="sm-22b">
         <name>GPIOPinTypeUART</name>
         <value>0xd05</value>
         <object_component_ref idref="oc-192"/>
      </symbol>
      <symbol id="sm-22c">
         <name>GPIOPinTypeGPIOOutput</name>
         <value>0xcdb</value>
         <object_component_ref idref="oc-fe"/>
      </symbol>
      <symbol id="sm-22d">
         <name>GPIODirModeSet</name>
         <value>0xc75</value>
         <object_component_ref idref="oc-1b1"/>
      </symbol>
      <symbol id="sm-22e">
         <name>GPIOPinWrite</name>
         <value>0xd5f</value>
         <object_component_ref idref="oc-104"/>
      </symbol>
      <symbol id="sm-22f">
         <name>GPIOPadConfigSet</name>
         <value>0x78d</value>
         <object_component_ref idref="oc-1b7"/>
      </symbol>
      <symbol id="sm-230">
         <name>GPIOPinTypeSSI</name>
         <value>0xcf3</value>
         <object_component_ref idref="oc-f8"/>
      </symbol>
      <symbol id="sm-26b">
         <name>SSIDataPut</name>
         <value>0xd43</value>
         <object_component_ref idref="oc-11d"/>
      </symbol>
      <symbol id="sm-26c">
         <name>SSIDataGet</name>
         <value>0xd37</value>
         <object_component_ref idref="oc-129"/>
      </symbol>
      <symbol id="sm-26d">
         <name>SSIDataGetNonBlocking</name>
         <value>0xd17</value>
         <object_component_ref idref="oc-116"/>
      </symbol>
      <symbol id="sm-26e">
         <name>SSIConfigSetExpClk</name>
         <value>0xbcd</value>
         <object_component_ref idref="oc-10a"/>
      </symbol>
      <symbol id="sm-26f">
         <name>SSIEnable</name>
         <value>0xd4d</value>
         <object_component_ref idref="oc-110"/>
      </symbol>
      <symbol id="sm-270">
         <name>SSIBusy</name>
         <value>0xd57</value>
         <object_component_ref idref="oc-123"/>
      </symbol>
      <symbol id="sm-2df">
         <name>SysCtlDelay</name>
         <value>0xd6b</value>
         <object_component_ref idref="oc-11c"/>
      </symbol>
      <symbol id="sm-2e0">
         <name>SysCtlPeripheralEnable</name>
         <value>0xc41</value>
         <object_component_ref idref="oc-ec"/>
      </symbol>
      <symbol id="sm-2e1">
         <name>SysCtlClockFreqSet</name>
         <value>0x209</value>
         <object_component_ref idref="oc-da"/>
      </symbol>
      <symbol id="sm-2ee">
         <name>UARTClockSourceSet</name>
         <value>0xd71</value>
         <object_component_ref idref="oc-18c"/>
      </symbol>
      <symbol id="sm-2f0">
         <name>__TI_static_base__</name>
         <value>0x0</value>
      </symbol>
      <symbol id="sm-2f3">
         <name>__mpu_init</name>
         <value>0x0</value>
      </symbol>
      <symbol id="sm-2f4">
         <name>_system_post_cinit</name>
         <value>0x0</value>
      </symbol>
   </symbol_table>
   <title>Link successful</title>
</link_info>
