<?xml version="1.0"?>
<link_info>
   <banner>TI ARM Linker PC v17.9.0.STS</banner>
   <copyright>Copyright (c) 1996-2017 Texas Instruments Incorporated</copyright>
   <link_time>0x5aac243d</link_time>
   <link_errors>0x0</link_errors>
   <output_file>MPU6050.out</output_file>
   <entry_point>
      <name>_c_int00_noargs</name>
      <address>0x3889</address>
   </entry_point>
   <input_file_list>
      <input_file id="fl-2">
         <path>.\</path>
         <kind>object</kind>
         <file>main.obj</file>
         <name>main.obj</name>
      </input_file>
      <input_file id="fl-3">
         <path>.\</path>
         <kind>object</kind>
         <file>r2r.obj</file>
         <name>r2r.obj</name>
      </input_file>
      <input_file id="fl-4">
         <path>.\</path>
         <kind>object</kind>
         <file>tm4c1292ncpdt_startup_ccs.obj</file>
         <name>tm4c1292ncpdt_startup_ccs.obj</name>
      </input_file>
      <input_file id="fl-5">
         <path>.\</path>
         <kind>object</kind>
         <file>uartstdio.obj</file>
         <name>uartstdio.obj</name>
      </input_file>
      <input_file id="fl-b">
         <kind>object</kind>
         <file>&lt;internal&gt;</file>
         <name>&lt;internal&gt;</name>
      </input_file>
      <input_file id="fl-c1">
         <path>C:\ti\ccsv7\tools\compiler\ti-cgt-arm_17.9.0.STS\lib\</path>
         <kind>archive</kind>
         <file>rtsv7M4_T_le_v4SPD16_eabi.lib</file>
         <name>u_divt2.obj</name>
      </input_file>
      <input_file id="fl-c2">
         <path>C:\ti\ccsv7\tools\compiler\ti-cgt-arm_17.9.0.STS\lib\</path>
         <kind>archive</kind>
         <file>rtsv7M4_T_le_v4SPD16_eabi.lib</file>
         <name>memset_t2.obj</name>
      </input_file>
      <input_file id="fl-c3">
         <path>C:\ti\ccsv7\tools\compiler\ti-cgt-arm_17.9.0.STS\lib\</path>
         <kind>archive</kind>
         <file>rtsv7M4_T_le_v4SPD16_eabi.lib</file>
         <name>copy_zero_init.obj</name>
      </input_file>
      <input_file id="fl-c4">
         <path>C:\ti\ccsv7\tools\compiler\ti-cgt-arm_17.9.0.STS\lib\</path>
         <kind>archive</kind>
         <file>rtsv7M4_T_le_v4SPD16_eabi.lib</file>
         <name>copy_decompress_none.obj</name>
      </input_file>
      <input_file id="fl-c5">
         <path>C:\ti\ccsv7\tools\compiler\ti-cgt-arm_17.9.0.STS\lib\</path>
         <kind>archive</kind>
         <file>rtsv7M4_T_le_v4SPD16_eabi.lib</file>
         <name>copy_decompress_lzss.obj</name>
      </input_file>
      <input_file id="fl-c6">
         <path>C:\ti\ccsv7\tools\compiler\ti-cgt-arm_17.9.0.STS\lib\</path>
         <kind>archive</kind>
         <file>rtsv7M4_T_le_v4SPD16_eabi.lib</file>
         <name>i_div0.obj</name>
      </input_file>
      <input_file id="fl-c7">
         <path>C:\ti\ccsv7\tools\compiler\ti-cgt-arm_17.9.0.STS\lib\</path>
         <kind>archive</kind>
         <file>rtsv7M4_T_le_v4SPD16_eabi.lib</file>
         <name>sprintf.obj</name>
      </input_file>
      <input_file id="fl-c8">
         <path>C:\ti\ccsv7\tools\compiler\ti-cgt-arm_17.9.0.STS\lib\</path>
         <kind>archive</kind>
         <file>rtsv7M4_T_le_v4SPD16_eabi.lib</file>
         <name>boot_cortex_m.obj</name>
      </input_file>
      <input_file id="fl-c9">
         <path>C:\ti\ccsv7\tools\compiler\ti-cgt-arm_17.9.0.STS\lib\</path>
         <kind>archive</kind>
         <file>rtsv7M4_T_le_v4SPD16_eabi.lib</file>
         <name>memcpy_t2.obj</name>
      </input_file>
      <input_file id="fl-ca">
         <path>C:\ti\ccsv7\tools\compiler\ti-cgt-arm_17.9.0.STS\lib\</path>
         <kind>archive</kind>
         <file>rtsv7M4_T_le_v4SPD16_eabi.lib</file>
         <name>autoinit.obj</name>
      </input_file>
      <input_file id="fl-cb">
         <path>C:\ti\ccsv7\tools\compiler\ti-cgt-arm_17.9.0.STS\lib\</path>
         <kind>archive</kind>
         <file>rtsv7M4_T_le_v4SPD16_eabi.lib</file>
         <name>pre_init.obj</name>
      </input_file>
      <input_file id="fl-cc">
         <path>C:\ti\ccsv7\tools\compiler\ti-cgt-arm_17.9.0.STS\lib\</path>
         <kind>archive</kind>
         <file>rtsv7M4_T_le_v4SPD16_eabi.lib</file>
         <name>cpy_tbl.obj</name>
      </input_file>
      <input_file id="fl-cd">
         <path>C:\ti\ccsv7\tools\compiler\ti-cgt-arm_17.9.0.STS\lib\</path>
         <kind>archive</kind>
         <file>rtsv7M4_T_le_v4SPD16_eabi.lib</file>
         <name>exit.obj</name>
      </input_file>
      <input_file id="fl-ce">
         <path>C:\ti\ccsv7\tools\compiler\ti-cgt-arm_17.9.0.STS\lib\</path>
         <kind>archive</kind>
         <file>rtsv7M4_T_le_v4SPD16_eabi.lib</file>
         <name>_lock.obj</name>
      </input_file>
      <input_file id="fl-cf">
         <path>C:\ti\ccsv7\tools\compiler\ti-cgt-arm_17.9.0.STS\lib\</path>
         <kind>archive</kind>
         <file>rtsv7M4_T_le_v4SPD16_eabi.lib</file>
         <name>_printfi.obj</name>
      </input_file>
      <input_file id="fl-d0">
         <path>C:\ti\ccsv7\tools\compiler\ti-cgt-arm_17.9.0.STS\lib\</path>
         <kind>archive</kind>
         <file>rtsv7M4_T_le_v4SPD16_eabi.lib</file>
         <name>args_main.obj</name>
      </input_file>
      <input_file id="fl-d1">
         <path>C:\ti\ccsv7\tools\compiler\ti-cgt-arm_17.9.0.STS\lib\</path>
         <kind>archive</kind>
         <file>rtsv7M4_T_le_v4SPD16_eabi.lib</file>
         <name>atoi.obj</name>
      </input_file>
      <input_file id="fl-d2">
         <path>C:\ti\ccsv7\tools\compiler\ti-cgt-arm_17.9.0.STS\lib\</path>
         <kind>archive</kind>
         <file>rtsv7M4_T_le_v4SPD16_eabi.lib</file>
         <name>ctype.obj</name>
      </input_file>
      <input_file id="fl-d3">
         <path>C:\ti\ccsv7\tools\compiler\ti-cgt-arm_17.9.0.STS\lib\</path>
         <kind>archive</kind>
         <file>rtsv7M4_T_le_v4SPD16_eabi.lib</file>
         <name>ltoa.obj</name>
      </input_file>
      <input_file id="fl-d4">
         <path>C:\ti\ccsv7\tools\compiler\ti-cgt-arm_17.9.0.STS\lib\</path>
         <kind>archive</kind>
         <file>rtsv7M4_T_le_v4SPD16_eabi.lib</file>
         <name>memccpy.obj</name>
      </input_file>
      <input_file id="fl-d5">
         <path>C:\ti\ccsv7\tools\compiler\ti-cgt-arm_17.9.0.STS\lib\</path>
         <kind>archive</kind>
         <file>rtsv7M4_T_le_v4SPD16_eabi.lib</file>
         <name>strchr.obj</name>
      </input_file>
      <input_file id="fl-d6">
         <path>C:\ti\ccsv7\tools\compiler\ti-cgt-arm_17.9.0.STS\lib\</path>
         <kind>archive</kind>
         <file>rtsv7M4_T_le_v4SPD16_eabi.lib</file>
         <name>strlen.obj</name>
      </input_file>
      <input_file id="fl-d7">
         <path>C:\ti\ccsv7\tools\compiler\ti-cgt-arm_17.9.0.STS\lib\</path>
         <kind>archive</kind>
         <file>rtsv7M4_T_le_v4SPD16_eabi.lib</file>
         <name>s_frexp.obj</name>
      </input_file>
      <input_file id="fl-d8">
         <path>C:\ti\ccsv7\tools\compiler\ti-cgt-arm_17.9.0.STS\lib\</path>
         <kind>archive</kind>
         <file>rtsv7M4_T_le_v4SPD16_eabi.lib</file>
         <name>s_scalbn.obj</name>
      </input_file>
      <input_file id="fl-d9">
         <path>C:\ti\ccsv7\tools\compiler\ti-cgt-arm_17.9.0.STS\lib\</path>
         <kind>archive</kind>
         <file>rtsv7M4_T_le_v4SPD16_eabi.lib</file>
         <name>s_copysign.obj</name>
      </input_file>
      <input_file id="fl-da">
         <path>C:\ti\ccsv7\tools\compiler\ti-cgt-arm_17.9.0.STS\lib\</path>
         <kind>archive</kind>
         <file>rtsv7M4_T_le_v4SPD16_eabi.lib</file>
         <name>fd_add_t2.obj</name>
      </input_file>
      <input_file id="fl-db">
         <path>C:\ti\ccsv7\tools\compiler\ti-cgt-arm_17.9.0.STS\lib\</path>
         <kind>archive</kind>
         <file>rtsv7M4_T_le_v4SPD16_eabi.lib</file>
         <name>fd_cmp_t2.obj</name>
      </input_file>
      <input_file id="fl-dc">
         <path>C:\ti\ccsv7\tools\compiler\ti-cgt-arm_17.9.0.STS\lib\</path>
         <kind>archive</kind>
         <file>rtsv7M4_T_le_v4SPD16_eabi.lib</file>
         <name>fd_div_t2.obj</name>
      </input_file>
      <input_file id="fl-dd">
         <path>C:\ti\ccsv7\tools\compiler\ti-cgt-arm_17.9.0.STS\lib\</path>
         <kind>archive</kind>
         <file>rtsv7M4_T_le_v4SPD16_eabi.lib</file>
         <name>fd_mul_t2.obj</name>
      </input_file>
      <input_file id="fl-de">
         <path>C:\ti\ccsv7\tools\compiler\ti-cgt-arm_17.9.0.STS\lib\</path>
         <kind>archive</kind>
         <file>rtsv7M4_T_le_v4SPD16_eabi.lib</file>
         <name>fd_toi_t2.obj</name>
      </input_file>
      <input_file id="fl-df">
         <path>C:\ti\ccsv7\tools\compiler\ti-cgt-arm_17.9.0.STS\lib\</path>
         <kind>archive</kind>
         <file>rtsv7M4_T_le_v4SPD16_eabi.lib</file>
         <name>i_tofd_t2.obj</name>
      </input_file>
      <input_file id="fl-e0">
         <path>C:\ti\ccsv7\tools\compiler\ti-cgt-arm_17.9.0.STS\lib\</path>
         <kind>archive</kind>
         <file>rtsv7M4_T_le_v4SPD16_eabi.lib</file>
         <name>ull_div_t2.obj</name>
      </input_file>
      <input_file id="fl-e1">
         <path>C:\ti\ccsv7\tools\compiler\ti-cgt-arm_17.9.0.STS\lib\</path>
         <kind>archive</kind>
         <file>rtsv7M4_T_le_v4SPD16_eabi.lib</file>
         <name>errno.obj</name>
      </input_file>
      <input_file id="fl-e2">
         <path>C:\ti\TivaWare_C_Series-2.1.3.156\driverlib\ccs\Debug\</path>
         <kind>archive</kind>
         <file>driverlib.lib</file>
         <name>adc.obj</name>
      </input_file>
      <input_file id="fl-e3">
         <path>C:\ti\TivaWare_C_Series-2.1.3.156\driverlib\ccs\Debug\</path>
         <kind>archive</kind>
         <file>driverlib.lib</file>
         <name>gpio.obj</name>
      </input_file>
      <input_file id="fl-e4">
         <path>C:\ti\TivaWare_C_Series-2.1.3.156\driverlib\ccs\Debug\</path>
         <kind>archive</kind>
         <file>driverlib.lib</file>
         <name>i2c.obj</name>
      </input_file>
      <input_file id="fl-e5">
         <path>C:\ti\TivaWare_C_Series-2.1.3.156\driverlib\ccs\Debug\</path>
         <kind>archive</kind>
         <file>driverlib.lib</file>
         <name>interrupt.obj</name>
      </input_file>
      <input_file id="fl-e6">
         <path>C:\ti\TivaWare_C_Series-2.1.3.156\driverlib\ccs\Debug\</path>
         <kind>archive</kind>
         <file>driverlib.lib</file>
         <name>pwm.obj</name>
      </input_file>
      <input_file id="fl-e7">
         <path>C:\ti\TivaWare_C_Series-2.1.3.156\driverlib\ccs\Debug\</path>
         <kind>archive</kind>
         <file>driverlib.lib</file>
         <name>ssi.obj</name>
      </input_file>
      <input_file id="fl-e8">
         <path>C:\ti\TivaWare_C_Series-2.1.3.156\driverlib\ccs\Debug\</path>
         <kind>archive</kind>
         <file>driverlib.lib</file>
         <name>sysctl.obj</name>
      </input_file>
      <input_file id="fl-e9">
         <path>C:\ti\TivaWare_C_Series-2.1.3.156\driverlib\ccs\Debug\</path>
         <kind>archive</kind>
         <file>driverlib.lib</file>
         <name>uart.obj</name>
      </input_file>
      <input_file id="fl-ea">
         <path>C:\ti\TivaWare_C_Series-2.1.3.156\driverlib\ccs\Debug\</path>
         <kind>archive</kind>
         <file>driverlib.lib</file>
         <name>cpu.obj</name>
      </input_file>
      <input_file id="fl-eb">
         <path>C:\ti\TivaWare_C_Series-2.1.3.156\sensorlib\ccs\Debug\</path>
         <kind>archive</kind>
         <file>sensorlib.lib</file>
         <name>i2cm_drv.obj</name>
      </input_file>
   </input_file_list>
   <object_component_list>
      <object_component id="oc-f">
         <name>.intvecs</name>
         <load_address>0x0</load_address>
         <run_address>0x0</run_address>
         <size>0x208</size>
         <input_file_ref idref="fl-4"/>
      </object_component>
      <object_component id="oc-284">
         <name>.text</name>
         <load_address>0x208</load_address>
         <run_address>0x208</run_address>
         <size>0x11de</size>
         <input_file_ref idref="fl-cf"/>
      </object_component>
      <object_component id="oc-2e8">
         <name>.text</name>
         <load_address>0x13e6</load_address>
         <run_address>0x13e6</run_address>
         <size>0x2</size>
         <input_file_ref idref="fl-c6"/>
      </object_component>
      <object_component id="oc-c7">
         <name>.text</name>
         <load_address>0x13e8</load_address>
         <run_address>0x13e8</run_address>
         <size>0xc04</size>
         <input_file_ref idref="fl-3"/>
      </object_component>
      <object_component id="oc-d9">
         <name>.text</name>
         <load_address>0x1fec</load_address>
         <run_address>0x1fec</run_address>
         <size>0x49c</size>
         <input_file_ref idref="fl-5"/>
      </object_component>
      <object_component id="oc-328">
         <name>.text</name>
         <load_address>0x2488</load_address>
         <run_address>0x2488</run_address>
         <size>0x1f4</size>
         <input_file_ref idref="fl-e0"/>
      </object_component>
      <object_component id="oc-126">
         <name>.text:SysCtlClockFreqSet</name>
         <load_address>0x267c</load_address>
         <run_address>0x267c</run_address>
         <size>0x1ec</size>
         <input_file_ref idref="fl-e8"/>
      </object_component>
      <object_component id="oc-357">
         <name>.text</name>
         <load_address>0x2868</load_address>
         <run_address>0x2868</run_address>
         <size>0x1b6</size>
         <input_file_ref idref="fl-da"/>
      </object_component>
      <object_component id="oc-33d">
         <name>.text</name>
         <load_address>0x2a1e</load_address>
         <run_address>0x2a1e</run_address>
         <size>0x136</size>
         <input_file_ref idref="fl-dc"/>
      </object_component>
      <object_component id="oc-297">
         <name>.text:GPIOPadConfigSet</name>
         <load_address>0x2b54</load_address>
         <run_address>0x2b54</run_address>
         <size>0x132</size>
         <input_file_ref idref="fl-e3"/>
      </object_component>
      <object_component id="oc-93">
         <name>.text</name>
         <load_address>0x2c88</load_address>
         <run_address>0x2c88</run_address>
         <size>0x124</size>
         <input_file_ref idref="fl-2"/>
      </object_component>
      <object_component id="oc-18f">
         <name>.text:SysCtlClockGet</name>
         <load_address>0x2dac</load_address>
         <run_address>0x2dac</run_address>
         <size>0x110</size>
         <input_file_ref idref="fl-e8"/>
      </object_component>
      <object_component id="oc-338">
         <name>.text</name>
         <load_address>0x2ebc</load_address>
         <run_address>0x2ebc</run_address>
         <size>0xfc</size>
         <input_file_ref idref="fl-dd"/>
      </object_component>
      <object_component id="oc-362">
         <name>.text</name>
         <load_address>0x2fb8</load_address>
         <run_address>0x2fb8</run_address>
         <size>0xf4</size>
         <input_file_ref idref="fl-d8"/>
      </object_component>
      <object_component id="oc-38">
         <name>.text</name>
         <load_address>0x30ac</load_address>
         <run_address>0x30ac</run_address>
         <size>0x9c</size>
         <input_file_ref idref="fl-c9"/>
      </object_component>
      <object_component id="oc-333">
         <name>.text:__aeabi_cdcmple</name>
         <load_address>0x3148</load_address>
         <run_address>0x3148</run_address>
         <size>0x86</size>
         <input_file_ref idref="fl-db"/>
      </object_component>
      <object_component id="oc-342">
         <name>.text:__aeabi_cdrcmple</name>
         <load_address>0x31ce</load_address>
         <run_address>0x31ce</run_address>
         <size>0x86</size>
         <input_file_ref idref="fl-db"/>
      </object_component>
      <object_component id="oc-1ea">
         <name>.text:ADCSequenceStepConfigure</name>
         <load_address>0x3254</load_address>
         <run_address>0x3254</run_address>
         <size>0x7a</size>
         <input_file_ref idref="fl-e2"/>
      </object_component>
      <object_component id="oc-87">
         <name>.text</name>
         <load_address>0x32ce</load_address>
         <run_address>0x32ce</run_address>
         <size>0x7a</size>
         <input_file_ref idref="fl-c2"/>
      </object_component>
      <object_component id="oc-cd">
         <name>.text:IntEnable</name>
         <load_address>0x3348</load_address>
         <run_address>0x3348</run_address>
         <size>0x68</size>
         <input_file_ref idref="fl-e5"/>
      </object_component>
      <object_component id="oc-12">
         <name>.text:decompress:lzss</name>
         <load_address>0x33b0</load_address>
         <run_address>0x33b0</run_address>
         <size>0x68</size>
         <input_file_ref idref="fl-c5"/>
      </object_component>
      <object_component id="oc-35c">
         <name>.text</name>
         <load_address>0x3418</load_address>
         <run_address>0x3418</run_address>
         <size>0x64</size>
         <input_file_ref idref="fl-d7"/>
      </object_component>
      <object_component id="oc-138">
         <name>.text</name>
         <load_address>0x347c</load_address>
         <run_address>0x347c</run_address>
         <size>0x60</size>
         <input_file_ref idref="fl-c7"/>
      </object_component>
      <object_component id="oc-1e4">
         <name>.text:ADCSequenceConfigure</name>
         <load_address>0x34dc</load_address>
         <run_address>0x34dc</run_address>
         <size>0x58</size>
         <input_file_ref idref="fl-e2"/>
      </object_component>
      <object_component id="oc-34c">
         <name>.text</name>
         <load_address>0x3534</load_address>
         <run_address>0x3534</run_address>
         <size>0x54</size>
         <input_file_ref idref="fl-d3"/>
      </object_component>
      <object_component id="oc-1ab">
         <name>.text:SysCtlPeripheralReset</name>
         <load_address>0x3588</load_address>
         <run_address>0x3588</run_address>
         <size>0x50</size>
         <input_file_ref idref="fl-e8"/>
      </object_component>
      <object_component id="oc-1bd">
         <name>.text:I2CMasterInitExpClk</name>
         <load_address>0x35d8</load_address>
         <run_address>0x35d8</run_address>
         <size>0x4c</size>
         <input_file_ref idref="fl-e4"/>
      </object_component>
      <object_component id="oc-36e">
         <name>.text</name>
         <load_address>0x3624</load_address>
         <run_address>0x3624</run_address>
         <size>0x4c</size>
         <input_file_ref idref="fl-d1"/>
      </object_component>
      <object_component id="oc-183">
         <name>.text:GPIOPinConfigure</name>
         <load_address>0x3670</load_address>
         <run_address>0x3670</run_address>
         <size>0x48</size>
         <input_file_ref idref="fl-e3"/>
      </object_component>
      <object_component id="oc-26b">
         <name>.text:_SysCtlFrequencyGet</name>
         <load_address>0x36b8</load_address>
         <run_address>0x36b8</run_address>
         <size>0x48</size>
         <input_file_ref idref="fl-e8"/>
      </object_component>
      <object_component id="oc-347">
         <name>.text</name>
         <load_address>0x3700</load_address>
         <run_address>0x3700</run_address>
         <size>0x48</size>
         <input_file_ref idref="fl-de"/>
      </object_component>
      <object_component id="oc-195">
         <name>.text:UARTConfigSetExpClk</name>
         <load_address>0x3748</load_address>
         <run_address>0x3748</run_address>
         <size>0x46</size>
         <input_file_ref idref="fl-e9"/>
      </object_component>
      <object_component id="oc-ef">
         <name>.text:__TI_auto_init_nobinit_nopinit</name>
         <load_address>0x3790</load_address>
         <run_address>0x3790</run_address>
         <size>0x44</size>
         <input_file_ref idref="fl-ca"/>
      </object_component>
      <object_component id="oc-232">
         <name>.text</name>
         <load_address>0x37d4</load_address>
         <run_address>0x37d4</run_address>
         <size>0x40</size>
         <input_file_ref idref="fl-c1"/>
      </object_component>
      <object_component id="oc-1d1">
         <name>.text:SSIConfigSetExpClk</name>
         <load_address>0x3814</load_address>
         <run_address>0x3814</run_address>
         <size>0x3c</size>
         <input_file_ref idref="fl-e7"/>
      </object_component>
      <object_component id="oc-21d">
         <name>.text:SysCtlPeripheralPresent</name>
         <load_address>0x3850</load_address>
         <run_address>0x3850</run_address>
         <size>0x38</size>
         <input_file_ref idref="fl-e8"/>
      </object_component>
      <object_component id="oc-56">
         <name>.text:_c_int00_noargs</name>
         <load_address>0x3888</load_address>
         <run_address>0x3888</run_address>
         <size>0x38</size>
         <input_file_ref idref="fl-c8"/>
      </object_component>
      <object_component id="oc-1c3">
         <name>.text:I2CMInit</name>
         <load_address>0x38c0</load_address>
         <run_address>0x38c0</run_address>
         <size>0x34</size>
         <input_file_ref idref="fl-eb"/>
      </object_component>
      <object_component id="oc-144">
         <name>.text:SysCtlPeripheralEnable</name>
         <load_address>0x38f4</load_address>
         <run_address>0x38f4</run_address>
         <size>0x34</size>
         <input_file_ref idref="fl-e8"/>
      </object_component>
      <object_component id="oc-208">
         <name>.text:ADCIntStatus</name>
         <load_address>0x3928</load_address>
         <run_address>0x3928</run_address>
         <size>0x2e</size>
         <input_file_ref idref="fl-e2"/>
      </object_component>
      <object_component id="oc-352">
         <name>.text</name>
         <load_address>0x3956</load_address>
         <run_address>0x3956</run_address>
         <size>0x2e</size>
         <input_file_ref idref="fl-df"/>
      </object_component>
      <object_component id="oc-291">
         <name>.text:GPIODirModeSet</name>
         <load_address>0x3984</load_address>
         <run_address>0x3984</run_address>
         <size>0x2a</size>
         <input_file_ref idref="fl-e3"/>
      </object_component>
      <object_component id="oc-2b1">
         <name>.text:UARTDisable</name>
         <load_address>0x39b0</load_address>
         <run_address>0x39b0</run_address>
         <size>0x20</size>
         <input_file_ref idref="fl-e9"/>
      </object_component>
      <object_component id="oc-265">
         <name>.text:_SysCtlMemTimingGet</name>
         <load_address>0x39d0</load_address>
         <run_address>0x39d0</run_address>
         <size>0x20</size>
         <input_file_ref idref="fl-e8"/>
      </object_component>
      <object_component id="oc-202">
         <name>.text:ADCSequenceDataGet</name>
         <load_address>0x39f0</load_address>
         <run_address>0x39f0</run_address>
         <size>0x1e</size>
         <input_file_ref idref="fl-e2"/>
      </object_component>
      <object_component id="oc-177">
         <name>.text:PWMPulseWidthSet</name>
         <load_address>0x3a0e</load_address>
         <run_address>0x3a0e</run_address>
         <size>0x1e</size>
         <input_file_ref idref="fl-e6"/>
      </object_component>
      <object_component id="oc-374">
         <name>.text</name>
         <load_address>0x3a2c</load_address>
         <run_address>0x3a2c</run_address>
         <size>0x1c</size>
         <input_file_ref idref="fl-d4"/>
      </object_component>
      <object_component id="oc-1fc">
         <name>.text:ADCProcessorTrigger</name>
         <load_address>0x3a48</load_address>
         <run_address>0x3a48</run_address>
         <size>0x18</size>
         <input_file_ref idref="fl-e2"/>
      </object_component>
      <object_component id="oc-171">
         <name>.text:GPIOPinTypeGPIOOutput</name>
         <load_address>0x3a60</load_address>
         <run_address>0x3a60</run_address>
         <size>0x18</size>
         <input_file_ref idref="fl-e3"/>
      </object_component>
      <object_component id="oc-368">
         <name>.text</name>
         <load_address>0x3a78</load_address>
         <run_address>0x3a78</run_address>
         <size>0x16</size>
         <input_file_ref idref="fl-d5"/>
      </object_component>
      <object_component id="oc-223">
         <name>.text:UARTEnable</name>
         <load_address>0x3a8e</load_address>
         <run_address>0x3a8e</run_address>
         <size>0x14</size>
         <input_file_ref idref="fl-e9"/>
      </object_component>
      <object_component id="oc-3c0">
         <name>.text</name>
         <load_address>0x3aa2</load_address>
         <run_address>0x3aa2</run_address>
         <size>0x14</size>
         <input_file_ref idref="fl-d9"/>
      </object_component>
      <object_component id="oc-32d">
         <name>.text</name>
         <load_address>0x3ab6</load_address>
         <run_address>0x3ab6</run_address>
         <size>0x14</size>
         <input_file_ref idref="fl-d6"/>
      </object_component>
      <object_component id="oc-1de">
         <name>.text:GPIOPinTypeADC</name>
         <load_address>0x3aca</load_address>
         <run_address>0x3aca</run_address>
         <size>0x12</size>
         <input_file_ref idref="fl-e3"/>
      </object_component>
      <object_component id="oc-14a">
         <name>.text:GPIOPinTypeGPIOInput</name>
         <load_address>0x3adc</load_address>
         <run_address>0x3adc</run_address>
         <size>0x12</size>
         <input_file_ref idref="fl-e3"/>
      </object_component>
      <object_component id="oc-1b7">
         <name>.text:GPIOPinTypeI2C</name>
         <load_address>0x3aee</load_address>
         <run_address>0x3aee</run_address>
         <size>0x12</size>
         <input_file_ref idref="fl-e3"/>
      </object_component>
      <object_component id="oc-1b1">
         <name>.text:GPIOPinTypeI2CSCL</name>
         <load_address>0x3b00</load_address>
         <run_address>0x3b00</run_address>
         <size>0x12</size>
         <input_file_ref idref="fl-e3"/>
      </object_component>
      <object_component id="oc-1cb">
         <name>.text:GPIOPinTypeSSI</name>
         <load_address>0x3b12</load_address>
         <run_address>0x3b12</run_address>
         <size>0x12</size>
         <input_file_ref idref="fl-e3"/>
      </object_component>
      <object_component id="oc-189">
         <name>.text:GPIOPinTypeUART</name>
         <load_address>0x3b24</load_address>
         <run_address>0x3b24</run_address>
         <size>0x12</size>
         <input_file_ref idref="fl-e3"/>
      </object_component>
      <object_component id="oc-153">
         <name>.text:SSIDataGetNonBlocking</name>
         <load_address>0x3b36</load_address>
         <run_address>0x3b36</run_address>
         <size>0x12</size>
         <input_file_ref idref="fl-e7"/>
      </object_component>
      <object_component id="oc-44">
         <name>.text:decompress:ZI:__TI_zero_init_nomemset</name>
         <load_address>0x3b48</load_address>
         <run_address>0x3b48</run_address>
         <size>0x12</size>
         <input_file_ref idref="fl-c3"/>
      </object_component>
      <object_component id="oc-12c">
         <name>.text:IntMasterEnable</name>
         <load_address>0x3b5a</load_address>
         <run_address>0x3b5a</run_address>
         <size>0x10</size>
         <input_file_ref idref="fl-e5"/>
      </object_component>
      <object_component id="oc-1f0">
         <name>.text:ADCSequenceEnable</name>
         <load_address>0x3b6a</load_address>
         <run_address>0x3b6a</run_address>
         <size>0xe</size>
         <input_file_ref idref="fl-e2"/>
      </object_component>
      <object_component id="oc-132">
         <name>.text:UARTCharsAvail</name>
         <load_address>0x3b78</load_address>
         <run_address>0x3b78</run_address>
         <size>0xe</size>
         <input_file_ref idref="fl-e9"/>
      </object_component>
      <object_component id="oc-18">
         <name>.text:decompress:none</name>
         <load_address>0x3b86</load_address>
         <run_address>0x3b86</run_address>
         <size>0xe</size>
         <input_file_ref idref="fl-c4"/>
      </object_component>
      <object_component id="oc-27c">
         <name>.text:CPUcpsie</name>
         <load_address>0x3b94</load_address>
         <run_address>0x3b94</run_address>
         <size>0xc</size>
         <input_file_ref idref="fl-ea"/>
      </object_component>
      <object_component id="oc-16b">
         <name>.text:SSIDataGet</name>
         <load_address>0x3ba0</load_address>
         <run_address>0x3ba0</run_address>
         <size>0xc</size>
         <input_file_ref idref="fl-e7"/>
      </object_component>
      <object_component id="oc-24">
         <name>.text</name>
         <load_address>0x3bac</load_address>
         <run_address>0x3bac</run_address>
         <size>0xc</size>
         <input_file_ref idref="fl-4"/>
      </object_component>
      <object_component id="oc-1f6">
         <name>.text:ADCIntClear</name>
         <load_address>0x3bb8</load_address>
         <run_address>0x3bb8</run_address>
         <size>0xa</size>
         <input_file_ref idref="fl-e2"/>
      </object_component>
      <object_component id="oc-2bd">
         <name>.text:I2CMasterEnable</name>
         <load_address>0x3bc2</load_address>
         <run_address>0x3bc2</run_address>
         <size>0xa</size>
         <input_file_ref idref="fl-e4"/>
      </object_component>
      <object_component id="oc-15f">
         <name>.text:SSIDataPut</name>
         <load_address>0x3bcc</load_address>
         <run_address>0x3bcc</run_address>
         <size>0xa</size>
         <input_file_ref idref="fl-e7"/>
      </object_component>
      <object_component id="oc-1d7">
         <name>.text:SSIEnable</name>
         <load_address>0x3bd6</load_address>
         <run_address>0x3bd6</run_address>
         <size>0xa</size>
         <input_file_ref idref="fl-e7"/>
      </object_component>
      <object_component id="oc-bb">
         <name>.text:UARTCharGet</name>
         <load_address>0x3be0</load_address>
         <run_address>0x3be0</run_address>
         <size>0xa</size>
         <input_file_ref idref="fl-e9"/>
      </object_component>
      <object_component id="oc-1a1">
         <name>.text:UARTCharPut</name>
         <load_address>0x3bea</load_address>
         <run_address>0x3bea</run_address>
         <size>0xa</size>
         <input_file_ref idref="fl-e9"/>
      </object_component>
      <object_component id="oc-b5">
         <name>.text:UARTIntStatus</name>
         <load_address>0x3bf4</load_address>
         <run_address>0x3bf4</run_address>
         <size>0xa</size>
         <input_file_ref idref="fl-e9"/>
      </object_component>
      <object_component id="oc-2c5">
         <name>.text:I2CMasterIntEnableEx</name>
         <load_address>0x3bfe</load_address>
         <run_address>0x3bfe</run_address>
         <size>0x8</size>
         <input_file_ref idref="fl-e4"/>
      </object_component>
      <object_component id="oc-165">
         <name>.text:SSIBusy</name>
         <load_address>0x3c06</load_address>
         <run_address>0x3c06</run_address>
         <size>0x8</size>
         <input_file_ref idref="fl-e7"/>
      </object_component>
      <object_component id="oc-d3">
         <name>.text:UARTIntEnable</name>
         <load_address>0x3c0e</load_address>
         <run_address>0x3c0e</run_address>
         <size>0x8</size>
         <input_file_ref idref="fl-e9"/>
      </object_component>
      <object_component id="oc-17d">
         <name>.text:GPIOPinRead</name>
         <load_address>0x3c16</load_address>
         <run_address>0x3c16</run_address>
         <size>0x6</size>
         <input_file_ref idref="fl-e3"/>
      </object_component>
      <object_component id="oc-159">
         <name>.text:GPIOPinWrite</name>
         <load_address>0x3c1c</load_address>
         <run_address>0x3c1c</run_address>
         <size>0x6</size>
         <input_file_ref idref="fl-e3"/>
      </object_component>
      <object_component id="oc-125">
         <name>.text:SysCtlDelay</name>
         <load_address>0x3c22</load_address>
         <run_address>0x3c22</run_address>
         <size>0x6</size>
         <input_file_ref idref="fl-e8"/>
      </object_component>
      <object_component id="oc-19b">
         <name>.text:UARTClockSourceSet</name>
         <load_address>0x3c28</load_address>
         <run_address>0x3c28</run_address>
         <size>0x6</size>
         <input_file_ref idref="fl-e9"/>
      </object_component>
      <object_component id="oc-c1">
         <name>.text:UARTIntClear</name>
         <load_address>0x3c2e</load_address>
         <run_address>0x3c2e</run_address>
         <size>0x4</size>
         <input_file_ref idref="fl-e9"/>
      </object_component>
      <object_component id="oc-e3">
         <name>.text:abort</name>
         <load_address>0x3c32</load_address>
         <run_address>0x3c32</run_address>
         <size>0x4</size>
         <input_file_ref idref="fl-cd"/>
      </object_component>
      <object_component id="oc-8d">
         <name>.text</name>
         <load_address>0x3c36</load_address>
         <run_address>0x3c36</run_address>
         <size>0x4</size>
         <input_file_ref idref="fl-cb"/>
      </object_component>
      <object_component id="oc-274">
         <name>.const:g_pppui32XTALtoVCO</name>
         <load_address>0x3c3c</load_address>
         <run_address>0x3c3c</run_address>
         <size>0x1b0</size>
         <input_file_ref idref="fl-e8"/>
      </object_component>
      <object_component id="oc-3cd">
         <name>.const:.string:_ctypes_</name>
         <load_address>0x3dec</load_address>
         <run_address>0x3dec</run_address>
         <size>0x101</size>
         <input_file_ref idref="fl-d2"/>
      </object_component>
      <object_component id="oc-2ab">
         <name>.const:g_pui32GPIOBaseAddrs</name>
         <load_address>0x3ef0</load_address>
         <run_address>0x3ef0</run_address>
         <size>0x90</size>
         <input_file_ref idref="fl-e3"/>
      </object_component>
      <object_component id="oc-217">
         <name>.const</name>
         <load_address>0x3f80</load_address>
         <run_address>0x3f80</run_address>
         <size>0x70</size>
         <input_file_ref idref="fl-e5"/>
      </object_component>
      <object_component id="oc-271">
         <name>.const:g_pui32Xtals</name>
         <load_address>0x3ff0</load_address>
         <run_address>0x3ff0</run_address>
         <size>0x6c</size>
         <input_file_ref idref="fl-e8"/>
      </object_component>
      <object_component id="oc-315">
         <name>.const:g_sXTALtoMEMTIM</name>
         <load_address>0x405c</load_address>
         <run_address>0x405c</run_address>
         <size>0x30</size>
         <input_file_ref idref="fl-e8"/>
      </object_component>
      <object_component id="oc-2ef">
         <name>.const:.string</name>
         <load_address>0x408c</load_address>
         <run_address>0x408c</run_address>
         <size>0x12</size>
         <input_file_ref idref="fl-5"/>
      </object_component>
      <object_component id="oc-22f">
         <name>.const:g_ui32UARTBase</name>
         <load_address>0x40a0</load_address>
         <run_address>0x40a0</run_address>
         <size>0xc</size>
         <input_file_ref idref="fl-5"/>
      </object_component>
      <object_component id="oc-229">
         <name>.const:g_ui32UARTPeriph</name>
         <load_address>0x40ac</load_address>
         <run_address>0x40ac</run_address>
         <size>0xc</size>
         <input_file_ref idref="fl-5"/>
      </object_component>
      <object_component id="oc-277">
         <name>.const</name>
         <load_address>0x40b8</load_address>
         <run_address>0x40b8</run_address>
         <size>0x8</size>
         <input_file_ref idref="fl-e8"/>
      </object_component>
      <object_component id="oc-237">
         <name>.const</name>
         <load_address>0x40c0</load_address>
         <run_address>0x40c0</run_address>
         <size>0x4</size>
         <input_file_ref idref="fl-5"/>
      </object_component>
      <object_component id="oc-41a">
         <name>.cinit..data.load</name>
         <load_address>0x40c8</load_address>
         <run_address>0x40c8</run_address>
         <size>0x14</size>
      </object_component>
      <object_component id="oc-418">
         <name>__TI_handler_table</name>
         <load_address>0x40dc</load_address>
         <run_address>0x40dc</run_address>
         <size>0xc</size>
      </object_component>
      <object_component id="oc-41b">
         <name>.cinit..bss.load</name>
         <load_address>0x40e8</load_address>
         <run_address>0x40e8</run_address>
         <size>0x8</size>
      </object_component>
      <object_component id="oc-419">
         <name>__TI_cinit_table</name>
         <load_address>0x40f0</load_address>
         <run_address>0x40f0</run_address>
         <size>0x10</size>
      </object_component>
      <object_component id="oc-df">
         <name>.data</name>
         <load_address>0x200002d1</load_address>
         <run_address>0x200002d1</run_address>
         <size>0x3</size>
         <input_file_ref idref="fl-2"/>
      </object_component>
      <object_component id="oc-20e">
         <name>.data:adcArray</name>
         <load_address>0x200002b8</load_address>
         <run_address>0x200002b8</run_address>
         <size>0x10</size>
         <input_file_ref idref="fl-3"/>
      </object_component>
      <object_component id="oc-150">
         <name>.data</name>
         <load_address>0x200002c8</load_address>
         <run_address>0x200002c8</run_address>
         <size>0x9</size>
         <input_file_ref idref="fl-3"/>
      </object_component>
      <object_component id="oc-22c">
         <name>.data</name>
         <load_address>0x200002d4</load_address>
         <run_address>0x200002d4</run_address>
         <size>0x5</size>
         <input_file_ref idref="fl-5"/>
      </object_component>
      <object_component id="oc-3c6">
         <name>.data</name>
         <load_address>0x200002dc</load_address>
         <run_address>0x200002dc</run_address>
         <size>0x4</size>
         <input_file_ref idref="fl-e1"/>
      </object_component>
      <object_component id="oc-141">
         <name>.common:charBuf</name>
         <uninitialized>true</uninitialized>
         <run_address>0x20000200</run_address>
         <size>0x64</size>
      </object_component>
      <object_component id="oc-13e">
         <name>.common:ui32SysClock</name>
         <uninitialized>true</uninitialized>
         <run_address>0x200002b4</run_address>
         <size>0x4</size>
      </object_component>
      <object_component id="oc-1aa">
         <name>.common:pui32DataTx</name>
         <uninitialized>true</uninitialized>
         <run_address>0x20000298</run_address>
         <size>0xc</size>
      </object_component>
      <object_component id="oc-1a7">
         <name>.common:pui32DataRx</name>
         <uninitialized>true</uninitialized>
         <run_address>0x2000028c</run_address>
         <size>0xc</size>
      </object_component>
      <object_component id="oc-1dd">
         <name>.common:ui32Index</name>
         <uninitialized>true</uninitialized>
         <run_address>0x200002ac</run_address>
         <size>0x4</size>
      </object_component>
      <object_component id="oc-1a8">
         <name>.common:pui32DataTx2</name>
         <uninitialized>true</uninitialized>
         <run_address>0x20000278</run_address>
         <size>0x14</size>
      </object_component>
      <object_component id="oc-1c9">
         <name>.common:pui32DataRx2</name>
         <uninitialized>true</uninitialized>
         <run_address>0x20000264</run_address>
         <size>0x14</size>
      </object_component>
      <object_component id="oc-1a9">
         <name>.common:ui32Index2</name>
         <uninitialized>true</uninitialized>
         <run_address>0x200002b0</run_address>
         <size>0x4</size>
      </object_component>
      <object_component id="oc-1ca">
         <name>.common:encoderVal</name>
         <uninitialized>true</uninitialized>
         <run_address>0x200002a4</run_address>
         <size>0x8</size>
      </object_component>
      <object_component id="oc-21">
         <name>.stack</name>
         <uninitialized>true</uninitialized>
         <run_address>0x20000000</run_address>
         <size>0x4</size>
         <input_file_ref idref="fl-c8"/>
      </object_component>
      <object_component id="oc-41c">
         <name>.stack</name>
         <uninitialized>true</uninitialized>
         <run_address>0x20000000</run_address>
         <size>0x0</size>
      </object_component>
      <object_component id="oc-142">
         <name>.debug_info</name>
         <load_address>0x0</load_address>
         <run_address>0x0</run_address>
         <size>0x603</size>
         <input_file_ref idref="fl-2"/>
      </object_component>
      <object_component id="oc-e0">
         <name>.debug_info</name>
         <load_address>0x603</load_address>
         <run_address>0x603</run_address>
         <size>0x122</size>
         <input_file_ref idref="fl-2"/>
      </object_component>
      <object_component id="oc-94">
         <name>.debug_info</name>
         <load_address>0x725</load_address>
         <run_address>0x725</run_address>
         <size>0x382</size>
         <input_file_ref idref="fl-2"/>
      </object_component>
      <object_component id="oc-212">
         <name>.debug_info</name>
         <load_address>0xaa7</load_address>
         <run_address>0xaa7</run_address>
         <size>0x4e6</size>
         <input_file_ref idref="fl-2"/>
      </object_component>
      <object_component id="oc-a5">
         <name>.debug_info</name>
         <load_address>0xf8d</load_address>
         <run_address>0xf8d</run_address>
         <size>0x8b</size>
         <input_file_ref idref="fl-2"/>
      </object_component>
      <object_component id="oc-6d">
         <name>.debug_info</name>
         <load_address>0x1018</load_address>
         <run_address>0x1018</run_address>
         <size>0x18b</size>
         <input_file_ref idref="fl-2"/>
      </object_component>
      <object_component id="oc-23c">
         <name>.debug_info</name>
         <load_address>0x11a3</load_address>
         <run_address>0x11a3</run_address>
         <size>0x4e</size>
         <input_file_ref idref="fl-2"/>
      </object_component>
      <object_component id="oc-13f">
         <name>.debug_info</name>
         <load_address>0x11f1</load_address>
         <run_address>0x11f1</run_address>
         <size>0xe24</size>
         <input_file_ref idref="fl-3"/>
      </object_component>
      <object_component id="oc-20f">
         <name>.debug_info</name>
         <load_address>0x2015</load_address>
         <run_address>0x2015</run_address>
         <size>0xc3</size>
         <input_file_ref idref="fl-3"/>
      </object_component>
      <object_component id="oc-151">
         <name>.debug_info</name>
         <load_address>0x20d8</load_address>
         <run_address>0x20d8</run_address>
         <size>0x115</size>
         <input_file_ref idref="fl-3"/>
      </object_component>
      <object_component id="oc-c8">
         <name>.debug_info</name>
         <load_address>0x21ed</load_address>
         <run_address>0x21ed</run_address>
         <size>0x1c24</size>
         <input_file_ref idref="fl-3"/>
      </object_component>
      <object_component id="oc-2c">
         <name>.debug_info</name>
         <load_address>0x3e11</load_address>
         <run_address>0x3e11</run_address>
         <size>0x290</size>
         <input_file_ref idref="fl-4"/>
      </object_component>
      <object_component id="oc-10">
         <name>.debug_info</name>
         <load_address>0x40a1</load_address>
         <run_address>0x40a1</run_address>
         <size>0xe1</size>
         <input_file_ref idref="fl-4"/>
      </object_component>
      <object_component id="oc-26">
         <name>.debug_info</name>
         <load_address>0x4182</load_address>
         <run_address>0x4182</run_address>
         <size>0x260</size>
         <input_file_ref idref="fl-4"/>
      </object_component>
      <object_component id="oc-33">
         <name>.debug_info</name>
         <load_address>0x43e2</load_address>
         <run_address>0x43e2</run_address>
         <size>0x84</size>
         <input_file_ref idref="fl-4"/>
      </object_component>
      <object_component id="oc-23b">
         <name>.debug_info</name>
         <load_address>0x4466</load_address>
         <run_address>0x4466</run_address>
         <size>0x3c9</size>
         <input_file_ref idref="fl-5"/>
      </object_component>
      <object_component id="oc-22d">
         <name>.debug_info</name>
         <load_address>0x482f</load_address>
         <run_address>0x482f</run_address>
         <size>0xcc</size>
         <input_file_ref idref="fl-5"/>
      </object_component>
      <object_component id="oc-238">
         <name>.debug_info</name>
         <load_address>0x48fb</load_address>
         <run_address>0x48fb</run_address>
         <size>0xc6</size>
         <input_file_ref idref="fl-5"/>
      </object_component>
      <object_component id="oc-230">
         <name>.debug_info</name>
         <load_address>0x49c1</load_address>
         <run_address>0x49c1</run_address>
         <size>0xd4</size>
         <input_file_ref idref="fl-5"/>
      </object_component>
      <object_component id="oc-22a">
         <name>.debug_info</name>
         <load_address>0x4a95</load_address>
         <run_address>0x4a95</run_address>
         <size>0xd8</size>
         <input_file_ref idref="fl-5"/>
      </object_component>
      <object_component id="oc-da">
         <name>.debug_info</name>
         <load_address>0x4b6d</load_address>
         <run_address>0x4b6d</run_address>
         <size>0x775</size>
         <input_file_ref idref="fl-5"/>
      </object_component>
      <object_component id="oc-235">
         <name>.debug_info</name>
         <load_address>0x52e2</load_address>
         <run_address>0x52e2</run_address>
         <size>0x13a</size>
         <input_file_ref idref="fl-c1"/>
      </object_component>
      <object_component id="oc-89">
         <name>.debug_info</name>
         <load_address>0x541c</load_address>
         <run_address>0x541c</run_address>
         <size>0x13f</size>
         <input_file_ref idref="fl-c2"/>
      </object_component>
      <object_component id="oc-86">
         <name>.debug_info</name>
         <load_address>0x555b</load_address>
         <run_address>0x555b</run_address>
         <size>0x2c9</size>
         <input_file_ref idref="fl-c3"/>
      </object_component>
      <object_component id="oc-48">
         <name>.debug_info</name>
         <load_address>0x5824</load_address>
         <run_address>0x5824</run_address>
         <size>0x1b4</size>
         <input_file_ref idref="fl-c3"/>
      </object_component>
      <object_component id="oc-81">
         <name>.debug_info</name>
         <load_address>0x59d8</load_address>
         <run_address>0x59d8</run_address>
         <size>0x46</size>
         <input_file_ref idref="fl-c3"/>
      </object_component>
      <object_component id="oc-ac">
         <name>.debug_info</name>
         <load_address>0x5a1e</load_address>
         <run_address>0x5a1e</run_address>
         <size>0x2c</size>
         <input_file_ref idref="fl-c3"/>
      </object_component>
      <object_component id="oc-43">
         <name>.debug_info</name>
         <load_address>0x5a4a</load_address>
         <run_address>0x5a4a</run_address>
         <size>0x2e4</size>
         <input_file_ref idref="fl-c4"/>
      </object_component>
      <object_component id="oc-1a">
         <name>.debug_info</name>
         <load_address>0x5d2e</load_address>
         <run_address>0x5d2e</run_address>
         <size>0x1df</size>
         <input_file_ref idref="fl-c4"/>
      </object_component>
      <object_component id="oc-3e">
         <name>.debug_info</name>
         <load_address>0x5f0d</load_address>
         <run_address>0x5f0d</run_address>
         <size>0x46</size>
         <input_file_ref idref="fl-c4"/>
      </object_component>
      <object_component id="oc-79">
         <name>.debug_info</name>
         <load_address>0x5f53</load_address>
         <run_address>0x5f53</run_address>
         <size>0x2c</size>
         <input_file_ref idref="fl-c4"/>
      </object_component>
      <object_component id="oc-77">
         <name>.debug_info</name>
         <load_address>0x5f7f</load_address>
         <run_address>0x5f7f</run_address>
         <size>0x293</size>
         <input_file_ref idref="fl-c5"/>
      </object_component>
      <object_component id="oc-13">
         <name>.debug_info</name>
         <load_address>0x6212</load_address>
         <run_address>0x6212</run_address>
         <size>0x245</size>
         <input_file_ref idref="fl-c5"/>
      </object_component>
      <object_component id="oc-2e">
         <name>.debug_info</name>
         <load_address>0x6457</load_address>
         <run_address>0x6457</run_address>
         <size>0x60</size>
         <input_file_ref idref="fl-c5"/>
      </object_component>
      <object_component id="oc-72">
         <name>.debug_info</name>
         <load_address>0x64b7</load_address>
         <run_address>0x64b7</run_address>
         <size>0x46</size>
         <input_file_ref idref="fl-c5"/>
      </object_component>
      <object_component id="oc-2e9">
         <name>.debug_info</name>
         <load_address>0x64fd</load_address>
         <run_address>0x64fd</run_address>
         <size>0x147</size>
         <input_file_ref idref="fl-c6"/>
      </object_component>
      <object_component id="oc-28b">
         <name>.debug_info</name>
         <load_address>0x6644</load_address>
         <run_address>0x6644</run_address>
         <size>0x364</size>
         <input_file_ref idref="fl-c7"/>
      </object_component>
      <object_component id="oc-13b">
         <name>.debug_info</name>
         <load_address>0x69a8</load_address>
         <run_address>0x69a8</run_address>
         <size>0x2e4</size>
         <input_file_ref idref="fl-c7"/>
      </object_component>
      <object_component id="oc-386">
         <name>.debug_info</name>
         <load_address>0x6c8c</load_address>
         <run_address>0x6c8c</run_address>
         <size>0x2c</size>
         <input_file_ref idref="fl-c7"/>
      </object_component>
      <object_component id="oc-22">
         <name>.debug_info</name>
         <load_address>0x6cb8</load_address>
         <run_address>0x6cb8</run_address>
         <size>0x100</size>
         <input_file_ref idref="fl-c8"/>
      </object_component>
      <object_component id="oc-59">
         <name>.debug_info</name>
         <load_address>0x6db8</load_address>
         <run_address>0x6db8</run_address>
         <size>0x1a4</size>
         <input_file_ref idref="fl-c8"/>
      </object_component>
      <object_component id="oc-39">
         <name>.debug_info</name>
         <load_address>0x6f5c</load_address>
         <run_address>0x6f5c</run_address>
         <size>0x111</size>
         <input_file_ref idref="fl-c9"/>
      </object_component>
      <object_component id="oc-24e">
         <name>.debug_info</name>
         <load_address>0x706d</load_address>
         <run_address>0x706d</run_address>
         <size>0x4a8</size>
         <input_file_ref idref="fl-ca"/>
      </object_component>
      <object_component id="oc-f2">
         <name>.debug_info</name>
         <load_address>0x7515</load_address>
         <run_address>0x7515</run_address>
         <size>0x19b</size>
         <input_file_ref idref="fl-ca"/>
      </object_component>
      <object_component id="oc-304">
         <name>.debug_info</name>
         <load_address>0x76b0</load_address>
         <run_address>0x76b0</run_address>
         <size>0x39</size>
         <input_file_ref idref="fl-ca"/>
      </object_component>
      <object_component id="oc-309">
         <name>.debug_info</name>
         <load_address>0x76e9</load_address>
         <run_address>0x76e9</run_address>
         <size>0x39</size>
         <input_file_ref idref="fl-ca"/>
      </object_component>
      <object_component id="oc-30e">
         <name>.debug_info</name>
         <load_address>0x7722</load_address>
         <run_address>0x7722</run_address>
         <size>0xcd</size>
         <input_file_ref idref="fl-ca"/>
      </object_component>
      <object_component id="oc-8f">
         <name>.debug_info</name>
         <load_address>0x77ef</load_address>
         <run_address>0x77ef</run_address>
         <size>0x148</size>
         <input_file_ref idref="fl-cb"/>
      </object_component>
      <object_component id="oc-e4">
         <name>.debug_info</name>
         <load_address>0x7937</load_address>
         <run_address>0x7937</run_address>
         <size>0x117</size>
         <input_file_ref idref="fl-cd"/>
      </object_component>
      <object_component id="oc-37b">
         <name>.debug_info</name>
         <load_address>0x7a4e</load_address>
         <run_address>0x7a4e</run_address>
         <size>0x583</size>
         <input_file_ref idref="fl-cf"/>
      </object_component>
      <object_component id="oc-286">
         <name>.debug_info</name>
         <load_address>0x7fd1</load_address>
         <run_address>0x7fd1</run_address>
         <size>0x1549</size>
         <input_file_ref idref="fl-cf"/>
      </object_component>
      <object_component id="oc-37c">
         <name>.debug_info</name>
         <load_address>0x951a</load_address>
         <run_address>0x951a</run_address>
         <size>0x86</size>
         <input_file_ref idref="fl-cf"/>
      </object_component>
      <object_component id="oc-381">
         <name>.debug_info</name>
         <load_address>0x95a0</load_address>
         <run_address>0x95a0</run_address>
         <size>0x53</size>
         <input_file_ref idref="fl-cf"/>
      </object_component>
      <object_component id="oc-3d6">
         <name>.debug_info</name>
         <load_address>0x95f3</load_address>
         <run_address>0x95f3</run_address>
         <size>0x46</size>
         <input_file_ref idref="fl-cf"/>
      </object_component>
      <object_component id="oc-3d1">
         <name>.debug_info</name>
         <load_address>0x9639</load_address>
         <run_address>0x9639</run_address>
         <size>0x2ae</size>
         <input_file_ref idref="fl-d1"/>
      </object_component>
      <object_component id="oc-36f">
         <name>.debug_info</name>
         <load_address>0x98e7</load_address>
         <run_address>0x98e7</run_address>
         <size>0x171</size>
         <input_file_ref idref="fl-d1"/>
      </object_component>
      <object_component id="oc-3ea">
         <name>.debug_info</name>
         <load_address>0x9a58</load_address>
         <run_address>0x9a58</run_address>
         <size>0xee</size>
         <input_file_ref idref="fl-d2"/>
      </object_component>
      <object_component id="oc-3ce">
         <name>.debug_info</name>
         <load_address>0x9b46</load_address>
         <run_address>0x9b46</run_address>
         <size>0xfa</size>
         <input_file_ref idref="fl-d2"/>
      </object_component>
      <object_component id="oc-3b6">
         <name>.debug_info</name>
         <load_address>0x9c40</load_address>
         <run_address>0x9c40</run_address>
         <size>0x31d</size>
         <input_file_ref idref="fl-d3"/>
      </object_component>
      <object_component id="oc-350">
         <name>.debug_info</name>
         <load_address>0x9f5d</load_address>
         <run_address>0x9f5d</run_address>
         <size>0x1c2</size>
         <input_file_ref idref="fl-d3"/>
      </object_component>
      <object_component id="oc-3d3">
         <name>.debug_info</name>
         <load_address>0xa11f</load_address>
         <run_address>0xa11f</run_address>
         <size>0x28b</size>
         <input_file_ref idref="fl-d4"/>
      </object_component>
      <object_component id="oc-376">
         <name>.debug_info</name>
         <load_address>0xa3aa</load_address>
         <run_address>0xa3aa</run_address>
         <size>0x1ab</size>
         <input_file_ref idref="fl-d4"/>
      </object_component>
      <object_component id="oc-3cc">
         <name>.debug_info</name>
         <load_address>0xa555</load_address>
         <run_address>0xa555</run_address>
         <size>0x28f</size>
         <input_file_ref idref="fl-d5"/>
      </object_component>
      <object_component id="oc-369">
         <name>.debug_info</name>
         <load_address>0xa7e4</load_address>
         <run_address>0xa7e4</run_address>
         <size>0x245</size>
         <input_file_ref idref="fl-d5"/>
      </object_component>
      <object_component id="oc-3af">
         <name>.debug_info</name>
         <load_address>0xaa29</load_address>
         <run_address>0xaa29</run_address>
         <size>0x284</size>
         <input_file_ref idref="fl-d6"/>
      </object_component>
      <object_component id="oc-32e">
         <name>.debug_info</name>
         <load_address>0xacad</load_address>
         <run_address>0xacad</run_address>
         <size>0x22a</size>
         <input_file_ref idref="fl-d6"/>
      </object_component>
      <object_component id="oc-3ba">
         <name>.debug_info</name>
         <load_address>0xaed7</load_address>
         <run_address>0xaed7</run_address>
         <size>0x2d9</size>
         <input_file_ref idref="fl-d7"/>
      </object_component>
      <object_component id="oc-35f">
         <name>.debug_info</name>
         <load_address>0xb1b0</load_address>
         <run_address>0xb1b0</run_address>
         <size>0x18a</size>
         <input_file_ref idref="fl-d7"/>
      </object_component>
      <object_component id="oc-3bb">
         <name>.debug_info</name>
         <load_address>0xb33a</load_address>
         <run_address>0xb33a</run_address>
         <size>0x2c</size>
         <input_file_ref idref="fl-d7"/>
      </object_component>
      <object_component id="oc-3ca">
         <name>.debug_info</name>
         <load_address>0xb366</load_address>
         <run_address>0xb366</run_address>
         <size>0x316</size>
         <input_file_ref idref="fl-d8"/>
      </object_component>
      <object_component id="oc-365">
         <name>.debug_info</name>
         <load_address>0xb67c</load_address>
         <run_address>0xb67c</run_address>
         <size>0x1c6</size>
         <input_file_ref idref="fl-d8"/>
      </object_component>
      <object_component id="oc-3c3">
         <name>.debug_info</name>
         <load_address>0xb842</load_address>
         <run_address>0xb842</run_address>
         <size>0x156</size>
         <input_file_ref idref="fl-d9"/>
      </object_component>
      <object_component id="oc-358">
         <name>.debug_info</name>
         <load_address>0xb998</load_address>
         <run_address>0xb998</run_address>
         <size>0x144</size>
         <input_file_ref idref="fl-da"/>
      </object_component>
      <object_component id="oc-334">
         <name>.debug_info</name>
         <load_address>0xbadc</load_address>
         <run_address>0xbadc</run_address>
         <size>0x120</size>
         <input_file_ref idref="fl-db"/>
      </object_component>
      <object_component id="oc-343">
         <name>.debug_info</name>
         <load_address>0xbbfc</load_address>
         <run_address>0xbbfc</run_address>
         <size>0x122</size>
         <input_file_ref idref="fl-db"/>
      </object_component>
      <object_component id="oc-33f">
         <name>.debug_info</name>
         <load_address>0xbd1e</load_address>
         <run_address>0xbd1e</run_address>
         <size>0x132</size>
         <input_file_ref idref="fl-dc"/>
      </object_component>
      <object_component id="oc-339">
         <name>.debug_info</name>
         <load_address>0xbe50</load_address>
         <run_address>0xbe50</run_address>
         <size>0x132</size>
         <input_file_ref idref="fl-dd"/>
      </object_component>
      <object_component id="oc-349">
         <name>.debug_info</name>
         <load_address>0xbf82</load_address>
         <run_address>0xbf82</run_address>
         <size>0x126</size>
         <input_file_ref idref="fl-de"/>
      </object_component>
      <object_component id="oc-355">
         <name>.debug_info</name>
         <load_address>0xc0a8</load_address>
         <run_address>0xc0a8</run_address>
         <size>0x124</size>
         <input_file_ref idref="fl-df"/>
      </object_component>
      <object_component id="oc-329">
         <name>.debug_info</name>
         <load_address>0xc1cc</load_address>
         <run_address>0xc1cc</run_address>
         <size>0x17d</size>
         <input_file_ref idref="fl-e0"/>
      </object_component>
      <object_component id="oc-3c7">
         <name>.debug_info</name>
         <load_address>0xc349</load_address>
         <run_address>0xc349</run_address>
         <size>0xf3</size>
         <input_file_ref idref="fl-e1"/>
      </object_component>
      <object_component id="oc-2d2">
         <name>.debug_info</name>
         <load_address>0xc43c</load_address>
         <run_address>0xc43c</run_address>
         <size>0x23d</size>
         <input_file_ref idref="fl-e2"/>
      </object_component>
      <object_component id="oc-1eb">
         <name>.debug_info</name>
         <load_address>0xc679</load_address>
         <run_address>0xc679</run_address>
         <size>0x333</size>
         <input_file_ref idref="fl-e2"/>
      </object_component>
      <object_component id="oc-1f1">
         <name>.debug_info</name>
         <load_address>0xc9ac</load_address>
         <run_address>0xc9ac</run_address>
         <size>0x2a0</size>
         <input_file_ref idref="fl-e2"/>
      </object_component>
      <object_component id="oc-203">
         <name>.debug_info</name>
         <load_address>0xcc4c</load_address>
         <run_address>0xcc4c</run_address>
         <size>0x2ff</size>
         <input_file_ref idref="fl-e2"/>
      </object_component>
      <object_component id="oc-1e5">
         <name>.debug_info</name>
         <load_address>0xcf4b</load_address>
         <run_address>0xcf4b</run_address>
         <size>0x326</size>
         <input_file_ref idref="fl-e2"/>
      </object_component>
      <object_component id="oc-1fd">
         <name>.debug_info</name>
         <load_address>0xd271</load_address>
         <run_address>0xd271</run_address>
         <size>0x2a4</size>
         <input_file_ref idref="fl-e2"/>
      </object_component>
      <object_component id="oc-209">
         <name>.debug_info</name>
         <load_address>0xd515</load_address>
         <run_address>0xd515</run_address>
         <size>0x2e7</size>
         <input_file_ref idref="fl-e2"/>
      </object_component>
      <object_component id="oc-1f7">
         <name>.debug_info</name>
         <load_address>0xd7fc</load_address>
         <run_address>0xd7fc</run_address>
         <size>0x294</size>
         <input_file_ref idref="fl-e2"/>
      </object_component>
      <object_component id="oc-2a3">
         <name>.debug_info</name>
         <load_address>0xda90</load_address>
         <run_address>0xda90</run_address>
         <size>0x230</size>
         <input_file_ref idref="fl-e3"/>
      </object_component>
      <object_component id="oc-2ac">
         <name>.debug_info</name>
         <load_address>0xdcc0</load_address>
         <run_address>0xdcc0</run_address>
         <size>0x15b</size>
         <input_file_ref idref="fl-e3"/>
      </object_component>
      <object_component id="oc-15a">
         <name>.debug_info</name>
         <load_address>0xde1b</load_address>
         <run_address>0xde1b</run_address>
         <size>0x2a3</size>
         <input_file_ref idref="fl-e3"/>
      </object_component>
      <object_component id="oc-292">
         <name>.debug_info</name>
         <load_address>0xe0be</load_address>
         <run_address>0xe0be</run_address>
         <size>0x2b3</size>
         <input_file_ref idref="fl-e3"/>
      </object_component>
      <object_component id="oc-298">
         <name>.debug_info</name>
         <load_address>0xe371</load_address>
         <run_address>0xe371</run_address>
         <size>0x316</size>
         <input_file_ref idref="fl-e3"/>
      </object_component>
      <object_component id="oc-18a">
         <name>.debug_info</name>
         <load_address>0xe687</load_address>
         <run_address>0xe687</run_address>
         <size>0x27b</size>
         <input_file_ref idref="fl-e3"/>
      </object_component>
      <object_component id="oc-1cc">
         <name>.debug_info</name>
         <load_address>0xe902</load_address>
         <run_address>0xe902</run_address>
         <size>0x279</size>
         <input_file_ref idref="fl-e3"/>
      </object_component>
      <object_component id="oc-1b2">
         <name>.debug_info</name>
         <load_address>0xeb7b</load_address>
         <run_address>0xeb7b</run_address>
         <size>0x27f</size>
         <input_file_ref idref="fl-e3"/>
      </object_component>
      <object_component id="oc-1b8">
         <name>.debug_info</name>
         <load_address>0xedfa</load_address>
         <run_address>0xedfa</run_address>
         <size>0x279</size>
         <input_file_ref idref="fl-e3"/>
      </object_component>
      <object_component id="oc-172">
         <name>.debug_info</name>
         <load_address>0xf073</load_address>
         <run_address>0xf073</run_address>
         <size>0x2b7</size>
         <input_file_ref idref="fl-e3"/>
      </object_component>
      <object_component id="oc-14b">
         <name>.debug_info</name>
         <load_address>0xf32a</load_address>
         <run_address>0xf32a</run_address>
         <size>0x285</size>
         <input_file_ref idref="fl-e3"/>
      </object_component>
      <object_component id="oc-1df">
         <name>.debug_info</name>
         <load_address>0xf5af</load_address>
         <run_address>0xf5af</run_address>
         <size>0x279</size>
         <input_file_ref idref="fl-e3"/>
      </object_component>
      <object_component id="oc-17e">
         <name>.debug_info</name>
         <load_address>0xf828</load_address>
         <run_address>0xf828</run_address>
         <size>0x27b</size>
         <input_file_ref idref="fl-e3"/>
      </object_component>
      <object_component id="oc-184">
         <name>.debug_info</name>
         <load_address>0xfaa3</load_address>
         <run_address>0xfaa3</run_address>
         <size>0x280</size>
         <input_file_ref idref="fl-e3"/>
      </object_component>
      <object_component id="oc-2c4">
         <name>.debug_info</name>
         <load_address>0xfd23</load_address>
         <run_address>0xfd23</run_address>
         <size>0x231</size>
         <input_file_ref idref="fl-e4"/>
      </object_component>
      <object_component id="oc-2c8">
         <name>.debug_info</name>
         <load_address>0xff54</load_address>
         <run_address>0xff54</run_address>
         <size>0x29a</size>
         <input_file_ref idref="fl-e4"/>
      </object_component>
      <object_component id="oc-2c0">
         <name>.debug_info</name>
         <load_address>0x101ee</load_address>
         <run_address>0x101ee</run_address>
         <size>0x24e</size>
         <input_file_ref idref="fl-e4"/>
      </object_component>
      <object_component id="oc-1c0">
         <name>.debug_info</name>
         <load_address>0x1043c</load_address>
         <run_address>0x1043c</run_address>
         <size>0x2d5</size>
         <input_file_ref idref="fl-e4"/>
      </object_component>
      <object_component id="oc-21b">
         <name>.debug_info</name>
         <load_address>0x10711</load_address>
         <run_address>0x10711</run_address>
         <size>0x20e</size>
         <input_file_ref idref="fl-e5"/>
      </object_component>
      <object_component id="oc-218">
         <name>.debug_info</name>
         <load_address>0x1091f</load_address>
         <run_address>0x1091f</run_address>
         <size>0x210</size>
         <input_file_ref idref="fl-e5"/>
      </object_component>
      <object_component id="oc-12d">
         <name>.debug_info</name>
         <load_address>0x10b2f</load_address>
         <run_address>0x10b2f</run_address>
         <size>0x23e</size>
         <input_file_ref idref="fl-e5"/>
      </object_component>
      <object_component id="oc-ce">
         <name>.debug_info</name>
         <load_address>0x10d6d</load_address>
         <run_address>0x10d6d</run_address>
         <size>0x268</size>
         <input_file_ref idref="fl-e5"/>
      </object_component>
      <object_component id="oc-2a9">
         <name>.debug_info</name>
         <load_address>0x10fd5</load_address>
         <run_address>0x10fd5</run_address>
         <size>0x1ed</size>
         <input_file_ref idref="fl-e6"/>
      </object_component>
      <object_component id="oc-178">
         <name>.debug_info</name>
         <load_address>0x111c2</load_address>
         <run_address>0x111c2</run_address>
         <size>0x2f6</size>
         <input_file_ref idref="fl-e6"/>
      </object_component>
      <object_component id="oc-2a1">
         <name>.debug_info</name>
         <load_address>0x114b8</load_address>
         <run_address>0x114b8</run_address>
         <size>0x21c</size>
         <input_file_ref idref="fl-e7"/>
      </object_component>
      <object_component id="oc-1d8">
         <name>.debug_info</name>
         <load_address>0x116d4</load_address>
         <run_address>0x116d4</run_address>
         <size>0x242</size>
         <input_file_ref idref="fl-e7"/>
      </object_component>
      <object_component id="oc-160">
         <name>.debug_info</name>
         <load_address>0x11916</load_address>
         <run_address>0x11916</run_address>
         <size>0x276</size>
         <input_file_ref idref="fl-e7"/>
      </object_component>
      <object_component id="oc-154">
         <name>.debug_info</name>
         <load_address>0x11b8c</load_address>
         <run_address>0x11b8c</run_address>
         <size>0x29a</size>
         <input_file_ref idref="fl-e7"/>
      </object_component>
      <object_component id="oc-16c">
         <name>.debug_info</name>
         <load_address>0x11e26</load_address>
         <run_address>0x11e26</run_address>
         <size>0x27a</size>
         <input_file_ref idref="fl-e7"/>
      </object_component>
      <object_component id="oc-1d2">
         <name>.debug_info</name>
         <load_address>0x120a0</load_address>
         <run_address>0x120a0</run_address>
         <size>0x3d9</size>
         <input_file_ref idref="fl-e7"/>
      </object_component>
      <object_component id="oc-166">
         <name>.debug_info</name>
         <load_address>0x12479</load_address>
         <run_address>0x12479</run_address>
         <size>0x242</size>
         <input_file_ref idref="fl-e7"/>
      </object_component>
      <object_component id="oc-27b">
         <name>.debug_info</name>
         <load_address>0x126bb</load_address>
         <run_address>0x126bb</run_address>
         <size>0x298</size>
         <input_file_ref idref="fl-e8"/>
      </object_component>
      <object_component id="oc-272">
         <name>.debug_info</name>
         <load_address>0x12953</load_address>
         <run_address>0x12953</run_address>
         <size>0x14d</size>
         <input_file_ref idref="fl-e8"/>
      </object_component>
      <object_component id="oc-275">
         <name>.debug_info</name>
         <load_address>0x12aa0</load_address>
         <run_address>0x12aa0</run_address>
         <size>0x159</size>
         <input_file_ref idref="fl-e8"/>
      </object_component>
      <object_component id="oc-316">
         <name>.debug_info</name>
         <load_address>0x12bf9</load_address>
         <run_address>0x12bf9</run_address>
         <size>0x153</size>
         <input_file_ref idref="fl-e8"/>
      </object_component>
      <object_component id="oc-278">
         <name>.debug_info</name>
         <load_address>0x12d4c</load_address>
         <run_address>0x12d4c</run_address>
         <size>0x160</size>
         <input_file_ref idref="fl-e8"/>
      </object_component>
      <object_component id="oc-1af">
         <name>.debug_info</name>
         <load_address>0x12eac</load_address>
         <run_address>0x12eac</run_address>
         <size>0x295</size>
         <input_file_ref idref="fl-e8"/>
      </object_component>
      <object_component id="oc-221">
         <name>.debug_info</name>
         <load_address>0x13141</load_address>
         <run_address>0x13141</run_address>
         <size>0x283</size>
         <input_file_ref idref="fl-e8"/>
      </object_component>
      <object_component id="oc-148">
         <name>.debug_info</name>
         <load_address>0x133c4</load_address>
         <run_address>0x133c4</run_address>
         <size>0x27d</size>
         <input_file_ref idref="fl-e8"/>
      </object_component>
      <object_component id="oc-190">
         <name>.debug_info</name>
         <load_address>0x13641</load_address>
         <run_address>0x13641</run_address>
         <size>0x2b5</size>
         <input_file_ref idref="fl-e8"/>
      </object_component>
      <object_component id="oc-266">
         <name>.debug_info</name>
         <load_address>0x138f6</load_address>
         <run_address>0x138f6</run_address>
         <size>0x270</size>
         <input_file_ref idref="fl-e8"/>
      </object_component>
      <object_component id="oc-26c">
         <name>.debug_info</name>
         <load_address>0x13b66</load_address>
         <run_address>0x13b66</run_address>
         <size>0x2ba</size>
         <input_file_ref idref="fl-e8"/>
      </object_component>
      <object_component id="oc-127">
         <name>.debug_info</name>
         <load_address>0x13e20</load_address>
         <run_address>0x13e20</run_address>
         <size>0x47f</size>
         <input_file_ref idref="fl-e8"/>
      </object_component>
      <object_component id="oc-322">
         <name>.debug_info</name>
         <load_address>0x1429f</load_address>
         <run_address>0x1429f</run_address>
         <size>0x5f</size>
         <input_file_ref idref="fl-e8"/>
      </object_component>
      <object_component id="oc-122">
         <name>.debug_info</name>
         <load_address>0x142fe</load_address>
         <run_address>0x142fe</run_address>
         <size>0x227</size>
         <input_file_ref idref="fl-e9"/>
      </object_component>
      <object_component id="oc-b6">
         <name>.debug_info</name>
         <load_address>0x14525</load_address>
         <run_address>0x14525</run_address>
         <size>0x27f</size>
         <input_file_ref idref="fl-e9"/>
      </object_component>
      <object_component id="oc-d4">
         <name>.debug_info</name>
         <load_address>0x147a4</load_address>
         <run_address>0x147a4</run_address>
         <size>0x28f</size>
         <input_file_ref idref="fl-e9"/>
      </object_component>
      <object_component id="oc-c2">
         <name>.debug_info</name>
         <load_address>0x14a33</load_address>
         <run_address>0x14a33</run_address>
         <size>0x28d</size>
         <input_file_ref idref="fl-e9"/>
      </object_component>
      <object_component id="oc-224">
         <name>.debug_info</name>
         <load_address>0x14cc0</load_address>
         <run_address>0x14cc0</run_address>
         <size>0x247</size>
         <input_file_ref idref="fl-e9"/>
      </object_component>
      <object_component id="oc-2b2">
         <name>.debug_info</name>
         <load_address>0x14f07</load_address>
         <run_address>0x14f07</run_address>
         <size>0x249</size>
         <input_file_ref idref="fl-e9"/>
      </object_component>
      <object_component id="oc-196">
         <name>.debug_info</name>
         <load_address>0x15150</load_address>
         <run_address>0x15150</run_address>
         <size>0x326</size>
         <input_file_ref idref="fl-e9"/>
      </object_component>
      <object_component id="oc-19c">
         <name>.debug_info</name>
         <load_address>0x15476</load_address>
         <run_address>0x15476</run_address>
         <size>0x291</size>
         <input_file_ref idref="fl-e9"/>
      </object_component>
      <object_component id="oc-133">
         <name>.debug_info</name>
         <load_address>0x15707</load_address>
         <run_address>0x15707</run_address>
         <size>0x253</size>
         <input_file_ref idref="fl-e9"/>
      </object_component>
      <object_component id="oc-1a2">
         <name>.debug_info</name>
         <load_address>0x1595a</load_address>
         <run_address>0x1595a</run_address>
         <size>0x273</size>
         <input_file_ref idref="fl-e9"/>
      </object_component>
      <object_component id="oc-bc">
         <name>.debug_info</name>
         <load_address>0x15bcd</load_address>
         <run_address>0x15bcd</run_address>
         <size>0x24d</size>
         <input_file_ref idref="fl-e9"/>
      </object_component>
      <object_component id="oc-27f">
         <name>.debug_info</name>
         <load_address>0x15e1a</load_address>
         <run_address>0x15e1a</run_address>
         <size>0x212</size>
         <input_file_ref idref="fl-ea"/>
      </object_component>
      <object_component id="oc-2cc">
         <name>.debug_info</name>
         <load_address>0x1602c</load_address>
         <run_address>0x1602c</run_address>
         <size>0x44b</size>
         <input_file_ref idref="fl-eb"/>
      </object_component>
      <object_component id="oc-1c7">
         <name>.debug_info</name>
         <load_address>0x16477</load_address>
         <run_address>0x16477</run_address>
         <size>0x350</size>
         <input_file_ref idref="fl-eb"/>
      </object_component>
      <object_component id="oc-41d">
         <name>.debug_info</name>
         <load_address>0x167c7</load_address>
         <run_address>0x167c7</run_address>
         <size>0x96</size>
      </object_component>
      <object_component id="oc-28f">
         <name>.debug_line</name>
         <load_address>0x0</load_address>
         <run_address>0x0</run_address>
         <size>0x11b</size>
         <input_file_ref idref="fl-2"/>
      </object_component>
      <object_component id="oc-242">
         <name>.debug_line</name>
         <load_address>0x11b</load_address>
         <run_address>0x11b</run_address>
         <size>0x2d</size>
         <input_file_ref idref="fl-2"/>
      </object_component>
      <object_component id="oc-97">
         <name>.debug_line</name>
         <load_address>0x148</load_address>
         <run_address>0x148</run_address>
         <size>0xb0</size>
         <input_file_ref idref="fl-2"/>
      </object_component>
      <object_component id="oc-215">
         <name>.debug_line</name>
         <load_address>0x1f8</load_address>
         <run_address>0x1f8</run_address>
         <size>0x5a</size>
         <input_file_ref idref="fl-2"/>
      </object_component>
      <object_component id="oc-a8">
         <name>.debug_line</name>
         <load_address>0x252</load_address>
         <run_address>0x252</run_address>
         <size>0x20</size>
         <input_file_ref idref="fl-2"/>
      </object_component>
      <object_component id="oc-70">
         <name>.debug_line</name>
         <load_address>0x272</load_address>
         <run_address>0x272</run_address>
         <size>0x65</size>
         <input_file_ref idref="fl-2"/>
[...]
         <value>0x1bbb</value>
         <object_component_ref idref="oc-c7"/>
      </symbol>
      <symbol id="sm-15c">
         <name>tempRead</name>
         <value>0x1eed</value>
         <object_component_ref idref="oc-c7"/>
      </symbol>
      <symbol id="sm-15d">
         <name>sysInit</name>
         <value>0x1403</value>
         <object_component_ref idref="oc-c7"/>
      </symbol>
      <symbol id="sm-15e">
         <name>user_select</name>
         <value>0x200002c8</value>
         <object_component_ref idref="oc-150"/>
      </symbol>
      <symbol id="sm-15f">
         <name>encoderRead</name>
         <value>0x1989</value>
         <object_component_ref idref="oc-c7"/>
      </symbol>
      <symbol id="sm-160">
         <name>adcArray</name>
         <value>0x200002b8</value>
         <object_component_ref idref="oc-20e"/>
      </symbol>
      <symbol id="sm-161">
         <name>MCP9600read</name>
         <value>0x1f59</value>
         <object_component_ref idref="oc-c7"/>
      </symbol>
      <symbol id="sm-162">
         <name>tempRead2</name>
         <value>0x1ee1</value>
         <object_component_ref idref="oc-c7"/>
      </symbol>
      <symbol id="sm-163">
         <name>tempRead1</name>
         <value>0x1ed5</value>
         <object_component_ref idref="oc-c7"/>
      </symbol>
      <symbol id="sm-164">
         <name>menuInit</name>
         <value>0x155b</value>
         <object_component_ref idref="oc-c7"/>
      </symbol>
      <symbol id="sm-165">
         <name>motorPWM1</name>
         <value>0x1b71</value>
         <object_component_ref idref="oc-c7"/>
      </symbol>
      <symbol id="sm-166">
         <name>motorPWM2</name>
         <value>0x1b81</value>
         <object_component_ref idref="oc-c7"/>
      </symbol>
      <symbol id="sm-167">
         <name>adcRead</name>
         <value>0x1ea5</value>
         <object_component_ref idref="oc-c7"/>
      </symbol>
      <symbol id="sm-168">
         <name>motorDriverInit</name>
         <value>0x1abd</value>
         <object_component_ref idref="oc-c7"/>
      </symbol>
      <symbol id="sm-169">
         <name>pwmInit</name>
         <value>0x1e19</value>
         <object_component_ref idref="oc-c7"/>
      </symbol>
      <symbol id="sm-16a">
         <name>currentRead2</name>
         <value>0x1ecf</value>
         <object_component_ref idref="oc-c7"/>
      </symbol>
      <symbol id="sm-16b">
         <name>currentRead1</name>
         <value>0x1ec9</value>
         <object_component_ref idref="oc-c7"/>
      </symbol>
      <symbol id="sm-16c">
         <name>last_input</name>
         <value>0x200002d0</value>
         <object_component_ref idref="oc-150"/>
      </symbol>
      <symbol id="sm-18d">
         <name>ResetISR</name>
         <value>0x3bad</value>
         <object_component_ref idref="oc-24"/>
      </symbol>
      <symbol id="sm-18e">
         <name>g_pfnVectors</name>
         <value>0x0</value>
         <object_component_ref idref="oc-f"/>
      </symbol>
      <symbol id="sm-1fd">
         <name>UARTgetc</name>
         <value>0x2133</value>
         <object_component_ref idref="oc-d9"/>
      </symbol>
      <symbol id="sm-1fe">
         <name>UARTgets</name>
         <value>0x2079</value>
         <object_component_ref idref="oc-d9"/>
      </symbol>
      <symbol id="sm-1ff">
         <name>UARTStdioConfig</name>
         <value>0x1fed</value>
         <object_component_ref idref="oc-d9"/>
      </symbol>
      <symbol id="sm-200">
         <name>UARTwrite</name>
         <value>0x2033</value>
         <object_component_ref idref="oc-d9"/>
      </symbol>
      <symbol id="sm-201">
         <name>UARTprintf</name>
         <value>0x2453</value>
         <object_component_ref idref="oc-d9"/>
      </symbol>
      <symbol id="sm-202">
         <name>UARTvprintf</name>
         <value>0x2159</value>
         <object_component_ref idref="oc-d9"/>
      </symbol>
      <symbol id="sm-211">
         <name>__aeabi_uidivmod</name>
         <value>0x37d5</value>
         <object_component_ref idref="oc-232"/>
      </symbol>
      <symbol id="sm-212">
         <name>__aeabi_uidiv</name>
         <value>0x37d5</value>
         <object_component_ref idref="oc-232"/>
      </symbol>
      <symbol id="sm-221">
         <name>__aeabi_memset</name>
         <value>0x32d1</value>
         <object_component_ref idref="oc-87"/>
      </symbol>
      <symbol id="sm-222">
         <name>memset</name>
         <value>0x32d7</value>
         <object_component_ref idref="oc-87"/>
      </symbol>
      <symbol id="sm-223">
         <name>__aeabi_memset8</name>
         <value>0x32d1</value>
         <object_component_ref idref="oc-87"/>
      </symbol>
      <symbol id="sm-224">
         <name>__aeabi_memset4</name>
         <value>0x32d1</value>
         <object_component_ref idref="oc-87"/>
      </symbol>
      <symbol id="sm-225">
         <name>__aeabi_memclr8</name>
         <value>0x32cf</value>
         <object_component_ref idref="oc-87"/>
      </symbol>
      <symbol id="sm-226">
         <name>__aeabi_memclr4</name>
         <value>0x32cf</value>
         <object_component_ref idref="oc-87"/>
      </symbol>
      <symbol id="sm-227">
         <name>__aeabi_memclr</name>
         <value>0x32cf</value>
         <object_component_ref idref="oc-87"/>
      </symbol>
      <symbol id="sm-240">
         <name>__TI_zero_init_nomemset</name>
         <value>0x3b49</value>
         <object_component_ref idref="oc-44"/>
      </symbol>
      <symbol id="sm-257">
         <name>__TI_decompress_none</name>
         <value>0x3b87</value>
         <object_component_ref idref="oc-18"/>
      </symbol>
      <symbol id="sm-275">
         <name>__TI_decompress_lzss</name>
         <value>0x33b1</value>
         <object_component_ref idref="oc-12"/>
      </symbol>
      <symbol id="sm-27f">
         <name>__aeabi_idiv0</name>
         <value>0x13e7</value>
         <object_component_ref idref="oc-2e8"/>
      </symbol>
      <symbol id="sm-298">
         <name>sprintf</name>
         <value>0x347d</value>
         <object_component_ref idref="oc-138"/>
      </symbol>
      <symbol id="sm-2ab">
         <name>__stack</name>
         <value>0x20000000</value>
         <object_component_ref idref="oc-21"/>
      </symbol>
      <symbol id="sm-2ac">
         <name>_c_int00_noargs</name>
         <value>0x3889</value>
         <object_component_ref idref="oc-56"/>
      </symbol>
      <symbol id="sm-2c7">
         <name>memcpy</name>
         <value>0x30ad</value>
         <object_component_ref idref="oc-38"/>
      </symbol>
      <symbol id="sm-2c8">
         <name>__aeabi_memcpy</name>
         <value>0x30ad</value>
         <object_component_ref idref="oc-38"/>
      </symbol>
      <symbol id="sm-2c9">
         <name>__aeabi_memcpy8</name>
         <value>0x30ad</value>
         <object_component_ref idref="oc-38"/>
      </symbol>
      <symbol id="sm-2ca">
         <name>__aeabi_memcpy4</name>
         <value>0x30ad</value>
         <object_component_ref idref="oc-38"/>
      </symbol>
      <symbol id="sm-2ed">
         <name>__TI_auto_init_nobinit_nopinit</name>
         <value>0x3791</value>
         <object_component_ref idref="oc-ef"/>
      </symbol>
      <symbol id="sm-2f7">
         <name>_system_pre_init</name>
         <value>0x3c37</value>
         <object_component_ref idref="oc-8d"/>
      </symbol>
      <symbol id="sm-303">
         <name>C$$EXIT</name>
         <value>0x3c33</value>
         <object_component_ref idref="oc-e3"/>
      </symbol>
      <symbol id="sm-304">
         <name>abort</name>
         <value>0x3c33</value>
         <object_component_ref idref="oc-e3"/>
      </symbol>
      <symbol id="sm-40f">
         <name>__TI_printfi</name>
         <value>0xa55</value>
         <object_component_ref idref="oc-284"/>
      </symbol>
      <symbol id="sm-426">
         <name>atoi</name>
         <value>0x3625</value>
         <object_component_ref idref="oc-36e"/>
      </symbol>
      <symbol id="sm-431">
         <name>_ctypes_</name>
         <value>0x3dec</value>
         <object_component_ref idref="oc-3cd"/>
      </symbol>
      <symbol id="sm-440">
         <name>ltoa</name>
         <value>0x3535</value>
         <object_component_ref idref="oc-34c"/>
      </symbol>
      <symbol id="sm-450">
         <name>memccpy</name>
         <value>0x3a2d</value>
         <object_component_ref idref="oc-374"/>
      </symbol>
      <symbol id="sm-460">
         <name>strchr</name>
         <value>0x3a79</value>
         <object_component_ref idref="oc-368"/>
      </symbol>
      <symbol id="sm-46e">
         <name>strlen</name>
         <value>0x3ab7</value>
         <object_component_ref idref="oc-32d"/>
      </symbol>
      <symbol id="sm-489">
         <name>frexpl</name>
         <value>0x3419</value>
         <object_component_ref idref="oc-35c"/>
      </symbol>
      <symbol id="sm-48a">
         <name>frexp</name>
         <value>0x3419</value>
         <object_component_ref idref="oc-35c"/>
      </symbol>
      <symbol id="sm-4a7">
         <name>scalbn</name>
         <value>0x2fb9</value>
         <object_component_ref idref="oc-362"/>
      </symbol>
      <symbol id="sm-4a8">
         <name>scalbnl</name>
         <value>0x2fb9</value>
         <object_component_ref idref="oc-362"/>
      </symbol>
      <symbol id="sm-4a9">
         <name>ldexpl</name>
         <value>0x2fb9</value>
         <object_component_ref idref="oc-362"/>
      </symbol>
      <symbol id="sm-4aa">
         <name>ldexp</name>
         <value>0x2fb9</value>
         <object_component_ref idref="oc-362"/>
      </symbol>
      <symbol id="sm-4b4">
         <name>copysign</name>
         <value>0x3aa3</value>
         <object_component_ref idref="oc-3c0"/>
      </symbol>
      <symbol id="sm-4b5">
         <name>copysignl</name>
         <value>0x3aa3</value>
         <object_component_ref idref="oc-3c0"/>
      </symbol>
      <symbol id="sm-4cc">
         <name>__aeabi_dsub</name>
         <value>0x2869</value>
         <object_component_ref idref="oc-357"/>
      </symbol>
      <symbol id="sm-4cd">
         <name>__aeabi_dadd</name>
         <value>0x2873</value>
         <object_component_ref idref="oc-357"/>
      </symbol>
      <symbol id="sm-4ef">
         <name>__aeabi_cdcmpeq</name>
         <value>0x3149</value>
         <object_component_ref idref="oc-333"/>
      </symbol>
      <symbol id="sm-4f0">
         <name>__aeabi_cdcmple</name>
         <value>0x3149</value>
         <object_component_ref idref="oc-333"/>
      </symbol>
      <symbol id="sm-4f1">
         <name>__aeabi_cdrcmple</name>
         <value>0x31cf</value>
         <object_component_ref idref="oc-342"/>
      </symbol>
      <symbol id="sm-505">
         <name>__aeabi_ddiv</name>
         <value>0x2a1f</value>
         <object_component_ref idref="oc-33d"/>
      </symbol>
      <symbol id="sm-510">
         <name>__aeabi_dmul</name>
         <value>0x2ebd</value>
         <object_component_ref idref="oc-338"/>
      </symbol>
      <symbol id="sm-51a">
         <name>__aeabi_d2iz</name>
         <value>0x3701</value>
         <object_component_ref idref="oc-347"/>
      </symbol>
      <symbol id="sm-524">
         <name>__aeabi_i2d</name>
         <value>0x3957</value>
         <object_component_ref idref="oc-352"/>
      </symbol>
      <symbol id="sm-540">
         <name>__aeabi_uldivmod</name>
         <value>0x2489</value>
         <object_component_ref idref="oc-328"/>
      </symbol>
      <symbol id="sm-548">
         <name>errno</name>
         <value>0x200002dc</value>
         <object_component_ref idref="oc-3c6"/>
      </symbol>
      <symbol id="sm-590">
         <name>ADCProcessorTrigger</name>
         <value>0x3a49</value>
         <object_component_ref idref="oc-1fc"/>
      </symbol>
      <symbol id="sm-591">
         <name>ADCSequenceEnable</name>
         <value>0x3b6b</value>
         <object_component_ref idref="oc-1f0"/>
      </symbol>
      <symbol id="sm-592">
         <name>ADCSequenceConfigure</name>
         <value>0x34dd</value>
         <object_component_ref idref="oc-1e4"/>
      </symbol>
      <symbol id="sm-593">
         <name>ADCSequenceStepConfigure</name>
         <value>0x3255</value>
         <object_component_ref idref="oc-1ea"/>
      </symbol>
      <symbol id="sm-594">
         <name>ADCIntClear</name>
         <value>0x3bb9</value>
         <object_component_ref idref="oc-1f6"/>
      </symbol>
      <symbol id="sm-595">
         <name>ADCIntStatus</name>
         <value>0x3929</value>
         <object_component_ref idref="oc-208"/>
      </symbol>
      <symbol id="sm-596">
         <name>ADCSequenceDataGet</name>
         <value>0x39f1</value>
         <object_component_ref idref="oc-202"/>
      </symbol>
      <symbol id="sm-608">
         <name>GPIOPinConfigure</name>
         <value>0x3671</value>
         <object_component_ref idref="oc-183"/>
      </symbol>
      <symbol id="sm-609">
         <name>GPIOPinTypeI2CSCL</name>
         <value>0x3b01</value>
         <object_component_ref idref="oc-1b1"/>
      </symbol>
      <symbol id="sm-60a">
         <name>GPIOPinTypeI2C</name>
         <value>0x3aef</value>
         <object_component_ref idref="oc-1b7"/>
      </symbol>
      <symbol id="sm-60b">
         <name>GPIOPinTypeADC</name>
         <value>0x3acb</value>
         <object_component_ref idref="oc-1de"/>
      </symbol>
      <symbol id="sm-60c">
         <name>GPIOPinTypeGPIOInput</name>
         <value>0x3add</value>
         <object_component_ref idref="oc-14a"/>
      </symbol>
      <symbol id="sm-60d">
         <name>GPIOPinTypeUART</name>
         <value>0x3b25</value>
         <object_component_ref idref="oc-189"/>
      </symbol>
      <symbol id="sm-60e">
         <name>GPIOPinTypeGPIOOutput</name>
         <value>0x3a61</value>
         <object_component_ref idref="oc-171"/>
      </symbol>
      <symbol id="sm-60f">
         <name>GPIOPinRead</name>
         <value>0x3c17</value>
         <object_component_ref idref="oc-17d"/>
      </symbol>
      <symbol id="sm-610">
         <name>GPIODirModeSet</name>
         <value>0x3985</value>
         <object_component_ref idref="oc-291"/>
      </symbol>
      <symbol id="sm-611">
         <name>GPIOPinWrite</name>
         <value>0x3c1d</value>
         <object_component_ref idref="oc-159"/>
      </symbol>
      <symbol id="sm-612">
         <name>GPIOPadConfigSet</name>
         <value>0x2b55</value>
         <object_component_ref idref="oc-297"/>
      </symbol>
      <symbol id="sm-613">
         <name>GPIOPinTypeSSI</name>
         <value>0x3b13</value>
         <object_component_ref idref="oc-1cb"/>
      </symbol>
      <symbol id="sm-634">
         <name>I2CMasterInitExpClk</name>
         <value>0x35d9</value>
         <object_component_ref idref="oc-1bd"/>
      </symbol>
      <symbol id="sm-635">
         <name>I2CMasterIntEnableEx</name>
         <value>0x3bff</value>
         <object_component_ref idref="oc-2c5"/>
      </symbol>
      <symbol id="sm-636">
         <name>I2CMasterEnable</name>
         <value>0x3bc3</value>
         <object_component_ref idref="oc-2bd"/>
      </symbol>
      <symbol id="sm-666">
         <name>IntEnable</name>
         <value>0x3349</value>
         <object_component_ref idref="oc-cd"/>
      </symbol>
      <symbol id="sm-667">
         <name>IntMasterEnable</name>
         <value>0x3b5b</value>
         <object_component_ref idref="oc-12c"/>
      </symbol>
      <symbol id="sm-674">
         <name>PWMPulseWidthSet</name>
         <value>0x3a0f</value>
         <object_component_ref idref="oc-177"/>
      </symbol>
      <symbol id="sm-6ad">
         <name>SSIDataPut</name>
         <value>0x3bcd</value>
         <object_component_ref idref="oc-15f"/>
      </symbol>
      <symbol id="sm-6ae">
         <name>SSIDataGet</name>
         <value>0x3ba1</value>
         <object_component_ref idref="oc-16b"/>
      </symbol>
      <symbol id="sm-6af">
         <name>SSIDataGetNonBlocking</name>
         <value>0x3b37</value>
         <object_component_ref idref="oc-153"/>
      </symbol>
      <symbol id="sm-6b0">
         <name>SSIConfigSetExpClk</name>
         <value>0x3815</value>
         <object_component_ref idref="oc-1d1"/>
      </symbol>
      <symbol id="sm-6b1">
         <name>SSIEnable</name>
         <value>0x3bd7</value>
         <object_component_ref idref="oc-1d7"/>
      </symbol>
      <symbol id="sm-6b2">
         <name>SSIBusy</name>
         <value>0x3c07</value>
         <object_component_ref idref="oc-165"/>
      </symbol>
      <symbol id="sm-757">
         <name>SysCtlPeripheralPresent</name>
         <value>0x3851</value>
         <object_component_ref idref="oc-21d"/>
      </symbol>
      <symbol id="sm-758">
         <name>SysCtlDelay</name>
         <value>0x3c23</value>
         <object_component_ref idref="oc-125"/>
      </symbol>
      <symbol id="sm-759">
         <name>SysCtlPeripheralEnable</name>
         <value>0x38f5</value>
         <object_component_ref idref="oc-144"/>
      </symbol>
      <symbol id="sm-75a">
         <name>SysCtlClockGet</name>
         <value>0x2dad</value>
         <object_component_ref idref="oc-18f"/>
      </symbol>
      <symbol id="sm-75b">
         <name>SysCtlClockFreqSet</name>
         <value>0x267d</value>
         <object_component_ref idref="oc-126"/>
      </symbol>
      <symbol id="sm-75c">
         <name>SysCtlPeripheralReset</name>
         <value>0x3589</value>
         <object_component_ref idref="oc-1ab"/>
      </symbol>
      <symbol id="sm-7b7">
         <name>UARTConfigSetExpClk</name>
         <value>0x3749</value>
         <object_component_ref idref="oc-195"/>
      </symbol>
      <symbol id="sm-7b8">
         <name>UARTDisable</name>
         <value>0x39b1</value>
         <object_component_ref idref="oc-2b1"/>
      </symbol>
      <symbol id="sm-7b9">
         <name>UARTIntEnable</name>
         <value>0x3c0f</value>
         <object_component_ref idref="oc-d3"/>
      </symbol>
      <symbol id="sm-7ba">
         <name>UARTCharsAvail</name>
         <value>0x3b79</value>
         <object_component_ref idref="oc-132"/>
      </symbol>
      <symbol id="sm-7bb">
         <name>UARTClockSourceSet</name>
         <value>0x3c29</value>
         <object_component_ref idref="oc-19b"/>
      </symbol>
      <symbol id="sm-7bc">
         <name>UARTCharPut</name>
         <value>0x3beb</value>
         <object_component_ref idref="oc-1a1"/>
      </symbol>
      <symbol id="sm-7bd">
         <name>UARTEnable</name>
         <value>0x3a8f</value>
         <object_component_ref idref="oc-223"/>
      </symbol>
      <symbol id="sm-7be">
         <name>UARTIntClear</name>
         <value>0x3c2f</value>
         <object_component_ref idref="oc-c1"/>
      </symbol>
      <symbol id="sm-7bf">
         <name>UARTIntStatus</name>
         <value>0x3bf5</value>
         <object_component_ref idref="oc-b5"/>
      </symbol>
      <symbol id="sm-7c0">
         <name>UARTCharGet</name>
         <value>0x3be1</value>
         <object_component_ref idref="oc-bb"/>
      </symbol>
      <symbol id="sm-7ca">
         <name>CPUcpsie</name>
         <value>0x3b95</value>
         <object_component_ref idref="oc-27c"/>
      </symbol>
      <symbol id="sm-7d7">
         <name>I2CMInit</name>
         <value>0x38c1</value>
         <object_component_ref idref="oc-1c3"/>
      </symbol>
      <symbol id="sm-7d8">
         <name>__TI_static_base__</name>
         <value>0x0</value>
      </symbol>
      <symbol id="sm-7db">
         <name>__mpu_init</name>
         <value>0x0</value>
      </symbol>
      <symbol id="sm-7dc">
         <name>_system_post_cinit</name>
         <value>0x0</value>
      </symbol>
   </symbol_table>
   <title>Link successful</title>
</link_info>
