******************************************************************************
                  TI ARM Linker PC v17.9.0                     
******************************************************************************
>> Linked Mon Mar 26 11:06:34 2018

OUTPUT FILE NAME:   <r2rArmProject.out>
ENTRY POINT SYMBOL: "_c_int00_noargs"  address: 00004ea9


MEMORY CONFIGURATION

         name            origin    length      used     unused   attr    fill
----------------------  --------  ---------  --------  --------  ----  --------
  FLASH                 00000000   00100000  0000584c  000fa7b4  R  X
  SRAM                  20000000   00040000  000002f0  0003fd10  RW X


SEGMENT ALLOCATION MAP

run origin  load origin   length   init length attrs members
----------  ----------- ---------- ----------- ----- -------
00000000    00000000    00005850   00005850    r-x
  00000000    00000000    00000208   00000208    r-- .intvecs
  00000208    00000208    000050a4   000050a4    r-x .text
  000052b0    000052b0    00000560   00000560    r-- .const
  00005810    00005810    00000040   00000040    r-- .cinit
20000000    20000000    000002f0   00000000    rw-
  20000000    20000000    00000200   00000000    rw- .stack
  20000200    20000200    000000b8   00000000    rw- .bss
  200002b8    200002b8    00000038   00000000    rw- .data


SECTION ALLOCATION MAP

 output                                  attributes/
section   page    origin      length       input sections
--------  ----  ----------  ----------   ----------------
.intvecs   0    00000000    00000208     
                  00000000    00000208     tm4c1292ncpdt_startup_ccs.obj (.intvecs)

.text      0    00000208    000050a4     
                  00000208    000011de     rtsv7M4_T_le_v4SPD16_eabi.lib : _printfi.obj (.text)
                  000013e6    00000002                                   : i_div0.obj (.text)
                  000013e8    00000c8c     r2r.obj (.text)
                  00002074    00000a18     rtsv7M4_T_le_v4SPD16_eabi.lib : _scanfi.obj (.text)
                  00002a8c    0000049c     uartstdio.obj (.text)
                  00002f28    0000045c     rtsv7M4_T_le_v4SPD16_eabi.lib : strtod.obj (.text)
                  00003384    000001f4                                   : ull_div_t2.obj (.text)
                  00003578    000001ec     driverlib.lib : sysctl.obj (.text:SysCtlClockFreqSet)
                  00003764    000001dc     rtsv7M4_T_le_v4SPD16_eabi.lib : strtoll.obj (.text)
                  00003940    000001b6                                   : fd_add_t2.obj (.text)
                  00003af6    00000002     --HOLE-- [fill = 0]
                  00003af8    00000188     main.obj (.text)
                  00003c80    0000015c     rtsv7M4_T_le_v4SPD16_eabi.lib : strtoull.obj (.text)
                  00003ddc    00000136                                   : fd_div_t2.obj (.text)
                  00003f12    00000002     --HOLE-- [fill = 0]
                  00003f14    00000134                                   : strtol.obj (.text)
                  00004048    00000132     driverlib.lib : gpio.obj (.text:GPIOPadConfigSet)
                  0000417a    00000002     --HOLE-- [fill = 0]
                  0000417c    00000114     rtsv7M4_T_le_v4SPD16_eabi.lib : strtoul.obj (.text)
                  00004290    00000110     driverlib.lib : sysctl.obj (.text:SysCtlClockGet)
                  000043a0    000000fc     rtsv7M4_T_le_v4SPD16_eabi.lib : fd_mul_t2.obj (.text)
                  0000449c    000000f4                                   : s_scalbn.obj (.text)
                  00004590    000000cc                                   : sscanf.obj (.text)
                  0000465c    0000009c                                   : memcpy_t2.obj (.text)
                  000046f8    00000086                                   : fd_cmp_t2.obj (.text:__aeabi_cdcmple)
                  0000477e    00000086                                   : fd_cmp_t2.obj (.text:__aeabi_cdrcmple)
                  00004804    0000007a     driverlib.lib : adc.obj (.text:ADCSequenceStepConfigure)
                  0000487e    0000007a     rtsv7M4_T_le_v4SPD16_eabi.lib : memset_t2.obj (.text)
                  000048f8    0000006e                                   : fd_tos_t2.obj (.text)
                  00004966    00000002     --HOLE-- [fill = 0]
                  00004968    00000068     driverlib.lib : interrupt.obj (.text:IntEnable)
                  000049d0    00000068     rtsv7M4_T_le_v4SPD16_eabi.lib : copy_decompress_lzss.obj (.text:decompress:lzss)
                  00004a38    00000064                                   : s_frexp.obj (.text)
                  00004a9c    00000060                                   : sprintf.obj (.text)
                  00004afc    00000058     driverlib.lib : adc.obj (.text:ADCSequenceConfigure)
                  00004b54    00000054     rtsv7M4_T_le_v4SPD16_eabi.lib : ltoa.obj (.text)
                  00004ba8    00000050     driverlib.lib : sysctl.obj (.text:SysCtlPeripheralReset)
                  00004bf8    0000004c                   : i2c.obj (.text:I2CMasterInitExpClk)
                  00004c44    0000004c     rtsv7M4_T_le_v4SPD16_eabi.lib : atoi.obj (.text)
                  00004c90    00000048     driverlib.lib : gpio.obj (.text:GPIOPinConfigure)
                  00004cd8    00000048                   : sysctl.obj (.text:_SysCtlFrequencyGet)
                  00004d20    00000048     rtsv7M4_T_le_v4SPD16_eabi.lib : fd_toi_t2.obj (.text)
                  00004d68    00000046     driverlib.lib : uart.obj (.text:UARTConfigSetExpClk)
                  00004dae    00000002     --HOLE-- [fill = 0]
                  00004db0    00000044     rtsv7M4_T_le_v4SPD16_eabi.lib : autoinit.obj (.text:__TI_auto_init_nobinit_nopinit)
                  00004df4    00000040                                   : u_divt2.obj (.text)
                  00004e34    0000003c     driverlib.lib : ssi.obj (.text:SSIConfigSetExpClk)
                  00004e70    00000038                   : sysctl.obj (.text:SysCtlPeripheralPresent)
                  00004ea8    00000038     rtsv7M4_T_le_v4SPD16_eabi.lib : boot_cortex_m.obj (.text:_c_int00_noargs)
                  00004ee0    00000034     sensorlib.lib : i2cm_drv.obj (.text:I2CMInit)
                  00004f14    00000034     driverlib.lib : sysctl.obj (.text:SysCtlPeripheralEnable)
                  00004f48    0000002e                   : adc.obj (.text:ADCIntStatus)
                  00004f76    0000002e     rtsv7M4_T_le_v4SPD16_eabi.lib : i_tofd_t2.obj (.text)
                  00004fa4    0000002a     driverlib.lib : gpio.obj (.text:GPIODirModeSet)
                  00004fce    00000002     --HOLE-- [fill = 0]
                  00004fd0    00000020                   : uart.obj (.text:UARTDisable)
                  00004ff0    00000020                   : sysctl.obj (.text:_SysCtlMemTimingGet)
                  00005010    0000001e                   : adc.obj (.text:ADCSequenceDataGet)
                  0000502e    0000001e                   : pwm.obj (.text:PWMPulseWidthSet)
                  0000504c    0000001c     rtsv7M4_T_le_v4SPD16_eabi.lib : memccpy.obj (.text)
                  00005068    00000018     driverlib.lib : adc.obj (.text:ADCProcessorTrigger)
                  00005080    00000018                   : gpio.obj (.text:GPIOPinTypeGPIOOutput)
                  00005098    00000018     rtsv7M4_T_le_v4SPD16_eabi.lib : ll_mul_t2.obj (.text)
                  000050b0    00000018                                   : strrchr.obj (.text)
                  000050c8    00000016                                   : strchr.obj (.text)
                  000050de    00000014     driverlib.lib : uart.obj (.text:UARTEnable)
                  000050f2    00000014     rtsv7M4_T_le_v4SPD16_eabi.lib : s_copysign.obj (.text)
                  00005106    00000014                                   : strcpy.obj (.text)
                  0000511a    00000014                                   : strlen.obj (.text)
                  0000512e    00000012     driverlib.lib : gpio.obj (.text:GPIOPinTypeADC)
                  00005140    00000012                   : gpio.obj (.text:GPIOPinTypeGPIOInput)
                  00005152    00000012                   : gpio.obj (.text:GPIOPinTypeI2C)
                  00005164    00000012                   : gpio.obj (.text:GPIOPinTypeI2CSCL)
                  00005176    00000012                   : gpio.obj (.text:GPIOPinTypeSSI)
                  00005188    00000012                   : gpio.obj (.text:GPIOPinTypeUART)
                  0000519a    00000012                   : ssi.obj (.text:SSIDataGetNonBlocking)
                  000051ac    00000012     rtsv7M4_T_le_v4SPD16_eabi.lib : copy_zero_init.obj (.text:decompress:ZI:__TI_zero_init_nomemset)
                  000051be    00000010     driverlib.lib : interrupt.obj (.text:IntMasterEnable)
                  000051ce    0000000e                   : adc.obj (.text:ADCSequenceEnable)
                  000051dc    0000000e                   : uart.obj (.text:UARTCharGetNonBlocking)
                  000051ea    0000000e                   : uart.obj (.text:UARTCharsAvail)
                  000051f8    0000000e     rtsv7M4_T_le_v4SPD16_eabi.lib : copy_decompress_none.obj (.text:decompress:none)
                  00005206    0000000c     driverlib.lib : cpu.obj (.text:CPUcpsie)
                  00005212    0000000c                   : ssi.obj (.text:SSIDataGet)
                  0000521e    0000000c     tm4c1292ncpdt_startup_ccs.obj (.text)
                  0000522a    0000000a     driverlib.lib : adc.obj (.text:ADCIntClear)
                  00005234    0000000a                   : i2c.obj (.text:I2CMasterEnable)
                  0000523e    0000000a                   : ssi.obj (.text:SSIDataPut)
                  00005248    0000000a                   : ssi.obj (.text:SSIEnable)
                  00005252    0000000a                   : uart.obj (.text:UARTCharGet)
                  0000525c    0000000a                   : uart.obj (.text:UARTCharPut)
                  00005266    0000000a                   : uart.obj (.text:UARTIntStatus)
                  00005270    00000008                   : i2c.obj (.text:I2CMasterIntEnableEx)
                  00005278    00000008                   : ssi.obj (.text:SSIBusy)
                  00005280    00000008                   : uart.obj (.text:UARTIntEnable)
                  00005288    00000006                   : gpio.obj (.text:GPIOPinRead)
                  0000528e    00000006                   : gpio.obj (.text:GPIOPinWrite)
                  00005294    00000006                   : sysctl.obj (.text:SysCtlDelay)
                  0000529a    00000006                   : uart.obj (.text:UARTClockSourceSet)
                  000052a0    00000004                   : uart.obj (.text:UARTIntClear)
                  000052a4    00000004     rtsv7M4_T_le_v4SPD16_eabi.lib : exit.obj (.text:abort)
                  000052a8    00000004                                   : pre_init.obj (.text)

.const     0    000052b0    00000560     
                  000052b0    000001b0     driverlib.lib : sysctl.obj (.const:g_pppui32XTALtoVCO)
                  00005460    00000101     rtsv7M4_T_le_v4SPD16_eabi.lib : ctype.obj (.const:.string:_ctypes_)
                  00005561    00000003     --HOLE-- [fill = 0]
                  00005564    00000004     uartstdio.obj (.const)
                  00005568    000000c8     rtsv7M4_T_le_v4SPD16_eabi.lib : strtod.obj (.const:$O1$$)
                  00005630    00000090     driverlib.lib : gpio.obj (.const:g_pui32GPIOBaseAddrs)
                  000056c0    00000070                   : interrupt.obj (.const)
                  00005730    0000006c                   : sysctl.obj (.const:g_pui32Xtals)
                  0000579c    00000030                   : sysctl.obj (.const:g_sXTALtoMEMTIM)
                  000057cc    00000012     uartstdio.obj (.const:.string)
                  000057de    00000002     --HOLE-- [fill = 0]
                  000057e0    00000010     rtsv7M4_T_le_v4SPD16_eabi.lib : _scanfi.obj (.const:$O1$$)
                  000057f0    0000000c     uartstdio.obj (.const:g_ui32UARTBase)
                  000057fc    0000000c     uartstdio.obj (.const:g_ui32UARTPeriph)
                  00005808    00000008     driverlib.lib : sysctl.obj (.const)

.cinit     0    00005810    00000040     
                  00005810    00000016     (.cinit..data.load) [load image, compression = lzss]
                  00005826    00000002     --HOLE-- [fill = 0]
                  00005828    0000000c     (__TI_handler_table)
                  00005834    00000004     --HOLE-- [fill = 0]
                  00005838    00000008     (.cinit..bss.load) [load image, compression = zero_init]
                  00005840    00000010     (__TI_cinit_table)

.init_array 
*          0    00000000    00000000     UNINITIALIZED

.bss       0    20000200    000000b8     UNINITIALIZED
                  20000200    00000064     (.common:charBuf)
                  20000264    00000014     (.common:pui32DataRx2)
                  20000278    00000014     (.common:pui32DataTx2)
                  2000028c    0000000c     (.common:pui32DataRx)
                  20000298    0000000c     (.common:pui32DataTx)
                  200002a4    00000008     (.common:encoderVal)
                  200002ac    00000004     (.common:ui32Index)
                  200002b0    00000004     (.common:ui32Index2)
                  200002b4    00000004     (.common:ui32SysClock)

.data      0    200002b8    00000038     UNINITIALIZED
                  200002b8    00000010     r2r.obj (.data:adcArray)
                  200002c8    00000010     main.obj (.data)
                  200002d8    00000009     r2r.obj (.data)
                  200002e1    00000003     --HOLE--
                  200002e4    00000005     uartstdio.obj (.data)
                  200002e9    00000003     --HOLE--
                  200002ec    00000004     rtsv7M4_T_le_v4SPD16_eabi.lib : errno.obj (.data)

.stack     0    20000000    00000200     UNINITIALIZED
                  20000000    00000004     rtsv7M4_T_le_v4SPD16_eabi.lib : boot_cortex_m.obj (.stack)
                  20000004    000001fc     --HOLE--

MODULE SUMMARY

       Module                          code    ro data   rw data
       ------                          ----    -------   -------
    .\
       r2r.obj                         3212    0         109    
       uartstdio.obj                   1180    46        5      
       tm4c1292ncpdt_startup_ccs.obj   12      520       0      
       main.obj                        392     0         116    
    +--+-------------------------------+-------+---------+---------+
       Total:                          4796    566       230    
                                                                
    C:/ti/TivaWare_C_Series-2.1.3.156/driverlib/ccs/Debug/driverlib.lib
       sysctl.obj                      1062    596       0      
       gpio.obj                        564     144       0      
       adc.obj                         334     0         0      
       interrupt.obj                   120     112       0      
       uart.obj                        198     0         0      
       ssi.obj                         118     0         0      
       i2c.obj                         94      0         0      
       pwm.obj                         30      0         0      
       cpu.obj                         12      0         0      
    +--+-------------------------------+-------+---------+---------+
       Total:                          2532    852       0      
                                                                
    C:/ti/TivaWare_C_Series-2.1.3.156/sensorlib/ccs/Debug/sensorlib.lib
       i2cm_drv.obj                    52      0         0      
    +--+-------------------------------+-------+---------+---------+
       Total:                          52      0         0      
                                                                
    C:\ti\ccsv7\tools\compiler\ti-cgt-arm_17.9.0.STS\lib\rtsv7M4_T_le_v4SPD16_eabi.lib
       _printfi.obj                    4574    0         0      
       _scanfi.obj                     2584    16        0      
       strtod.obj                      1116    200       0      
       ull_div_t2.obj                  500     0         0      
       strtoll.obj                     476     0         0      
       fd_add_t2.obj                   438     0         0      
       strtoull.obj                    348     0         0      
       fd_div_t2.obj                   310     0         0      
       strtol.obj                      308     0         0      
       strtoul.obj                     276     0         0      
       fd_cmp_t2.obj                   268     0         0      
       ctype.obj                       0       257       0      
       fd_mul_t2.obj                   252     0         0      
       s_scalbn.obj                    244     0         0      
       sscanf.obj                      204     0         0      
       memcpy_t2.obj                   156     0         0      
       memset_t2.obj                   122     0         0      
       fd_tos_t2.obj                   110     0         0      
       copy_decompress_lzss.obj        104     0         0      
       s_frexp.obj                     100     0         0      
       sprintf.obj                     96      0         0      
       ltoa.obj                        84      0         0      
       atoi.obj                        76      0         0      
       fd_toi_t2.obj                   72      0         0      
       autoinit.obj                    68      0         0      
       u_divt2.obj                     64      0         0      
       boot_cortex_m.obj               56      0         0      
       i_tofd_t2.obj                   46      0         0      
       memccpy.obj                     28      0         0      
       ll_mul_t2.obj                   24      0         0      
       strrchr.obj                     24      0         0      
       strchr.obj                      22      0         0      
       s_copysign.obj                  20      0         0      
       strcpy.obj                      20      0         0      
       strlen.obj                      20      0         0      
       copy_zero_init.obj              18      0         0      
       copy_decompress_none.obj        14      0         0      
       errno.obj                       0       0         4      
       exit.obj                        4       0         0      
       pre_init.obj                    4       0         0      
       i_div0.obj                      2       0         0      
    +--+-------------------------------+-------+---------+---------+
       Total:                          13252   473       4      
                                                                
       Stack:                          0       0         512    
       Linker Generated:               0       58        0      
    +--+-------------------------------+-------+---------+---------+
       Grand Total:                    20632   1949      746    


LINKER GENERATED COPY TABLES

__TI_cinit_table @ 00005840 records: 2, size/record: 8, table size: 16
	.data: load addr=00005810, load size=00000016 bytes, run addr=200002b8, run size=00000038 bytes, compression=lzss
	.bss: load addr=00005838, load size=00000008 bytes, run addr=20000200, run size=000000b8 bytes, compression=zero_init


LINKER GENERATED HANDLER TABLE

__TI_handler_table @ 00005828 records: 3, size/record: 4, table size: 12
	index: 0, handler: __TI_decompress_lzss
	index: 1, handler: __TI_decompress_none
	index: 2, handler: __TI_zero_init


GLOBAL SYMBOLS: SORTED ALPHABETICALLY BY Name 

address   name                          
-------   ----                          
0000522b  ADCIntClear                   
00004f49  ADCIntStatus                  
00005069  ADCProcessorTrigger           
00004afd  ADCSequenceConfigure          
00005011  ADCSequenceDataGet            
000051cf  ADCSequenceEnable             
00004805  ADCSequenceStepConfigure      
000052a5  C$$EXIT                       
00005207  CPUcpsie                      
00003af9  EncodersExampleTest           
00004fa5  GPIODirModeSet                
00004049  GPIOPadConfigSet              
00004c91  GPIOPinConfigure              
00005289  GPIOPinRead                   
0000512f  GPIOPinTypeADC                
00005141  GPIOPinTypeGPIOInput          
00005081  GPIOPinTypeGPIOOutput         
00005153  GPIOPinTypeI2C                
00005165  GPIOPinTypeI2CSCL             
00005177  GPIOPinTypeSSI                
00005189  GPIOPinTypeUART               
0000528f  GPIOPinWrite                  
00004ee1  I2CMInit                      
00005235  I2CMasterEnable               
00004bf9  I2CMasterInitExpClk           
00005271  I2CMasterIntEnableEx          
00004969  IntEnable                     
000051bf  IntMasterEnable               
200002d0  Kdtest                        
200002d4  Kitest                        
200002cc  Kptest                        
00001fd9  MCP9600init                   
00001fdd  MCP9600read                   
00001fdb  MCP9600ready                  
00001c81  PIDCurrUpdate                 
00001c7f  PIDUpdate                     
0000502f  PWMPulseWidthSet              
0000521f  ResetISR                      
00005279  SSIBusy                       
00004e35  SSIConfigSetExpClk            
00005213  SSIDataGet                    
0000519b  SSIDataGetNonBlocking         
0000523f  SSIDataPut                    
00005249  SSIEnable                     
00003579  SysCtlClockFreqSet            
00004291  SysCtlClockGet                
00005295  SysCtlDelay                   
00004f15  SysCtlPeripheralEnable        
00004e71  SysCtlPeripheralPresent       
00004ba9  SysCtlPeripheralReset         
00005253  UARTCharGet                   
000051dd  UARTCharGetNonBlocking        
0000525d  UARTCharPut                   
000051eb  UARTCharsAvail                
0000529b  UARTClockSourceSet            
00004d69  UARTConfigSetExpClk           
00004fd1  UARTDisable                   
000050df  UARTEnable                    
000052a1  UARTIntClear                  
00005281  UARTIntEnable                 
00003afb  UARTIntHandler                
00005267  UARTIntStatus                 
00002a8d  UARTStdioConfig               
00002bd3  UARTgetc                      
00002b19  UARTgets                      
00002ef3  UARTprintf                    
00002bf9  UARTvprintf                   
00002ad3  UARTwrite                     
20000200  __STACK_END                   
00000200  __STACK_SIZE                  
20000200  __STACK_TOP                   
00005840  __TI_CINIT_Base               
00005850  __TI_CINIT_Limit              
00005828  __TI_Handler_Table_Base       
00005834  __TI_Handler_Table_Limit      
00004db1  __TI_auto_init_nobinit_nopinit
000049d1  __TI_decompress_lzss          
000051f9  __TI_decompress_none          
ffffffff  __TI_pprof_out_hndl           
00000a55  __TI_printfi                  
ffffffff  __TI_prof_data_size           
ffffffff  __TI_prof_data_start          
00002075  __TI_scanfi                   
00000000  __TI_static_base__            
000051ad  __TI_zero_init_nomemset       
000046f9  __aeabi_cdcmpeq               
000046f9  __aeabi_cdcmple               
0000477f  __aeabi_cdrcmple              
000048f9  __aeabi_d2f                   
00004d21  __aeabi_d2iz                  
0000394b  __aeabi_dadd                  
00003ddd  __aeabi_ddiv                  
000043a1  __aeabi_dmul                  
00003941  __aeabi_dsub                  
00004f77  __aeabi_i2d                   
000013e7  __aeabi_idiv0                 
00005099  __aeabi_lmul                  
0000487f  __aeabi_memclr                
0000487f  __aeabi_memclr4               
0000487f  __aeabi_memclr8               
0000465d  __aeabi_memcpy                
0000465d  __aeabi_memcpy4               
0000465d  __aeabi_memcpy8               
00004881  __aeabi_memset                
00004881  __aeabi_memset4               
00004881  __aeabi_memset8               
00004df5  __aeabi_uidiv                 
00004df5  __aeabi_uidivmod              
00003385  __aeabi_uldivmod              
ffffffff  __binit__                     
ffffffff  __c_args__                    
UNDEFED   __mpu_init                    
20000000  __stack                       
00004ea9  _c_int00_noargs               
00005460  _ctypes_                      
UNDEFED   _system_post_cinit            
000052a9  _system_pre_init              
000052a5  abort                         
200002b8  adcArray                      
00001eb1  adcInit                       
00001f2d  adcRead                       
00004c45  atoi                          
ffffffff  binit                         
20000200  charBuf                       
000050f3  copysign                      
000050f3  copysignl                     
00001fa5  currRead                      
00001f51  currentRead1                  
00001f57  currentRead2                  
00001405  delayMS                       
000019a5  encoderRead                   
200002a4  encoderVal                    
200002ec  errno                         
00004a39  frexp                         
00004a39  frexpl                        
00000000  g_pfnVectors                  
200002c9  get_user_char                 
000016a1  gpioInit                      
00001d55  i2cInit                       
00001ce1  initConsole                   
200002e0  last_input                    
0000449d  ldexp                         
0000449d  ldexpl                        
00004b55  ltoa                          
00003b73  main                          
00001493  matlabMenu                    
0000504d  memccpy                       
0000465d  memcpy                        
00004887  memset                        
0000144b  menuHeader                    
00001577  menuInit                      
000015b9  menuOptions                   
200002ca  more_input                    
00001bb9  motor1Angle                   
00001bf5  motor1Rad                     
00001bb3  motor1Raw                     
00001bd7  motor2Angle                   
00001c1b  motor2Rad                     
00001bad  motor2Raw                     
00001ad9  motorDriverInit               
00001c41  motorError                    
00001a85  motorInit                     
00001b8d  motorPWM1                     
00001b9d  motorPWM2                     
00001679  processUserInput              
2000028c  pui32DataRx                   
20000264  pui32DataRx2                  
20000298  pui32DataTx                   
20000278  pui32DataTx2                  
00001ea7  pwmInit                       
000013e9  r2rDefaultInit                
200002dc  run_program                   
00001435  safetyCheck                   
0000449d  scalbn                        
0000449d  scalbnl                       
0000143f  sensorUpdate                  
00001de1  spiInit                       
00004a9d  sprintf                       
000045a3  sscanf                        
000050c9  strchr                        
00005107  strcpy                        
0000511b  strlen                        
000050b1  strrchr                       
00002f29  strtod                        
00003f15  strtol                        
00002f29  strtold                       
00003765  strtoll                       
0000417d  strtoul                       
00003c81  strtoull                      
0000141f  sysInit                       
00001f71  tempRead                      
00001f5d  tempRead1                     
00001f63  tempRead2                     
00001c83  uartInit                      
00001d21  uartSend                      
200002ac  ui32Index                     
200002b0  ui32Index2                    
200002b4  ui32SysClock                  
200002c8  user_input_flag               
200002d8  user_select                   
00004591  vsscanf                       


GLOBAL SYMBOLS: SORTED BY Symbol Address 

address   name                          
-------   ----                          
00000000  __TI_static_base__            
00000000  g_pfnVectors                  
00000200  __STACK_SIZE                  
00000a55  __TI_printfi                  
000013e7  __aeabi_idiv0                 
000013e9  r2rDefaultInit                
00001405  delayMS                       
0000141f  sysInit                       
00001435  safetyCheck                   
0000143f  sensorUpdate                  
0000144b  menuHeader                    
00001493  matlabMenu                    
00001577  menuInit                      
000015b9  menuOptions                   
00001679  processUserInput              
000016a1  gpioInit                      
000019a5  encoderRead                   
00001a85  motorInit                     
00001ad9  motorDriverInit               
00001b8d  motorPWM1                     
00001b9d  motorPWM2                     
00001bad  motor2Raw                     
00001bb3  motor1Raw                     
00001bb9  motor1Angle                   
00001bd7  motor2Angle                   
00001bf5  motor1Rad                     
00001c1b  motor2Rad                     
00001c41  motorError                    
00001c7f  PIDUpdate                     
00001c81  PIDCurrUpdate                 
00001c83  uartInit                      
00001ce1  initConsole                   
00001d21  uartSend                      
00001d55  i2cInit                       
00001de1  spiInit                       
00001ea7  pwmInit                       
00001eb1  adcInit                       
00001f2d  adcRead                       
00001f51  currentRead1                  
00001f57  currentRead2                  
00001f5d  tempRead1                     
00001f63  tempRead2                     
00001f71  tempRead                      
00001fa5  currRead                      
00001fd9  MCP9600init                   
00001fdb  MCP9600ready                  
00001fdd  MCP9600read                   
00002075  __TI_scanfi                   
00002a8d  UARTStdioConfig               
00002ad3  UARTwrite                     
00002b19  UARTgets                      
00002bd3  UARTgetc                      
00002bf9  UARTvprintf                   
00002ef3  UARTprintf                    
00002f29  strtod                        
00002f29  strtold                       
00003385  __aeabi_uldivmod              
00003579  SysCtlClockFreqSet            
00003765  strtoll                       
00003941  __aeabi_dsub                  
0000394b  __aeabi_dadd                  
00003af9  EncodersExampleTest           
00003afb  UARTIntHandler                
00003b73  main                          
00003c81  strtoull                      
00003ddd  __aeabi_ddiv                  
00003f15  strtol                        
00004049  GPIOPadConfigSet              
0000417d  strtoul                       
00004291  SysCtlClockGet                
000043a1  __aeabi_dmul                  
0000449d  ldexp                         
0000449d  ldexpl                        
0000449d  scalbn                        
0000449d  scalbnl                       
00004591  vsscanf                       
000045a3  sscanf                        
0000465d  __aeabi_memcpy                
0000465d  __aeabi_memcpy4               
0000465d  __aeabi_memcpy8               
0000465d  memcpy                        
000046f9  __aeabi_cdcmpeq               
000046f9  __aeabi_cdcmple               
0000477f  __aeabi_cdrcmple              
00004805  ADCSequenceStepConfigure      
0000487f  __aeabi_memclr                
0000487f  __aeabi_memclr4               
0000487f  __aeabi_memclr8               
00004881  __aeabi_memset                
00004881  __aeabi_memset4               
00004881  __aeabi_memset8               
00004887  memset                        
000048f9  __aeabi_d2f                   
00004969  IntEnable                     
000049d1  __TI_decompress_lzss          
00004a39  frexp                         
00004a39  frexpl                        
00004a9d  sprintf                       
00004afd  ADCSequenceConfigure          
00004b55  ltoa                          
00004ba9  SysCtlPeripheralReset         
00004bf9  I2CMasterInitExpClk           
00004c45  atoi                          
00004c91  GPIOPinConfigure              
00004d21  __aeabi_d2iz                  
00004d69  UARTConfigSetExpClk           
00004db1  __TI_auto_init_nobinit_nopinit
00004df5  __aeabi_uidiv                 
00004df5  __aeabi_uidivmod              
00004e35  SSIConfigSetExpClk            
00004e71  SysCtlPeripheralPresent       
00004ea9  _c_int00_noargs               
00004ee1  I2CMInit                      
00004f15  SysCtlPeripheralEnable        
00004f49  ADCIntStatus                  
00004f77  __aeabi_i2d                   
00004fa5  GPIODirModeSet                
00004fd1  UARTDisable                   
00005011  ADCSequenceDataGet            
0000502f  PWMPulseWidthSet              
0000504d  memccpy                       
00005069  ADCProcessorTrigger           
00005081  GPIOPinTypeGPIOOutput         
00005099  __aeabi_lmul                  
000050b1  strrchr                       
000050c9  strchr                        
000050df  UARTEnable                    
000050f3  copysign                      
000050f3  copysignl                     
00005107  strcpy                        
0000511b  strlen                        
0000512f  GPIOPinTypeADC                
00005141  GPIOPinTypeGPIOInput          
00005153  GPIOPinTypeI2C                
00005165  GPIOPinTypeI2CSCL             
00005177  GPIOPinTypeSSI                
00005189  GPIOPinTypeUART               
0000519b  SSIDataGetNonBlocking         
000051ad  __TI_zero_init_nomemset       
000051bf  IntMasterEnable               
000051cf  ADCSequenceEnable             
000051dd  UARTCharGetNonBlocking        
000051eb  UARTCharsAvail                
000051f9  __TI_decompress_none          
00005207  CPUcpsie                      
00005213  SSIDataGet                    
0000521f  ResetISR                      
0000522b  ADCIntClear                   
00005235  I2CMasterEnable               
0000523f  SSIDataPut                    
00005249  SSIEnable                     
00005253  UARTCharGet                   
0000525d  UARTCharPut                   
00005267  UARTIntStatus                 
00005271  I2CMasterIntEnableEx          
00005279  SSIBusy                       
00005281  UARTIntEnable                 
00005289  GPIOPinRead                   
0000528f  GPIOPinWrite                  
00005295  SysCtlDelay                   
0000529b  UARTClockSourceSet            
000052a1  UARTIntClear                  
000052a5  C$$EXIT                       
000052a5  abort                         
000052a9  _system_pre_init              
00005460  _ctypes_                      
00005828  __TI_Handler_Table_Base       
00005834  __TI_Handler_Table_Limit      
00005840  __TI_CINIT_Base               
00005850  __TI_CINIT_Limit              
20000000  __stack                       
20000200  __STACK_END                   
20000200  __STACK_TOP                   
20000200  charBuf                       
20000264  pui32DataRx2                  
20000278  pui32DataTx2                  
2000028c  pui32DataRx                   
20000298  pui32DataTx                   
200002a4  encoderVal                    
200002ac  ui32Index                     
200002b0  ui32Index2                    
200002b4  ui32SysClock                  
200002b8  adcArray                      
200002c8  user_input_flag               
200002c9  get_user_char                 
200002ca  more_input                    
200002cc  Kptest                        
200002d0  Kdtest                        
200002d4  Kitest                        
200002d8  user_select                   
200002dc  run_program                   
200002e0  last_input                    
200002ec  errno                         
ffffffff  __TI_pprof_out_hndl           
ffffffff  __TI_prof_data_size           
ffffffff  __TI_prof_data_start          
ffffffff  __binit__                     
ffffffff  __c_args__                    
ffffffff  binit                         
UNDEFED   __mpu_init                    
UNDEFED   _system_post_cinit            

[201 symbols]
