******************************************************************************
                  TI ARM Linker PC v18.1.1                     
******************************************************************************
>> Linked Mon Mar 26 15:02:09 2018

OUTPUT FILE NAME:   <r2rArmProject.out>
ENTRY POINT SYMBOL: "_c_int00_noargs"  address: 00003a1d


MEMORY CONFIGURATION

         name            origin    length      used     unused   attr    fill
----------------------  --------  ---------  --------  --------  ----  --------
  FLASH                 00000000   00100000  0000430c  000fbcf4  R  X
  SRAM                  20000000   00040000  000002b0  0003fd50  RW X


SEGMENT ALLOCATION MAP

run origin  load origin   length   init length attrs members
----------  ----------- ---------- ----------- ----- -------
00000000    00000000    00004310   00004310    r-x
  00000000    00000000    00000208   00000208    r-- .intvecs
  00000208    00000208    00003c3c   00003c3c    r-x .text
  00003e44    00003e44    00000488   00000488    r-- .const
  000042d0    000042d0    00000040   00000040    r-- .cinit
20000000    20000000    000002b0   00000000    rw-
  20000000    20000000    00000200   00000000    rw- .stack
  20000200    20000200    00000078   00000000    rw- .bss
  20000278    20000278    00000038   00000000    rw- .data


SECTION ALLOCATION MAP

 output                                  attributes/
section   page    origin      length       input sections
--------  ----  ----------  ----------   ----------------
.intvecs   0    00000000    00000208     
                  00000000    00000208     tm4c1292ncpdt_startup_ccs.obj (.intvecs)

.text      0    00000208    00003c3c     
                  00000208    00000c8c     r2r.obj (.text)
                  00000e94    00000a5e     rtsv7M4_T_le_v4SPD16_eabi.lib : _printfi.c.obj (.text:__TI_printfi)
                  000018f2    00000002                                   : div0.asm.obj (.text)
                  000018f4    0000049c     uartstdio.obj (.text)
                  00001d90    00000270     rtsv7M4_T_le_v4SPD16_eabi.lib : _printfi.c.obj (.text:_pconv_a)
                  00002000    00000200     main.obj (.text)
                  00002200    000001ec     driverlib.lib : sysctl.obj (.text:SysCtlClockFreqSet)
                  000023ec    000001d0     rtsv7M4_T_le_v4SPD16_eabi.lib : _printfi.c.obj (.text:_pconv_g)
                  000025bc    000001b6                                   : fd_add_t2.asm.obj (.text)
                  00002772    00000002     --HOLE-- [fill = 0]
                  00002774    0000013c                                   : _printfi.c.obj (.text:_pconv_e)
                  000028b0    00000136                                   : fd_div_t2.asm.obj (.text)
                  000029e6    00000132     driverlib.lib : gpio.obj (.text:GPIOPadConfigSet)
                  00002b18    00000120     rtsv7M4_T_le_v4SPD16_eabi.lib : _printfi.c.obj (.text:fcvt)
                  00002c38    00000110     driverlib.lib : sysctl.obj (.text:SysCtlClockGet)
                  00002d48    00000110     rtsv7M4_T_le_v4SPD16_eabi.lib : s_scalbn.c.obj (.text:scalbn)
                  00002e58    000000fc                                   : fd_mul_t2.asm.obj (.text)
                  00002f54    000000b1                                   : _printfi.c.obj (.text:_ltostr)
                  00003005    00000001     --HOLE-- [fill = 0]
                  00003006    0000009c                                   : memcpy_t2.asm.obj (.text)
                  000030a2    00000096                                   : ull_div_t2.asm.obj (.text)
                  00003138    00000086                                   : fd_cmp_t2.asm.obj (.text:__aeabi_cdcmple)
                  000031be    00000086                                   : fd_cmp_t2.asm.obj (.text:__aeabi_cdrcmple)
                  00003244    0000007a     driverlib.lib : adc.obj (.text:ADCSequenceStepConfigure)
                  000032be    0000007a     rtsv7M4_T_le_v4SPD16_eabi.lib : memset_t2.asm.obj (.text)
                  00003338    0000006e                                   : _printfi.c.obj (.text:_mcpy)
                  000033a6    0000006e                                   : fd_tos_t2.asm.obj (.text)
                  00003414    00000068     driverlib.lib : interrupt.obj (.text:IntEnable)
                  0000347c    00000068     rtsv7M4_T_le_v4SPD16_eabi.lib : copy_decompress_lzss.c.obj (.text:decompress:lzss:__TI_decompress_lzss)
                  000034e4    00000064                                   : s_frexp.c.obj (.text:frexp)
                  00003548    00000058     driverlib.lib : adc.obj (.text:ADCSequenceConfigure)
                  000035a0    00000056     rtsv7M4_T_le_v4SPD16_eabi.lib : _printfi.c.obj (.text:_pconv_f)
                  000035f6    00000054                                   : ltoa.c.obj (.text:ltoa)
                  0000364a    00000052                                   : _printfi.c.obj (.text:_ecpy)
                  0000369c    00000050     driverlib.lib : sysctl.obj (.text:SysCtlPeripheralReset)
                  000036ec    0000004c                   : i2c.obj (.text:I2CMasterInitExpClk)
                  00003738    0000004c     rtsv7M4_T_le_v4SPD16_eabi.lib : atoi.c.obj (.text:atoi)
                  00003784    00000048     driverlib.lib : gpio.obj (.text:GPIOPinConfigure)
                  000037cc    00000048                   : sysctl.obj (.text:_SysCtlFrequencyGet)
                  00003814    00000048     rtsv7M4_T_le_v4SPD16_eabi.lib : fd_toi_t2.asm.obj (.text)
                  0000385c    00000046     driverlib.lib : uart.obj (.text:UARTConfigSetExpClk)
                  000038a2    00000002     --HOLE-- [fill = 0]
                  000038a4    00000044     rtsv7M4_T_le_v4SPD16_eabi.lib : autoinit.c.obj (.text:__TI_auto_init_nobinit_nopinit:__TI_auto_init_nobinit_nopinit)
                  000038e8    00000040                                   : u_divt2.asm.obj (.text)
                  00003928    00000040                                   : sprintf.c.obj (.text:sprintf)
                  00003968    0000003e                                   : _printfi.c.obj (.text:_fcpy)
                  000039a6    0000003c     driverlib.lib : ssi.obj (.text:SSIConfigSetExpClk)
                  000039e2    00000002     --HOLE-- [fill = 0]
                  000039e4    00000038                   : sysctl.obj (.text:SysCtlPeripheralPresent)
                  00003a1c    00000038     rtsv7M4_T_le_v4SPD16_eabi.lib : boot_cortex_m.c.obj (.text:_c_int00_noargs:_c_int00_noargs)
                  00003a54    00000038                                   : fs_tod_t2.asm.obj (.text)
                  00003a8c    00000034     sensorlib.lib : i2cm_drv.obj (.text:I2CMInit)
                  00003ac0    00000034     driverlib.lib : sysctl.obj (.text:SysCtlPeripheralEnable)
                  00003af4    0000002e                   : adc.obj (.text:ADCIntStatus)
                  00003b22    0000002e     rtsv7M4_T_le_v4SPD16_eabi.lib : i_tofd_t2.asm.obj (.text)
                  00003b50    0000002a     driverlib.lib : gpio.obj (.text:GPIODirModeSet)
                  00003b7a    00000002     --HOLE-- [fill = 0]
                  00003b7c    00000020                   : uart.obj (.text:UARTDisable)
                  00003b9c    00000020                   : sysctl.obj (.text:_SysCtlMemTimingGet)
                  00003bbc    0000001e                   : adc.obj (.text:ADCSequenceDataGet)
                  00003bda    0000001e                   : pwm.obj (.text:PWMPulseWidthSet)
                  00003bf8    0000001c     rtsv7M4_T_le_v4SPD16_eabi.lib : memccpy.c.obj (.text:memccpy)
                  00003c14    00000018     driverlib.lib : adc.obj (.text:ADCProcessorTrigger)
                  00003c2c    00000018                   : gpio.obj (.text:GPIOPinTypeGPIOOutput)
                  00003c44    00000018     rtsv7M4_T_le_v4SPD16_eabi.lib : sprintf.c.obj (.text:_outs)
                  00003c5c    00000016                                   : strchr.c.obj (.text:strchr)
                  00003c72    00000014     driverlib.lib : uart.obj (.text:UARTEnable)
                  00003c86    00000014     rtsv7M4_T_le_v4SPD16_eabi.lib : s_copysign.c.obj (.text:copysign)
                  00003c9a    00000014                                   : strlen.c.obj (.text:strlen)
                  00003cae    00000012     driverlib.lib : gpio.obj (.text:GPIOPinTypeADC)
                  00003cc0    00000012                   : gpio.obj (.text:GPIOPinTypeGPIOInput)
                  00003cd2    00000012                   : gpio.obj (.text:GPIOPinTypeI2C)
                  00003ce4    00000012                   : gpio.obj (.text:GPIOPinTypeI2CSCL)
                  00003cf6    00000012                   : gpio.obj (.text:GPIOPinTypeSSI)
                  00003d08    00000012                   : gpio.obj (.text:GPIOPinTypeUART)
                  00003d1a    00000012                   : ssi.obj (.text:SSIDataGetNonBlocking)
                  00003d2c    00000012     rtsv7M4_T_le_v4SPD16_eabi.lib : copy_zero_init.c.obj (.text:decompress:ZI:__TI_zero_init_nomemset:__TI_zero_init_nomemset)
                  00003d3e    00000012                                   : wcslen.c.obj (.text:wcslen)
                  00003d50    00000010     driverlib.lib : interrupt.obj (.text:IntMasterEnable)
                  00003d60    0000000e                   : adc.obj (.text:ADCSequenceEnable)
                  00003d6e    0000000e                   : uart.obj (.text:UARTCharsAvail)
                  00003d7c    0000000e     rtsv7M4_T_le_v4SPD16_eabi.lib : copy_decompress_none.c.obj (.text:decompress:none:__TI_decompress_none)
                  00003d8a    0000000c     driverlib.lib : cpu.obj (.text:CPUcpsie)
                  00003d96    0000000c                   : ssi.obj (.text:SSIDataGet)
                  00003da2    0000000c     tm4c1292ncpdt_startup_ccs.obj (.text)
                  00003dae    0000000a     driverlib.lib : adc.obj (.text:ADCIntClear)
                  00003db8    0000000a                   : i2c.obj (.text:I2CMasterEnable)
                  00003dc2    0000000a                   : ssi.obj (.text:SSIDataPut)
                  00003dcc    0000000a                   : ssi.obj (.text:SSIEnable)
                  00003dd6    0000000a                   : uart.obj (.text:UARTCharGet)
                  00003de0    0000000a                   : uart.obj (.text:UARTCharPut)
                  00003dea    0000000a                   : uart.obj (.text:UARTIntStatus)
                  00003df4    0000000a     rtsv7M4_T_le_v4SPD16_eabi.lib : sprintf.c.obj (.text:_outc)
                  00003dfe    00000008     driverlib.lib : i2c.obj (.text:I2CMasterIntEnableEx)
                  00003e06    00000008                   : ssi.obj (.text:SSIBusy)
                  00003e0e    00000008                   : uart.obj (.text:UARTIntEnable)
                  00003e16    00000002     --HOLE-- [fill = 0]
                  00003e18    00000008     rtsv7M4_T_le_v4SPD16_eabi.lib : errno.c.obj (.text:__aeabi_errno_addr)
                  00003e20    00000006     driverlib.lib : gpio.obj (.text:GPIOPinRead)
                  00003e26    00000006                   : gpio.obj (.text:GPIOPinWrite)
                  00003e2c    00000006                   : sysctl.obj (.text:SysCtlDelay)
                  00003e32    00000006                   : uart.obj (.text:UARTClockSourceSet)
                  00003e38    00000004                   : uart.obj (.text:UARTIntClear)
                  00003e3c    00000004     rtsv7M4_T_le_v4SPD16_eabi.lib : pre_init.c.obj (.text:_system_pre_init)
                  00003e40    00000004                                   : exit.c.obj (.text:abort:abort)

.const     0    00003e44    00000488     
                  00003e44    000001b0     driverlib.lib : sysctl.obj (.const:g_pppui32XTALtoVCO)
                  00003ff4    00000101     rtsv7M4_T_le_v4SPD16_eabi.lib : ctype.c.obj (.const:.string:_ctypes_)
                  000040f5    00000003     --HOLE-- [fill = 0]
                  000040f8    00000090     driverlib.lib : gpio.obj (.const:g_pui32GPIOBaseAddrs)
                  00004188    00000070                   : interrupt.obj (.const)
                  000041f8    0000006c                   : sysctl.obj (.const:g_pui32Xtals)
                  00004264    00000030                   : sysctl.obj (.const:g_sXTALtoMEMTIM)
                  00004294    00000012     uartstdio.obj (.const:.string)
                  000042a6    00000002     --HOLE-- [fill = 0]
                  000042a8    0000000c     uartstdio.obj (.const:g_ui32UARTBase)
                  000042b4    0000000c     uartstdio.obj (.const:g_ui32UARTPeriph)
                  000042c0    00000008     driverlib.lib : sysctl.obj (.const)
                  000042c8    00000004     uartstdio.obj (.const)

.cinit     0    000042d0    00000040     
                  000042d0    00000016     (.cinit..data.load) [load image, compression = lzss]
                  000042e6    00000002     --HOLE-- [fill = 0]
                  000042e8    0000000c     (__TI_handler_table)
                  000042f4    00000004     --HOLE-- [fill = 0]
                  000042f8    00000008     (.cinit..bss.load) [load image, compression = zero_init]
                  00004300    00000010     (__TI_cinit_table)

.init_array 
*          0    00000000    00000000     UNINITIALIZED

.bss       0    20000200    00000078     UNINITIALIZED
                  20000200    00000014     (.common:pui32DataRx2)
                  20000214    00000014     (.common:pui32DataTx2)
                  20000228    0000000c     (.common:data)
                  20000234    0000000c     (.common:pui32DataRx)
                  20000240    0000000c     (.common:pui32DataTx)
                  2000024c    0000000c     (.common:recev)
                  20000258    00000008     (.common:encoderVal)
                  20000260    00000004     (.common:array)
                  20000264    00000004     (.common:getfloat)
                  20000268    00000004     (.common:i)
                  2000026c    00000004     (.common:ui32Index)
                  20000270    00000004     (.common:ui32Index2)
                  20000274    00000004     (.common:ui32SysClock)

.data      0    20000278    00000038     UNINITIALIZED
                  20000278    00000010     r2r.obj (.data:adcArray)
                  20000288    00000010     main.obj (.data)
                  20000298    00000009     r2r.obj (.data)
                  200002a1    00000003     --HOLE--
                  200002a4    00000005     uartstdio.obj (.data)
                  200002a9    00000003     --HOLE--
                  200002ac    00000004     rtsv7M4_T_le_v4SPD16_eabi.lib : errno.c.obj (.data)

.stack     0    20000000    00000200     UNINITIALIZED
                  20000000    00000004     rtsv7M4_T_le_v4SPD16_eabi.lib : boot_cortex_m.c.obj (.stack)
                  20000004    000001fc     --HOLE--

MODULE SUMMARY

       Module                          code    ro data   rw data
       ------                          ----    -------   -------
    .\
       r2r.obj                         3212    0         109    
       uartstdio.obj                   1180    46        5      
       main.obj                        512     0         52     
       tm4c1292ncpdt_startup_ccs.obj   12      520       0      
    +--+-------------------------------+-------+---------+---------+
       Total:                          4916    566       166    
                                                                
    C:/ti/TivaWare_C_Series-2.1.3.156/driverlib/ccs/Debug/driverlib.lib
       sysctl.obj                      1062    596       0      
       gpio.obj                        564     144       0      
       adc.obj                         334     0         0      
       interrupt.obj                   120     112       0      
       uart.obj                        184     0         0      
       ssi.obj                         118     0         0      
       i2c.obj                         94      0         0      
       pwm.obj                         30      0         0      
       cpu.obj                         12      0         0      
    +--+-------------------------------+-------+---------+---------+
       Total:                          2518    852       0      
                                                                
    C:/ti/TivaWare_C_Series-2.1.3.156/sensorlib/ccs/Debug/sensorlib.lib
       i2cm_drv.obj                    52      0         0      
    +--+-------------------------------+-------+---------+---------+
       Total:                          52      0         0      
                                                                
    C:\ti\ccsv7\tools\compiler\ti-cgt-arm_18.1.1.LTS\lib\rtsv7M4_T_le_v4SPD16_eabi.lib
       _printfi.c.obj                  4863    0         0      
       fd_add_t2.asm.obj               438     0         0      
       fd_div_t2.asm.obj               310     0         0      
       s_scalbn.c.obj                  272     0         0      
       fd_cmp_t2.asm.obj               268     0         0      
       ctype.c.obj                     0       257       0      
       fd_mul_t2.asm.obj               252     0         0      
       memcpy_t2.asm.obj               156     0         0      
       ull_div_t2.asm.obj              150     0         0      
       memset_t2.asm.obj               122     0         0      
       fd_tos_t2.asm.obj               110     0         0      
       copy_decompress_lzss.c.obj      104     0         0      
       s_frexp.c.obj                   100     0         0      
       sprintf.c.obj                   98      0         0      
       ltoa.c.obj                      84      0         0      
       atoi.c.obj                      76      0         0      
       fd_toi_t2.asm.obj               72      0         0      
       autoinit.c.obj                  68      0         0      
       u_divt2.asm.obj                 64      0         0      
       boot_cortex_m.c.obj             56      0         0      
       fs_tod_t2.asm.obj               56      0         0      
       i_tofd_t2.asm.obj               46      0         0      
       memccpy.c.obj                   28      0         0      
       strchr.c.obj                    22      0         0      
       s_copysign.c.obj                20      0         0      
       strlen.c.obj                    20      0         0      
       copy_zero_init.c.obj            18      0         0      
       wcslen.c.obj                    18      0         0      
       copy_decompress_none.c.obj      14      0         0      
       errno.c.obj                     8       0         4      
       exit.c.obj                      4       0         0      
       pre_init.c.obj                  4       0         0      
       div0.asm.obj                    2       0         0      
    +--+-------------------------------+-------+---------+---------+
       Total:                          7923    257       4      
                                                                
       Stack:                          0       0         512    
       Linker Generated:               0       58        0      
    +--+-------------------------------+-------+---------+---------+
       Grand Total:                    15409   1733      682    


LINKER GENERATED COPY TABLES

__TI_cinit_table @ 00004300 records: 2, size/record: 8, table size: 16
	.data: load addr=000042d0, load size=00000016 bytes, run addr=20000278, run size=00000038 bytes, compression=lzss
	.bss: load addr=000042f8, load size=00000008 bytes, run addr=20000200, run size=00000078 bytes, compression=zero_init


LINKER GENERATED HANDLER TABLE

__TI_handler_table @ 000042e8 records: 3, size/record: 4, table size: 12
	index: 0, handler: __TI_decompress_lzss
	index: 1, handler: __TI_decompress_none
	index: 2, handler: __TI_zero_init


GLOBAL SYMBOLS: SORTED ALPHABETICALLY BY Name 

address   name                          
-------   ----                          
00003daf  ADCIntClear                   
00003af5  ADCIntStatus                  
00003c15  ADCProcessorTrigger           
00003549  ADCSequenceConfigure          
00003bbd  ADCSequenceDataGet            
00003d61  ADCSequenceEnable             
00003245  ADCSequenceStepConfigure      
00003e41  C$$EXIT                       
00003d8b  CPUcpsie                      
00002001  EncodersExampleTest           
00003b51  GPIODirModeSet                
000029e7  GPIOPadConfigSet              
00003785  GPIOPinConfigure              
00003e21  GPIOPinRead                   
00003caf  GPIOPinTypeADC                
00003cc1  GPIOPinTypeGPIOInput          
00003c2d  GPIOPinTypeGPIOOutput         
00003cd3  GPIOPinTypeI2C                
00003ce5  GPIOPinTypeI2CSCL             
00003cf7  GPIOPinTypeSSI                
00003d09  GPIOPinTypeUART               
00003e27  GPIOPinWrite                  
00003a8d  I2CMInit                      
00003db9  I2CMasterEnable               
000036ed  I2CMasterInitExpClk           
00003dff  I2CMasterIntEnableEx          
00003415  IntEnable                     
00003d51  IntMasterEnable               
20000290  Kdtest                        
20000294  Kitest                        
2000028c  Kptest                        
00000df9  MCP9600init                   
00000dfd  MCP9600read                   
00000dfb  MCP9600ready                  
00000aa1  PIDCurrUpdate                 
00000a9f  PIDUpdate                     
00003bdb  PWMPulseWidthSet              
00003da3  ResetISR                      
00003e07  SSIBusy                       
000039a7  SSIConfigSetExpClk            
00003d97  SSIDataGet                    
00003d1b  SSIDataGetNonBlocking         
00003dc3  SSIDataPut                    
00003dcd  SSIEnable                     
00002201  SysCtlClockFreqSet            
00002c39  SysCtlClockGet                
00003e2d  SysCtlDelay                   
00003ac1  SysCtlPeripheralEnable        
000039e5  SysCtlPeripheralPresent       
0000369d  SysCtlPeripheralReset         
00003dd7  UARTCharGet                   
00003de1  UARTCharPut                   
00003d6f  UARTCharsAvail                
00003e33  UARTClockSourceSet            
0000385d  UARTConfigSetExpClk           
00003b7d  UARTDisable                   
00003c73  UARTEnable                    
00003e39  UARTIntClear                  
00003e0f  UARTIntEnable                 
00002003  UARTIntHandler                
00003deb  UARTIntStatus                 
000018f5  UARTStdioConfig               
00001a3b  UARTgetc                      
00001981  UARTgets                      
00001d5b  UARTprintf                    
00001a61  UARTvprintf                   
0000193b  UARTwrite                     
20000200  __STACK_END                   
00000200  __STACK_SIZE                  
20000200  __STACK_TOP                   
00004300  __TI_CINIT_Base               
00004310  __TI_CINIT_Limit              
000042e8  __TI_Handler_Table_Base       
000042f4  __TI_Handler_Table_Limit      
000038a5  __TI_auto_init_nobinit_nopinit
0000347d  __TI_decompress_lzss          
00003d7d  __TI_decompress_none          
ffffffff  __TI_pprof_out_hndl           
00000e95  __TI_printfi                  
ffffffff  __TI_prof_data_size           
ffffffff  __TI_prof_data_start          
00000000  __TI_static_base__            
00003d2d  __TI_zero_init_nomemset       
00003139  __aeabi_cdcmpeq               
00003139  __aeabi_cdcmple               
000031bf  __aeabi_cdrcmple              
000033a7  __aeabi_d2f                   
00003815  __aeabi_d2iz                  
000025c7  __aeabi_dadd                  
000028b1  __aeabi_ddiv                  
00002e59  __aeabi_dmul                  
000025bd  __aeabi_dsub                  
00003e19  __aeabi_errno_addr            
00003a55  __aeabi_f2d                   
00003b23  __aeabi_i2d                   
000018f3  __aeabi_idiv0                 
000018f3  __aeabi_ldiv0                 
000032bf  __aeabi_memclr                
000032bf  __aeabi_memclr4               
000032bf  __aeabi_memclr8               
00003007  __aeabi_memcpy                
00003007  __aeabi_memcpy4               
00003007  __aeabi_memcpy8               
000032c1  __aeabi_memset                
000032c1  __aeabi_memset4               
000032c1  __aeabi_memset8               
000038e9  __aeabi_uidiv                 
000038e9  __aeabi_uidivmod              
000030a3  __aeabi_uldivmod              
ffffffff  __binit__                     
ffffffff  __c_args__                    
UNDEFED   __mpu_init                    
20000000  __stack                       
00003a1d  _c_int00_noargs               
00003ff4  _ctypes_                      
UNDEFED   _system_post_cinit            
00003e3d  _system_pre_init              
00003e41  abort                         
20000278  adcArray                      
00000cd1  adcInit                       
00000d4d  adcRead                       
20000260  array                         
00003739  atoi                          
ffffffff  binit                         
UNDEFED   charBuf                       
00003c87  copysign                      
00003c87  copysignl                     
00000dc5  currRead                      
00000d71  currentRead1                  
00000d77  currentRead2                  
20000228  data                          
00000225  delayMS                       
000007c5  encoderRead                   
20000258  encoderVal                    
200002ac  errno                         
000034e5  frexp                         
000034e5  frexpl                        
00000000  g_pfnVectors                  
20000289  get_user_char                 
20000264  getfloat                      
000004c1  gpioInit                      
20000268  i                             
00000b75  i2cInit                       
00000b01  initConsole                   
200002a0  last_input                    
00002d49  ldexp                         
00002d49  ldexpl                        
000035f7  ltoa                          
000020f5  main                          
000002b3  matlabMenu                    
00003bf9  memccpy                       
00003007  memcpy                        
000032c7  memset                        
0000026b  menuHeader                    
00000397  menuInit                      
000003d9  menuOptions                   
2000028a  more_input                    
000009d9  motor1Angle                   
00000a15  motor1Rad                     
000009d3  motor1Raw                     
000009f7  motor2Angle                   
00000a3b  motor2Rad                     
000009cd  motor2Raw                     
000008f9  motorDriverInit               
00000a61  motorError                    
000008a5  motorInit                     
000009ad  motorPWM1                     
000009bd  motorPWM2                     
00000499  processUserInput              
20000234  pui32DataRx                   
20000200  pui32DataRx2                  
20000240  pui32DataTx                   
20000214  pui32DataTx2                  
00000cc7  pwmInit                       
00000209  r2rDefaultInit                
2000024c  recev                         
2000029c  run_program                   
00000255  safetyCheck                   
00002d49  scalbn                        
00002d49  scalbnl                       
0000025f  sensorUpdate                  
00000c01  spiInit                       
00003929  sprintf                       
00003c5d  strchr                        
00003c9b  strlen                        
0000023f  sysInit                       
00000d91  tempRead                      
00000d7d  tempRead1                     
00000d83  tempRead2                     
00000aa3  uartInit                      
00000b41  uartSend                      
2000026c  ui32Index                     
20000270  ui32Index2                    
20000274  ui32SysClock                  
20000288  user_input_flag               
20000298  user_select                   
00003d3f  wcslen                        


GLOBAL SYMBOLS: SORTED BY Symbol Address 

address   name                          
-------   ----                          
00000000  __TI_static_base__            
00000000  g_pfnVectors                  
00000200  __STACK_SIZE                  
00000209  r2rDefaultInit                
00000225  delayMS                       
0000023f  sysInit                       
00000255  safetyCheck                   
0000025f  sensorUpdate                  
0000026b  menuHeader                    
000002b3  matlabMenu                    
00000397  menuInit                      
000003d9  menuOptions                   
00000499  processUserInput              
000004c1  gpioInit                      
000007c5  encoderRead                   
000008a5  motorInit                     
000008f9  motorDriverInit               
000009ad  motorPWM1                     
000009bd  motorPWM2                     
000009cd  motor2Raw                     
000009d3  motor1Raw                     
000009d9  motor1Angle                   
000009f7  motor2Angle                   
00000a15  motor1Rad                     
00000a3b  motor2Rad                     
00000a61  motorError                    
00000a9f  PIDUpdate                     
00000aa1  PIDCurrUpdate                 
00000aa3  uartInit                      
00000b01  initConsole                   
00000b41  uartSend                      
00000b75  i2cInit                       
00000c01  spiInit                       
00000cc7  pwmInit                       
00000cd1  adcInit                       
00000d4d  adcRead                       
00000d71  currentRead1                  
00000d77  currentRead2                  
00000d7d  tempRead1                     
00000d83  tempRead2                     
00000d91  tempRead                      
00000dc5  currRead                      
00000df9  MCP9600init                   
00000dfb  MCP9600ready                  
00000dfd  MCP9600read                   
00000e95  __TI_printfi                  
000018f3  __aeabi_idiv0                 
000018f3  __aeabi_ldiv0                 
000018f5  UARTStdioConfig               
0000193b  UARTwrite                     
00001981  UARTgets                      
00001a3b  UARTgetc                      
00001a61  UARTvprintf                   
00001d5b  UARTprintf                    
00002001  EncodersExampleTest           
00002003  UARTIntHandler                
000020f5  main                          
00002201  SysCtlClockFreqSet            
000025bd  __aeabi_dsub                  
000025c7  __aeabi_dadd                  
000028b1  __aeabi_ddiv                  
000029e7  GPIOPadConfigSet              
00002c39  SysCtlClockGet                
00002d49  ldexp                         
00002d49  ldexpl                        
00002d49  scalbn                        
00002d49  scalbnl                       
00002e59  __aeabi_dmul                  
00003007  __aeabi_memcpy                
00003007  __aeabi_memcpy4               
00003007  __aeabi_memcpy8               
00003007  memcpy                        
000030a3  __aeabi_uldivmod              
00003139  __aeabi_cdcmpeq               
00003139  __aeabi_cdcmple               
000031bf  __aeabi_cdrcmple              
00003245  ADCSequenceStepConfigure      
000032bf  __aeabi_memclr                
000032bf  __aeabi_memclr4               
000032bf  __aeabi_memclr8               
000032c1  __aeabi_memset                
000032c1  __aeabi_memset4               
000032c1  __aeabi_memset8               
000032c7  memset                        
000033a7  __aeabi_d2f                   
00003415  IntEnable                     
0000347d  __TI_decompress_lzss          
000034e5  frexp                         
000034e5  frexpl                        
00003549  ADCSequenceConfigure          
000035f7  ltoa                          
0000369d  SysCtlPeripheralReset         
000036ed  I2CMasterInitExpClk           
00003739  atoi                          
00003785  GPIOPinConfigure              
00003815  __aeabi_d2iz                  
0000385d  UARTConfigSetExpClk           
000038a5  __TI_auto_init_nobinit_nopinit
000038e9  __aeabi_uidiv                 
000038e9  __aeabi_uidivmod              
00003929  sprintf                       
000039a7  SSIConfigSetExpClk            
000039e5  SysCtlPeripheralPresent       
00003a1d  _c_int00_noargs               
00003a55  __aeabi_f2d                   
00003a8d  I2CMInit                      
00003ac1  SysCtlPeripheralEnable        
00003af5  ADCIntStatus                  
00003b23  __aeabi_i2d                   
00003b51  GPIODirModeSet                
00003b7d  UARTDisable                   
00003bbd  ADCSequenceDataGet            
00003bdb  PWMPulseWidthSet              
00003bf9  memccpy                       
00003c15  ADCProcessorTrigger           
00003c2d  GPIOPinTypeGPIOOutput         
00003c5d  strchr                        
00003c73  UARTEnable                    
00003c87  copysign                      
00003c87  copysignl                     
00003c9b  strlen                        
00003caf  GPIOPinTypeADC                
00003cc1  GPIOPinTypeGPIOInput          
00003cd3  GPIOPinTypeI2C                
00003ce5  GPIOPinTypeI2CSCL             
00003cf7  GPIOPinTypeSSI                
00003d09  GPIOPinTypeUART               
00003d1b  SSIDataGetNonBlocking         
00003d2d  __TI_zero_init_nomemset       
00003d3f  wcslen                        
00003d51  IntMasterEnable               
00003d61  ADCSequenceEnable             
00003d6f  UARTCharsAvail                
00003d7d  __TI_decompress_none          
00003d8b  CPUcpsie                      
00003d97  SSIDataGet                    
00003da3  ResetISR                      
00003daf  ADCIntClear                   
00003db9  I2CMasterEnable               
00003dc3  SSIDataPut                    
00003dcd  SSIEnable                     
00003dd7  UARTCharGet                   
00003de1  UARTCharPut                   
00003deb  UARTIntStatus                 
00003dff  I2CMasterIntEnableEx          
00003e07  SSIBusy                       
00003e0f  UARTIntEnable                 
00003e19  __aeabi_errno_addr            
00003e21  GPIOPinRead                   
00003e27  GPIOPinWrite                  
00003e2d  SysCtlDelay                   
00003e33  UARTClockSourceSet            
00003e39  UARTIntClear                  
00003e3d  _system_pre_init              
00003e41  C$$EXIT                       
00003e41  abort                         
00003ff4  _ctypes_                      
000042e8  __TI_Handler_Table_Base       
000042f4  __TI_Handler_Table_Limit      
00004300  __TI_CINIT_Base               
00004310  __TI_CINIT_Limit              
20000000  __stack                       
20000200  __STACK_END                   
20000200  __STACK_TOP                   
20000200  pui32DataRx2                  
20000214  pui32DataTx2                  
20000228  data                          
20000234  pui32DataRx                   
20000240  pui32DataTx                   
2000024c  recev                         
20000258  encoderVal                    
20000260  array                         
20000264  getfloat                      
20000268  i                             
2000026c  ui32Index                     
20000270  ui32Index2                    
20000274  ui32SysClock                  
20000278  adcArray                      
20000288  user_input_flag               
20000289  get_user_char                 
2000028a  more_input                    
2000028c  Kptest                        
20000290  Kdtest                        
20000294  Kitest                        
20000298  user_select                   
2000029c  run_program                   
200002a0  last_input                    
200002ac  errno                         
ffffffff  __TI_pprof_out_hndl           
ffffffff  __TI_prof_data_size           
ffffffff  __TI_prof_data_start          
ffffffff  __binit__                     
ffffffff  __c_args__                    
ffffffff  binit                         
UNDEFED   __mpu_init                    
UNDEFED   _system_post_cinit            
UNDEFED   charBuf                       

[197 symbols]
