******************************************************************************
                  TI ARM Linker PC v18.1.0                     
******************************************************************************
>> Linked Wed Mar 14 19:51:32 2018

OUTPUT FILE NAME:   <spi_proj_test.out>
ENTRY POINT SYMBOL: "_c_int00_noargs"  address: 00000ff9


MEMORY CONFIGURATION

         name            origin    length      used     unused   attr    fill
----------------------  --------  ---------  --------  --------  ----  --------
  FLASH                 00000000   00100000  00001726  000fe8da  R  X
  SRAM                  20000000   00040000  00000109  0003fef7  RW X


SEGMENT ALLOCATION MAP

run origin  load origin   length   init length attrs members
----------  ----------- ---------- ----------- ----- -------
00000000    00000000    00001728   00001728    r-x
  00000000    00000000    00000208   00000208    r-- .intvecs
  00000208    00000208    0000107e   0000107e    r-x .text
  00001288    00001288    00000470   00000470    r-- .const
  000016f8    000016f8    00000030   00000030    r-- .cinit
20000000    20000000    0000010c   00000000    rw-
  20000000    20000000    00000100   00000000    rw- .stack
  20000100    20000100    00000005   00000000    rw- .data
  20000108    20000108    00000004   00000000    rw- .bss


SECTION ALLOCATION MAP

 output                                  attributes/
section   page    origin      length       input sections
--------  ----  ----------  ----------   ----------------
.intvecs   0    00000000    00000208     
                  00000000    00000208     tm4c1294ncpdt_startup_ccs.obj (.intvecs)

.text      0    00000208    0000107e     
                  00000208    00000410     spi_test.obj (.text:main)
                  00000618    000001ec     driverlib.lib : sysctl.obj (.text:SysCtlClockFreqSet)
                  00000804    000001ea     spi_test.obj (.text:UARTvprintf)
                  000009ee    00000132     driverlib.lib : gpio.obj (.text:GPIOPadConfigSet)
                  00000b20    0000009c     rtsv7M4_T_le_v4SPD16_eabi.lib : memcpy_t2.asm.obj (.text)
                  00000bbc    00000094     spi_test.obj (.text:PWMconfig)
                  00000c50    00000068     driverlib.lib : interrupt.obj (.text:IntEnable)
                  00000cb8    00000068     rtsv7M4_T_le_v4SPD16_eabi.lib : copy_decompress_lzss.c.obj (.text:decompress:lzss:__TI_decompress_lzss)
                  00000d20    00000060     spi_test.obj (.text:UARTStdioConfig)
                  00000d80    0000004c     spi_test.obj (.text:InitConsole)
                  00000dcc    0000004c     rtsv7M4_T_le_v4SPD16_eabi.lib : atoi.c.obj (.text:atoi)
                  00000e18    00000048     driverlib.lib : gpio.obj (.text:GPIOPinConfigure)
                  00000e60    00000048     spi_test.obj (.text:UARTIntHandler)
                  00000ea8    00000048     spi_test.obj (.text:UARTwrite)
                  00000ef0    00000048     driverlib.lib : sysctl.obj (.text:_SysCtlFrequencyGet)
                  00000f38    00000044     rtsv7M4_T_le_v4SPD16_eabi.lib : autoinit.c.obj (.text:__TI_auto_init_nobinit_nopinit:__TI_auto_init_nobinit_nopinit)
                  00000f7c    00000040                                   : u_divt2.asm.obj (.text)
                  00000fbc    0000003c     driverlib.lib : ssi.obj (.text:SSIConfigSetExpClk)
                  00000ff8    00000038     rtsv7M4_T_le_v4SPD16_eabi.lib : boot_cortex_m.c.obj (.text:_c_int00_noargs:_c_int00_noargs)
                  00001030    00000034     driverlib.lib : sysctl.obj (.text:SysCtlPeripheralEnable)
                  00001064    0000002a                   : gpio.obj (.text:GPIODirModeSet)
                  0000108e    00000022                   : pwm.obj (.text:PWMGenConfigure)
                  000010b0    00000020                   : sysctl.obj (.text:_SysCtlMemTimingGet)
                  000010d0    0000001e                   : pwm.obj (.text:PWMPulseWidthSet)
                  000010ee    0000001a     spi_test.obj (.text:UARTprintf)
                  00001108    00000018     driverlib.lib : gpio.obj (.text:GPIOPinTypeGPIOOutput)
                  00001120    00000014                   : sysctl.obj (.text:SysCtlPWMClockSet)
                  00001134    00000012                   : gpio.obj (.text:GPIOPinTypePWM)
                  00001146    00000012                   : gpio.obj (.text:GPIOPinTypeSSI)
                  00001158    00000012                   : gpio.obj (.text:GPIOPinTypeUART)
                  0000116a    00000012                   : pwm.obj (.text:PWMOutputState)
                  0000117c    00000012                   : ssi.obj (.text:SSIDataGetNonBlocking)
                  0000118e    00000012     rtsv7M4_T_le_v4SPD16_eabi.lib : copy_zero_init.c.obj (.text:decompress:ZI:__TI_zero_init_nomemset:__TI_zero_init_nomemset)
                  000011a0    00000010     driverlib.lib : interrupt.obj (.text:IntMasterEnable)
                  000011b0    00000010                   : pwm.obj (.text:PWMGenPeriodSet)
                  000011c0    00000010     spi_test.obj (.text:motorPWM2)
                  000011d0    0000000e     driverlib.lib : uart.obj (.text:UARTCharGetNonBlocking)
                  000011de    0000000e                   : uart.obj (.text:UARTCharsAvail)
                  000011ec    0000000e     rtsv7M4_T_le_v4SPD16_eabi.lib : copy_decompress_none.c.obj (.text:decompress:none:__TI_decompress_none)
                  000011fa    0000000e     spi_test.obj (.text:delayMS)
                  00001208    0000000c     driverlib.lib : cpu.obj (.text:CPUcpsie)
                  00001214    0000000c                   : pwm.obj (.text:PWMGenEnable)
                  00001220    0000000c                   : ssi.obj (.text:SSIDataGet)
                  0000122c    0000000a                   : ssi.obj (.text:SSIDataPut)
                  00001236    0000000a                   : ssi.obj (.text:SSIEnable)
                  00001240    0000000a                   : uart.obj (.text:UARTIntStatus)
                  0000124a    00000008                   : ssi.obj (.text:SSIBusy)
                  00001252    00000008                   : uart.obj (.text:UARTIntEnable)
                  0000125a    00000006                   : gpio.obj (.text:GPIOPinWrite)
                  00001260    00000006     tm4c1294ncpdt_startup_ccs.obj (.text:ResetISR)
                  00001266    00000006     driverlib.lib : sysctl.obj (.text:SysCtlDelay)
                  0000126c    00000006                   : uart.obj (.text:UARTClockSourceSet)
                  00001272    00000004                   : uart.obj (.text:UARTIntClear)
                  00001276    00000004     rtsv7M4_T_le_v4SPD16_eabi.lib : pre_init.c.obj (.text:_system_pre_init)
                  0000127a    00000004                                   : exit.c.obj (.text:abort:abort)
                  0000127e    00000002     tm4c1294ncpdt_startup_ccs.obj (.text:FaultISR)
                  00001280    00000002     tm4c1294ncpdt_startup_ccs.obj (.text:IntDefaultHandler)
                  00001282    00000002     tm4c1294ncpdt_startup_ccs.obj (.text:NmiSR)
                  00001284    00000002     rtsv7M4_T_le_v4SPD16_eabi.lib : div0.asm.obj (.text)

.const     0    00001288    00000470     
                  00001288    000001b0     driverlib.lib : sysctl.obj (.const:g_pppui32XTALtoVCO)
                  00001438    00000101     rtsv7M4_T_le_v4SPD16_eabi.lib : ctype.c.obj (.const:.string:_ctypes_)
                  00001539    00000003     --HOLE-- [fill = 0]
                  0000153c    00000090     driverlib.lib : gpio.obj (.const:g_pui32GPIOBaseAddrs)
                  000015cc    00000070                   : interrupt.obj (.const)
                  0000163c    0000006c                   : sysctl.obj (.const:g_pui32Xtals)
                  000016a8    00000030                   : sysctl.obj (.const:g_sXTALtoMEMTIM)
                  000016d8    0000000c     spi_test.obj (.const:g_ui32UARTBase)
                  000016e4    0000000c     spi_test.obj (.const:g_ui32UARTPeriph)
                  000016f0    00000008     driverlib.lib : sysctl.obj (.const)

.cinit     0    000016f8    00000030     
                  000016f8    0000000c     (__TI_handler_table)
                  00001704    00000004     --HOLE-- [fill = 0]
                  00001708    00000008     (.cinit..bss.load) [load image, compression = zero_init]
                  00001710    00000007     (.cinit..data.load) [load image, compression = lzss]
                  00001717    00000001     --HOLE-- [fill = 0]
                  00001718    00000010     (__TI_cinit_table)

.init_array 
*          0    00000000    00000000     UNINITIALIZED

.data      0    20000100    00000005     UNINITIALIZED
                  20000100    00000005     spi_test.obj (.data)

.bss       0    20000108    00000004     UNINITIALIZED
                  20000108    00000004     (.common:desire_angle)

.stack     0    20000000    00000100     UNINITIALIZED
                  20000000    00000004     rtsv7M4_T_le_v4SPD16_eabi.lib : boot_cortex_m.c.obj (.stack)
                  20000004    000000fc     --HOLE--

MODULE SUMMARY

       Module                          code   ro data   rw data
       ------                          ----   -------   -------
    .\
       spi_test.obj                    2050   24        9      
       tm4c1294ncpdt_startup_ccs.obj   12     520       0      
    +--+-------------------------------+------+---------+---------+
       Total:                          2062   544       9      
                                                               
    C:/ti/TivaWare_C_Series-2.1.3.156/driverlib/ccs/Debug/driverlib.lib
       sysctl.obj                      674    596       0      
       gpio.obj                        504    144       0      
       interrupt.obj                   120    112       0      
       ssi.obj                         118    0         0      
       pwm.obj                         110    0         0      
       uart.obj                        56     0         0      
       cpu.obj                         12     0         0      
    +--+-------------------------------+------+---------+---------+
       Total:                          1594   852       0      
                                                               
    C:\ti\ccsv7\tools\compiler\ti-cgt-arm_18.1.0.LTS\lib\rtsv7M4_T_le_v4SPD16_eabi.lib
       ctype.c.obj                     0      257       0      
       memcpy_t2.asm.obj               156    0         0      
       copy_decompress_lzss.c.obj      104    0         0      
       atoi.c.obj                      76     0         0      
       autoinit.c.obj                  68     0         0      
       u_divt2.asm.obj                 64     0         0      
       boot_cortex_m.c.obj             56     0         0      
       copy_zero_init.c.obj            18     0         0      
       copy_decompress_none.c.obj      14     0         0      
       exit.c.obj                      4      0         0      
       pre_init.c.obj                  4      0         0      
       div0.asm.obj                    2      0         0      
    +--+-------------------------------+------+---------+---------+
       Total:                          566    257       0      
                                                               
       Stack:                          0      0         256    
       Linker Generated:               0      43        0      
    +--+-------------------------------+------+---------+---------+
       Grand Total:                    4222   1696      265    


LINKER GENERATED COPY TABLES

__TI_cinit_table @ 00001718 records: 2, size/record: 8, table size: 16
	.bss: load addr=00001708, load size=00000008 bytes, run addr=20000108, run size=00000004 bytes, compression=zero_init
	.data: load addr=00001710, load size=00000007 bytes, run addr=20000100, run size=00000005 bytes, compression=lzss


LINKER GENERATED HANDLER TABLE

__TI_handler_table @ 000016f8 records: 3, size/record: 4, table size: 12
	index: 0, handler: __TI_decompress_lzss
	index: 1, handler: __TI_decompress_none
	index: 2, handler: __TI_zero_init


GLOBAL SYMBOLS: SORTED ALPHABETICALLY BY Name 

address   name                          
-------   ----                          
0000127b  C$$EXIT                       
00001209  CPUcpsie                      
00001065  GPIODirModeSet                
000009ef  GPIOPadConfigSet              
00000e19  GPIOPinConfigure              
00001109  GPIOPinTypeGPIOOutput         
00001135  GPIOPinTypePWM                
00001147  GPIOPinTypeSSI                
00001159  GPIOPinTypeUART               
0000125b  GPIOPinWrite                  
00000d81  InitConsole                   
00000c51  IntEnable                     
000011a1  IntMasterEnable               
0000108f  PWMGenConfigure               
00001215  PWMGenEnable                  
000011b1  PWMGenPeriodSet               
0000116b  PWMOutputState                
000010d1  PWMPulseWidthSet              
00000bbd  PWMconfig                     
00001261  ResetISR                      
0000124b  SSIBusy                       
00000fbd  SSIConfigSetExpClk            
00001221  SSIDataGet                    
0000117d  SSIDataGetNonBlocking         
0000122d  SSIDataPut                    
00001237  SSIEnable                     
00000619  SysCtlClockFreqSet            
00001267  SysCtlDelay                   
00001121  SysCtlPWMClockSet             
00001031  SysCtlPeripheralEnable        
000011d1  UARTCharGetNonBlocking        
000011df  UARTCharsAvail                
0000126d  UARTClockSourceSet            
00001273  UARTIntClear                  
00001253  UARTIntEnable                 
00000e61  UARTIntHandler                
00001241  UARTIntStatus                 
00000d21  UARTStdioConfig               
000010ef  UARTprintf                    
00000805  UARTvprintf                   
00000ea9  UARTwrite                     
20000100  __STACK_END                   
00000100  __STACK_SIZE                  
20000200  __STACK_TOP                   
00001718  __TI_CINIT_Base               
00001728  __TI_CINIT_Limit              
000016f8  __TI_Handler_Table_Base       
00001704  __TI_Handler_Table_Limit      
00000f39  __TI_auto_init_nobinit_nopinit
00000cb9  __TI_decompress_lzss          
000011ed  __TI_decompress_none          
ffffffff  __TI_pprof_out_hndl           
ffffffff  __TI_prof_data_size           
ffffffff  __TI_prof_data_start          
00000000  __TI_static_base__            
0000118f  __TI_zero_init_nomemset       
00001285  __aeabi_idiv0                 
00001285  __aeabi_ldiv0                 
00000b21  __aeabi_memcpy                
00000b21  __aeabi_memcpy4               
00000b21  __aeabi_memcpy8               
00000f7d  __aeabi_uidiv                 
00000f7d  __aeabi_uidivmod              
ffffffff  __binit__                     
ffffffff  __c_args__                    
UNDEFED   __mpu_init                    
20000000  __stack                       
00000ff9  _c_int00_noargs               
00001438  _ctypes_                      
UNDEFED   _system_post_cinit            
00001277  _system_pre_init              
0000127b  abort                         
00000dcd  atoi                          
ffffffff  binit                         
000011fb  delayMS                       
20000108  desire_angle                  
00000000  g_pfnVectors                  
00000209  main                          
00000b21  memcpy                        
000011c1  motorPWM2                     


GLOBAL SYMBOLS: SORTED BY Symbol Address 

address   name                          
-------   ----                          
00000000  __TI_static_base__            
00000000  g_pfnVectors                  
00000100  __STACK_SIZE                  
00000209  main                          
00000619  SysCtlClockFreqSet            
00000805  UARTvprintf                   
000009ef  GPIOPadConfigSet              
00000b21  __aeabi_memcpy                
00000b21  __aeabi_memcpy4               
00000b21  __aeabi_memcpy8               
00000b21  memcpy                        
00000bbd  PWMconfig                     
00000c51  IntEnable                     
00000cb9  __TI_decompress_lzss          
00000d21  UARTStdioConfig               
00000d81  InitConsole                   
00000dcd  atoi                          
00000e19  GPIOPinConfigure              
00000e61  UARTIntHandler                
00000ea9  UARTwrite                     
00000f39  __TI_auto_init_nobinit_nopinit
00000f7d  __aeabi_uidiv                 
00000f7d  __aeabi_uidivmod              
00000fbd  SSIConfigSetExpClk            
00000ff9  _c_int00_noargs               
00001031  SysCtlPeripheralEnable        
00001065  GPIODirModeSet                
0000108f  PWMGenConfigure               
000010d1  PWMPulseWidthSet              
000010ef  UARTprintf                    
00001109  GPIOPinTypeGPIOOutput         
00001121  SysCtlPWMClockSet             
00001135  GPIOPinTypePWM                
00001147  GPIOPinTypeSSI                
00001159  GPIOPinTypeUART               
0000116b  PWMOutputState                
0000117d  SSIDataGetNonBlocking         
0000118f  __TI_zero_init_nomemset       
000011a1  IntMasterEnable               
000011b1  PWMGenPeriodSet               
000011c1  motorPWM2                     
000011d1  UARTCharGetNonBlocking        
000011df  UARTCharsAvail                
000011ed  __TI_decompress_none          
000011fb  delayMS                       
00001209  CPUcpsie                      
00001215  PWMGenEnable                  
00001221  SSIDataGet                    
0000122d  SSIDataPut                    
00001237  SSIEnable                     
00001241  UARTIntStatus                 
0000124b  SSIBusy                       
00001253  UARTIntEnable                 
0000125b  GPIOPinWrite                  
00001261  ResetISR                      
00001267  SysCtlDelay                   
0000126d  UARTClockSourceSet            
00001273  UARTIntClear                  
00001277  _system_pre_init              
0000127b  C$$EXIT                       
0000127b  abort                         
00001285  __aeabi_idiv0                 
00001285  __aeabi_ldiv0                 
00001438  _ctypes_                      
000016f8  __TI_Handler_Table_Base       
00001704  __TI_Handler_Table_Limit      
00001718  __TI_CINIT_Base               
00001728  __TI_CINIT_Limit              
20000000  __stack                       
20000100  __STACK_END                   
20000108  desire_angle                  
20000200  __STACK_TOP                   
ffffffff  __TI_pprof_out_hndl           
ffffffff  __TI_prof_data_size           
ffffffff  __TI_prof_data_start          
ffffffff  __binit__                     
ffffffff  __c_args__                    
ffffffff  binit                         
UNDEFED   __mpu_init                    
UNDEFED   _system_post_cinit            

[80 symbols]
