******************************************************************************
                  TI ARM Linker PC v18.1.0                     
******************************************************************************
>> Linked Wed Mar 14 14:38:41 2018

OUTPUT FILE NAME:   <spi_encoder_test.out>
ENTRY POINT SYMBOL: "_c_int00_noargs"  address: 00000c09


MEMORY CONFIGURATION

         name            origin    length      used     unused   attr    fill
----------------------  --------  ---------  --------  --------  ----  --------
  FLASH                 00000000   00100000  00001094  000fef6c  R  X
  SRAM                  20000000   00040000  00000105  0003fefb  RW X


SEGMENT ALLOCATION MAP

run origin  load origin   length   init length attrs members
----------  ----------- ---------- ----------- ----- -------
00000000    00000000    00001098   00001098    r-x
  00000000    00000000    00000208   00000208    r-- .intvecs
  00000208    00000208    00000b78   00000b78    r-x .text
  00000d80    00000d80    000002fc   000002fc    r-- .const
  00001080    00001080    00000018   00000018    r-- .cinit
20000000    20000000    00000105   00000000    rw-
  20000000    20000000    00000100   00000000    rw- .stack
  20000100    20000100    00000005   00000000    rw- .data


SECTION ALLOCATION MAP

 output                                  attributes/
section   page    origin      length       input sections
--------  ----  ----------  ----------   ----------------
.intvecs   0    00000000    00000208     
                  00000000    00000208     tm4c1294ncpdt_startup_ccs.obj (.intvecs)

.text      0    00000208    00000b78     
                  00000208    000001ec     driverlib.lib : sysctl.obj (.text:SysCtlClockFreqSet)
                  000003f4    000001ea     spi_test.obj (.text:UARTvprintf)
                  000005de    00000002     tm4c1294ncpdt_startup_ccs.obj (.text:FaultISR)
                  000005e0    000001ac     spi_test.obj (.text:main)
                  0000078c    00000132     driverlib.lib : gpio.obj (.text:GPIOPadConfigSet)
                  000008be    0000009c     rtsv7M4_T_le_v4SPD16_eabi.lib : memcpy_t2.asm.obj (.text)
                  0000095a    00000068                                   : copy_decompress_lzss.c.obj (.text:decompress:lzss:__TI_decompress_lzss)
                  000009c2    00000002     tm4c1294ncpdt_startup_ccs.obj (.text:IntDefaultHandler)
                  000009c4    00000060     spi_test.obj (.text:UARTStdioConfig)
                  00000a24    0000004c     spi_test.obj (.text:InitConsole)
                  00000a70    00000048     driverlib.lib : gpio.obj (.text:GPIOPinConfigure)
                  00000ab8    00000048     spi_test.obj (.text:UARTwrite)
                  00000b00    00000048     driverlib.lib : sysctl.obj (.text:_SysCtlFrequencyGet)
                  00000b48    00000044     rtsv7M4_T_le_v4SPD16_eabi.lib : autoinit.c.obj (.text:__TI_auto_init_nobinit_nopinit:__TI_auto_init_nobinit_nopinit)
                  00000b8c    00000040                                   : u_divt2.asm.obj (.text)
                  00000bcc    0000003c     driverlib.lib : ssi.obj (.text:SSIConfigSetExpClk)
                  00000c08    00000038     rtsv7M4_T_le_v4SPD16_eabi.lib : boot_cortex_m.c.obj (.text:_c_int00_noargs:_c_int00_noargs)
                  00000c40    00000034     driverlib.lib : sysctl.obj (.text:SysCtlPeripheralEnable)
                  00000c74    0000002a                   : gpio.obj (.text:GPIODirModeSet)
                  00000c9e    00000002     tm4c1294ncpdt_startup_ccs.obj (.text:NmiSR)
                  00000ca0    00000020     driverlib.lib : sysctl.obj (.text:_SysCtlMemTimingGet)
                  00000cc0    0000001a     spi_test.obj (.text:UARTprintf)
                  00000cda    00000018     driverlib.lib : gpio.obj (.text:GPIOPinTypeGPIOOutput)
                  00000cf2    00000012                   : gpio.obj (.text:GPIOPinTypeSSI)
                  00000d04    00000012                   : gpio.obj (.text:GPIOPinTypeUART)
                  00000d16    00000012                   : ssi.obj (.text:SSIDataGetNonBlocking)
                  00000d28    0000000e     rtsv7M4_T_le_v4SPD16_eabi.lib : copy_decompress_none.c.obj (.text:decompress:none:__TI_decompress_none)
                  00000d36    0000000c     driverlib.lib : ssi.obj (.text:SSIDataGet)
                  00000d42    0000000a                   : ssi.obj (.text:SSIDataPut)
                  00000d4c    0000000a                   : ssi.obj (.text:SSIEnable)
                  00000d56    00000008                   : ssi.obj (.text:SSIBusy)
                  00000d5e    00000006                   : gpio.obj (.text:GPIOPinWrite)
                  00000d64    00000006     tm4c1294ncpdt_startup_ccs.obj (.text:ResetISR)
                  00000d6a    00000006     driverlib.lib : sysctl.obj (.text:SysCtlDelay)
                  00000d70    00000006                   : uart.obj (.text:UARTClockSourceSet)
                  00000d76    00000004     rtsv7M4_T_le_v4SPD16_eabi.lib : pre_init.c.obj (.text:_system_pre_init)
                  00000d7a    00000004                                   : exit.c.obj (.text:abort:abort)
                  00000d7e    00000002                                   : div0.asm.obj (.text)

.const     0    00000d80    000002fc     
                  00000d80    000001b0     driverlib.lib : sysctl.obj (.const:g_pppui32XTALtoVCO)
                  00000f30    00000090                   : gpio.obj (.const:g_pui32GPIOBaseAddrs)
                  00000fc0    0000006c                   : sysctl.obj (.const:g_pui32Xtals)
                  0000102c    00000030                   : sysctl.obj (.const:g_sXTALtoMEMTIM)
                  0000105c    0000000c     spi_test.obj (.const:g_ui32UARTBase)
                  00001068    0000000c     spi_test.obj (.const:g_ui32UARTPeriph)
                  00001074    00000008     driverlib.lib : sysctl.obj (.const)

.cinit     0    00001080    00000018     
                  00001080    00000008     (__TI_handler_table)
                  00001088    00000007     (.cinit..data.load) [load image, compression = lzss]
                  0000108f    00000001     --HOLE-- [fill = 0]
                  00001090    00000008     (__TI_cinit_table)

.init_array 
*          0    00000000    00000000     UNINITIALIZED

.data      0    20000100    00000005     UNINITIALIZED
                  20000100    00000005     spi_test.obj (.data)

.stack     0    20000000    00000100     UNINITIALIZED
                  20000000    00000004     rtsv7M4_T_le_v4SPD16_eabi.lib : boot_cortex_m.c.obj (.stack)
                  20000004    000000fc     --HOLE--

MODULE SUMMARY

       Module                          code   ro data   rw data
       ------                          ----   -------   -------
    .\
       spi_test.obj                    1188   24        5      
       tm4c1294ncpdt_startup_ccs.obj   12     520       0      
    +--+-------------------------------+------+---------+---------+
       Total:                          1200   544       5      
                                                               
    C:/ti/TivaWare_C_Series-2.1.3.156/driverlib/ccs/Debug/driverlib.lib
       sysctl.obj                      654    596       0      
       gpio.obj                        486    144       0      
       ssi.obj                         118    0         0      
       uart.obj                        6      0         0      
    +--+-------------------------------+------+---------+---------+
       Total:                          1264   740       0      
                                                               
    C:\ti\ccsv7\tools\compiler\ti-cgt-arm_18.1.0.LTS\lib\rtsv7M4_T_le_v4SPD16_eabi.lib
       memcpy_t2.asm.obj               156    0         0      
       copy_decompress_lzss.c.obj      104    0         0      
       autoinit.c.obj                  68     0         0      
       u_divt2.asm.obj                 64     0         0      
       boot_cortex_m.c.obj             56     0         0      
       copy_decompress_none.c.obj      14     0         0      
       exit.c.obj                      4      0         0      
       pre_init.c.obj                  4      0         0      
       div0.asm.obj                    2      0         0      
    +--+-------------------------------+------+---------+---------+
       Total:                          472    0         0      
                                                               
       Stack:                          0      0         256    
       Linker Generated:               0      23        0      
    +--+-------------------------------+------+---------+---------+
       Grand Total:                    2936   1307      261    


LINKER GENERATED COPY TABLES

__TI_cinit_table @ 00001090 records: 1, size/record: 8, table size: 8
	.data: load addr=00001088, load size=00000007 bytes, run addr=20000100, run size=00000005 bytes, compression=lzss


LINKER GENERATED HANDLER TABLE

__TI_handler_table @ 00001080 records: 2, size/record: 4, table size: 8
	index: 0, handler: __TI_decompress_lzss
	index: 1, handler: __TI_decompress_none


GLOBAL SYMBOLS: SORTED ALPHABETICALLY BY Name 

address   name                          
-------   ----                          
00000d7b  C$$EXIT                       
00000c75  GPIODirModeSet                
0000078d  GPIOPadConfigSet              
00000a71  GPIOPinConfigure              
00000cdb  GPIOPinTypeGPIOOutput         
00000cf3  GPIOPinTypeSSI                
00000d05  GPIOPinTypeUART               
00000d5f  GPIOPinWrite                  
00000a25  InitConsole                   
00000d65  ResetISR                      
00000d57  SSIBusy                       
00000bcd  SSIConfigSetExpClk            
00000d37  SSIDataGet                    
00000d17  SSIDataGetNonBlocking         
00000d43  SSIDataPut                    
00000d4d  SSIEnable                     
00000209  SysCtlClockFreqSet            
00000d6b  SysCtlDelay                   
00000c41  SysCtlPeripheralEnable        
00000d71  UARTClockSourceSet            
000009c5  UARTStdioConfig               
00000cc1  UARTprintf                    
000003f5  UARTvprintf                   
00000ab9  UARTwrite                     
20000100  __STACK_END                   
00000100  __STACK_SIZE                  
20000200  __STACK_TOP                   
00001090  __TI_CINIT_Base               
00001098  __TI_CINIT_Limit              
00001080  __TI_Handler_Table_Base       
00001088  __TI_Handler_Table_Limit      
00000b49  __TI_auto_init_nobinit_nopinit
0000095b  __TI_decompress_lzss          
00000d29  __TI_decompress_none          
ffffffff  __TI_pprof_out_hndl           
ffffffff  __TI_prof_data_size           
ffffffff  __TI_prof_data_start          
00000000  __TI_static_base__            
00000d7f  __aeabi_idiv0                 
00000d7f  __aeabi_ldiv0                 
000008bf  __aeabi_memcpy                
000008bf  __aeabi_memcpy4               
000008bf  __aeabi_memcpy8               
00000b8d  __aeabi_uidiv                 
00000b8d  __aeabi_uidivmod              
ffffffff  __binit__                     
ffffffff  __c_args__                    
UNDEFED   __mpu_init                    
20000000  __stack                       
00000c09  _c_int00_noargs               
UNDEFED   _system_post_cinit            
00000d77  _system_pre_init              
00000d7b  abort                         
ffffffff  binit                         
00000000  g_pfnVectors                  
000005e1  main                          
000008bf  memcpy                        


GLOBAL SYMBOLS: SORTED BY Symbol Address 

address   name                          
-------   ----                          
00000000  __TI_static_base__            
00000000  g_pfnVectors                  
00000100  __STACK_SIZE                  
00000209  SysCtlClockFreqSet            
000003f5  UARTvprintf                   
000005e1  main                          
0000078d  GPIOPadConfigSet              
000008bf  __aeabi_memcpy                
000008bf  __aeabi_memcpy4               
000008bf  __aeabi_memcpy8               
000008bf  memcpy                        
0000095b  __TI_decompress_lzss          
000009c5  UARTStdioConfig               
00000a25  InitConsole                   
00000a71  GPIOPinConfigure              
00000ab9  UARTwrite                     
00000b49  __TI_auto_init_nobinit_nopinit
00000b8d  __aeabi_uidiv                 
00000b8d  __aeabi_uidivmod              
00000bcd  SSIConfigSetExpClk            
00000c09  _c_int00_noargs               
00000c41  SysCtlPeripheralEnable        
00000c75  GPIODirModeSet                
00000cc1  UARTprintf                    
00000cdb  GPIOPinTypeGPIOOutput         
00000cf3  GPIOPinTypeSSI                
00000d05  GPIOPinTypeUART               
00000d17  SSIDataGetNonBlocking         
00000d29  __TI_decompress_none          
00000d37  SSIDataGet                    
00000d43  SSIDataPut                    
00000d4d  SSIEnable                     
00000d57  SSIBusy                       
00000d5f  GPIOPinWrite                  
00000d65  ResetISR                      
00000d6b  SysCtlDelay                   
00000d71  UARTClockSourceSet            
00000d77  _system_pre_init              
00000d7b  C$$EXIT                       
00000d7b  abort                         
00000d7f  __aeabi_idiv0                 
00000d7f  __aeabi_ldiv0                 
00001080  __TI_Handler_Table_Base       
00001088  __TI_Handler_Table_Limit      
00001090  __TI_CINIT_Base               
00001098  __TI_CINIT_Limit              
20000000  __stack                       
20000100  __STACK_END                   
20000200  __STACK_TOP                   
ffffffff  __TI_pprof_out_hndl           
ffffffff  __TI_prof_data_size           
ffffffff  __TI_prof_data_start          
ffffffff  __binit__                     
ffffffff  __c_args__                    
ffffffff  binit                         
UNDEFED   __mpu_init                    
UNDEFED   _system_post_cinit            

[57 symbols]
